Archive member included to satisfy reference by file (symbol)

.\CortexM0\ARM_GCC_541\Debug\CarVolt1.a(I2C.o)
                              .\CortexM0\ARM_GCC_541\Debug\main.o (I2C_Start)
.\CortexM0\ARM_GCC_541\Debug\CarVolt1.a(I2C_I2C.o)
                              .\CortexM0\ARM_GCC_541\Debug\CarVolt1.a(I2C.o) (I2C_I2CInit)
.\CortexM0\ARM_GCC_541\Debug\CarVolt1.a(I2C_I2C_MASTER.o)
                              .\CortexM0\ARM_GCC_541\Debug\CarVolt1.a(I2C_I2C.o) (I2C_mstrRdBufIndex)
.\CortexM0\ARM_GCC_541\Debug\CarVolt1.a(ADC.o)
                              .\CortexM0\ARM_GCC_541\Debug\main.o (ADC_Start)
.\CortexM0\ARM_GCC_541\Debug\CarVolt1.a(ADC_INT.o)
                              .\CortexM0\ARM_GCC_541\Debug\CarVolt1.a(ADC.o) (ADC_ISR)
.\CortexM0\ARM_GCC_541\Debug\CarVolt1.a(I2C_sda.o)
                              .\CortexM0\ARM_GCC_541\Debug\CarVolt1.a(I2C_I2C_MASTER.o) (I2C_sda_Read)
.\CortexM0\ARM_GCC_541\Debug\CarVolt1.a(I2C_scl.o)
                              .\CortexM0\ARM_GCC_541\Debug\CarVolt1.a(I2C_I2C_MASTER.o) (I2C_scl_Write)
.\CortexM0\ARM_GCC_541\Debug\CarVolt1.a(CyLib.o)
                              .\CortexM0\ARM_GCC_541\Debug\cyfitter_cfg.o (CyIntEnable)
.\CortexM0\ARM_GCC_541\Debug\CarVolt1.a(CyLFClk.o)
                              .\CortexM0\ARM_GCC_541\Debug\cyfitter_cfg.o (CySysWdtIsr)
.\CortexM0\ARM_GCC_541\Debug\CarVolt1.a(TX.o)
                              .\CortexM0\ARM_GCC_541\Debug\main.o (TX_Start)
.\CortexM0\ARM_GCC_541\Debug\CarVolt1.a(CyBootAsmGnu.o)
                              .\CortexM0\ARM_GCC_541\Debug\CarVolt1.a(CyLib.o) (CyDelayCycles)
.\CortexM0\ARM_GCC_541\Debug\CarVolt1.a(TX_AsmGnu.o)
                              .\CortexM0\ARM_GCC_541\Debug\main.o (TX_PutChar)
.\CortexM0\ARM_GCC_541\Debug\CarVolt1.a(I2C_I2C_INT.o)
                              .\CortexM0\ARM_GCC_541\Debug\CarVolt1.a(I2C_I2C.o) (I2C_I2C_ISR)
c:/program files (x86)/cypress/psoc creator/4.4/psoc creator/import/gnu/arm/5.4.1/bin/../lib/gcc/arm-none-eabi/5.4.1/armv6-m\libgcc.a(_udivsi3.o)
                              .\CortexM0\ARM_GCC_541\Debug\CarVolt1.a(CyLib.o) (__aeabi_uidiv)
c:/program files (x86)/cypress/psoc creator/4.4/psoc creator/import/gnu/arm/5.4.1/bin/../lib/gcc/arm-none-eabi/5.4.1/armv6-m\libgcc.a(_divsi3.o)
                              .\CortexM0\ARM_GCC_541\Debug\CarVolt1.a(ADC.o) (__aeabi_idiv)
c:/program files (x86)/cypress/psoc creator/4.4/psoc creator/import/gnu/arm/5.4.1/bin/../lib/gcc/arm-none-eabi/5.4.1/armv6-m\libgcc.a(_dvmd_tls.o)
                              c:/program files (x86)/cypress/psoc creator/4.4/psoc creator/import/gnu/arm/5.4.1/bin/../lib/gcc/arm-none-eabi/5.4.1/armv6-m\libgcc.a(_udivsi3.o) (__aeabi_idiv0)
c:/program files (x86)/cypress/psoc creator/4.4/psoc creator/import/gnu/arm/5.4.1/bin/../lib/gcc/arm-none-eabi/5.4.1/armv6-m\libgcc.a(_arm_cmpsf2.o)
                              .\CortexM0\ARM_GCC_541\Debug\main.o (__aeabi_fcmplt)
c:/program files (x86)/cypress/psoc creator/4.4/psoc creator/import/gnu/arm/5.4.1/bin/../lib/gcc/arm-none-eabi/5.4.1/armv6-m\libgcc.a(_aeabi_ldivmod.o)
                              .\CortexM0\ARM_GCC_541\Debug\CarVolt1.a(ADC.o) (__aeabi_ldivmod)
c:/program files (x86)/cypress/psoc creator/4.4/psoc creator/import/gnu/arm/5.4.1/bin/../lib/gcc/arm-none-eabi/5.4.1/armv6-m\libgcc.a(_muldi3.o)
                              .\CortexM0\ARM_GCC_541\Debug\CarVolt1.a(ADC.o) (__aeabi_lmul)
c:/program files (x86)/cypress/psoc creator/4.4/psoc creator/import/gnu/arm/5.4.1/bin/../lib/gcc/arm-none-eabi/5.4.1/armv6-m\libgcc.a(bpabi.o)
                              c:/program files (x86)/cypress/psoc creator/4.4/psoc creator/import/gnu/arm/5.4.1/bin/../lib/gcc/arm-none-eabi/5.4.1/armv6-m\libgcc.a(_aeabi_ldivmod.o) (__gnu_ldivmod_helper)
c:/program files (x86)/cypress/psoc creator/4.4/psoc creator/import/gnu/arm/5.4.1/bin/../lib/gcc/arm-none-eabi/5.4.1/armv6-m\libgcc.a(addsf3.o)
                              .\CortexM0\ARM_GCC_541\Debug\main.o (__aeabi_fadd)
c:/program files (x86)/cypress/psoc creator/4.4/psoc creator/import/gnu/arm/5.4.1/bin/../lib/gcc/arm-none-eabi/5.4.1/armv6-m\libgcc.a(divsf3.o)
                              .\CortexM0\ARM_GCC_541\Debug\main.o (__aeabi_fdiv)
c:/program files (x86)/cypress/psoc creator/4.4/psoc creator/import/gnu/arm/5.4.1/bin/../lib/gcc/arm-none-eabi/5.4.1/armv6-m\libgcc.a(eqsf2.o)
                              c:/program files (x86)/cypress/psoc creator/4.4/psoc creator/import/gnu/arm/5.4.1/bin/../lib/gcc/arm-none-eabi/5.4.1/armv6-m\libgcc.a(_arm_cmpsf2.o) (__eqsf2)
c:/program files (x86)/cypress/psoc creator/4.4/psoc creator/import/gnu/arm/5.4.1/bin/../lib/gcc/arm-none-eabi/5.4.1/armv6-m\libgcc.a(gesf2.o)
                              c:/program files (x86)/cypress/psoc creator/4.4/psoc creator/import/gnu/arm/5.4.1/bin/../lib/gcc/arm-none-eabi/5.4.1/armv6-m\libgcc.a(_arm_cmpsf2.o) (__gesf2)
[...]
Memory Configuration

Name             Origin             Length             Attributes
rom              0x00000000         0x00008000         xr
ram              0x20000000         0x00001000         xrw
*default*        0x00000000         0xffffffff

Linker script and memory map

LOAD c:/program files (x86)/cypress/psoc creator/4.4/psoc creator/import/gnu/arm/5.4.1/bin/../lib/gcc/arm-none-eabi/5.4.1/armv6-m/crti.o
LOAD c:/program files (x86)/cypress/psoc creator/4.4/psoc creator/import/gnu/arm/5.4.1/bin/../lib/gcc/arm-none-eabi/5.4.1/armv6-m/crtbegin.o
LOAD c:/program files (x86)/cypress/psoc creator/4.4/psoc creator/import/gnu/arm/5.4.1/bin/../lib/gcc/arm-none-eabi/5.4.1/../../../../arm-none-eabi/lib/armv6-m/crt0.o
START GROUP
LOAD .\CortexM0\ARM_GCC_541\Debug\main.o
LOAD .\CortexM0\ARM_GCC_541\Debug\ssd1306.o
LOAD .\CortexM0\ARM_GCC_541\Debug\cyfitter_cfg.o
LOAD .\CortexM0\ARM_GCC_541\Debug\cybootloader.o
LOAD .\CortexM0\ARM_GCC_541\Debug\cymetadata.o
LOAD .\CortexM0\ARM_GCC_541\Debug\Cm0Start.o
LOAD .\CortexM0\ARM_GCC_541\Debug\CarVolt1.a
END GROUP
START GROUP
LOAD c:/program files (x86)/cypress/psoc creator/4.4/psoc creator/import/gnu/arm/5.4.1/bin/../lib/gcc/arm-none-eabi/5.4.1/armv6-m\libgcc.a
LOAD c:/program files (x86)/cypress/psoc creator/4.4/psoc creator/import/gnu/arm/5.4.1/bin/../lib/gcc/arm-none-eabi/5.4.1/../../../../arm-none-eabi/lib/armv6-m\libg_nano.a
LOAD c:/program files (x86)/cypress/psoc creator/4.4/psoc creator/import/gnu/arm/5.4.1/bin/../lib/gcc/arm-none-eabi/5.4.1/../../../../arm-none-eabi/lib/armv6-m\libc_nano.a
END GROUP
START GROUP
LOAD c:/program files (x86)/cypress/psoc creator/4.4/psoc creator/import/gnu/arm/5.4.1/bin/../lib/gcc/arm-none-eabi/5.4.1/armv6-m\libgcc.a
LOAD c:/program files (x86)/cypress/psoc creator/4.4/psoc creator/import/gnu/arm/5.4.1/bin/../lib/gcc/arm-none-eabi/5.4.1/../../../../arm-none-eabi/lib/armv6-m\libc_nano.a
END GROUP
LOAD c:/program files (x86)/cypress/psoc creator/4.4/psoc creator/import/gnu/arm/5.4.1/bin/../lib/gcc/arm-none-eabi/5.4.1/armv6-m/crtend.o
LOAD c:/program files (x86)/cypress/psoc creator/4.4/psoc creator/import/gnu/arm/5.4.1/bin/../lib/gcc/arm-none-eabi/5.4.1/armv6-m/crtn.o
START GROUP
LOAD c:/program files (x86)/cypress/psoc creator/4.4/psoc creator/import/gnu/arm/5.4.1/bin/../lib/gcc/arm-none-eabi/5.4.1/armv6-m\libgcc.a
LOAD c:/program files (x86)/cypress/psoc creator/4.4/psoc creator/import/gnu/arm/5.4.1/bin/../lib/gcc/arm-none-eabi/5.4.1/../../../../arm-none-eabi/lib/armv6-m\libc.a
LOAD c:/program files (x86)/cypress/psoc creator/4.4/psoc creator/import/gnu/arm/5.4.1/bin/../lib/gcc/arm-none-eabi/5.4.1/../../../../arm-none-eabi/lib/armv6-m\libnosys.a
END GROUP
                0x00000000                CY_APPL_ORIGIN = 0x0
                0x00000080                CY_FLASH_ROW_SIZE = 0x80
                0x00000001                CY_APPL_NUM = 0x1
                0x00000001                CY_APPL_MAX = 0x1
                0x00000040                CY_METADATA_SIZE = 0x40
                0x00000001                CY_APPL_LOADABLE = 0x1
                0x00000000                CY_CHECKSUM_EXCLUDE_SIZE = ALIGN (0x0, CY_FLASH_ROW_SIZE)
                0x00000000                CY_APP_FOR_STACK_AND_COPIER = 0x0
                [!provide]                PROVIDE (__cy_heap_start, _end)
                0x00000001                PROVIDE (__cy_region_num, ((__cy_regions_end - __cy_regions) / 0x10))
                0x20001000                PROVIDE (__cy_stack, (ORIGIN (ram) + LENGTH (ram)))
                [!provide]                PROVIDE (__cy_heap_end, (__cy_stack - 0x400))

.cybootloader   0x00000000     0x1f00
 *(.cybootloader)
 .cybootloader  0x00000000     0x1f00 .\CortexM0\ARM_GCC_541\Debug\cybootloader.o
                0x00000000                cy_bootloader
                0x00001f00                appl1_start = CY_APPL_ORIGIN?CY_APPL_ORIGIN:ALIGN (CY_FLASH_ROW_SIZE)
                0x00004f00                appl2_start = (appl1_start + ALIGN ((((LENGTH (rom) - appl1_start) - (0x2 * CY_FLASH_ROW_SIZE)) / 0x2), CY_FLASH_ROW_SIZE))
                0x00001f00                appl_start = (CY_APPL_NUM == 0x1)?appl1_start:appl2_start
                0x00000000                cy_project_type_bootloader = (appl_start == 0x0)?0x1:0x0
                0x00000000                cy_project_type_app_for_stack_and_copier = (CY_APP_FOR_STACK_AND_COPIER == 0x1)?0x1:0x0

.text           0x00001f00     0x420a
 CREATE_OBJECT_SYMBOLS
                0x00001f00                PROVIDE (__cy_interrupt_vector, RomVectors)
 *(.romvectors)
 .romvectors    0x00001f00       0x10 .\CortexM0\ARM_GCC_541\Debug\Cm0Start.o
                0x00001f00                RomVectors
                0x00000001                ASSERT ((. != __cy_interrupt_vector), No interrupt vector)
                0x00000001                ASSERT (CY_APPL_ORIGIN?(SIZEOF (.cybootloader) <= CY_APPL_ORIGIN):0x1, Wrong image location)
                0x00001f10                PROVIDE (__cy_reset, Reset)
 *(.text.Reset)
 .text.Reset    0x00001f10       0x10 .\CortexM0\ARM_GCC_541\Debug\Cm0Start.o
                0x00001f10                Reset
                0x00000001                ASSERT ((. != __cy_reset), No reset code)
 *(.psocinit)
 .psocinit      0x00001f20      0x13c .\CortexM0\ARM_GCC_541\Debug\cyfitter_cfg.o
                0x00001fb0                cyfitter_cfg
                0x0000205c                . = MAX (., 0x100)
 *(.text .text.* .gnu.linkonce.t.*)
 .text          0x0000205c       0x60 c:/program files (x86)/cypress/psoc creator/4.4/psoc creator/import/gnu/arm/5.4.1/bin/../lib/gcc/arm-none-eabi/5.4.1/armv6-m/crtbegin.o
 .text.readanalog
                0x000020bc       0x20 .\CortexM0\ARM_GCC_541\Debug\main.o
                0x000020bc                readanalog
 .text.main     0x000020dc      0x1c0 .\CortexM0\ARM_GCC_541\Debug\main.o
                0x000020dc                main
 .text.display_setPixel
                0x0000229c       0x8c .\CortexM0\ARM_GCC_541\Debug\ssd1306.o
 .text.display_line
                0x00002328      0x14c .\CortexM0\ARM_GCC_541\Debug\ssd1306.o
 .text.gfx_rotation_adjust
                0x00002474       0x64 .\CortexM0\ARM_GCC_541\Debug\ssd1306.o
 .text.gfx_hvLine
                0x000024d8      0x144 .\CortexM0\ARM_GCC_541\Debug\ssd1306.o
 .text.display_write_buf
                0x0000261c       0x44 .\CortexM0\ARM_GCC_541\Debug\ssd1306.o
 .text.display_clear
                0x00002660       0x1c .\CortexM0\ARM_GCC_541\Debug\ssd1306.o
                0x00002660                display_clear
 .text.display_update
                0x0000267c       0x30 .\CortexM0\ARM_GCC_541\Debug\ssd1306.o
                0x0000267c                display_update
 .text.gfx_init
                0x000026ac       0x40 .\CortexM0\ARM_GCC_541\Debug\ssd1306.o
                0x000026ac                gfx_init
 .text.display_init
                0x000026ec       0x30 .\CortexM0\ARM_GCC_541\Debug\ssd1306.o
                0x000026ec                display_init
 .text.gfx_width
                0x0000271c        0xc .\CortexM0\ARM_GCC_541\Debug\ssd1306.o
                0x0000271c                gfx_width
 .text.gfx_height
                0x00002728        0xc .\CortexM0\ARM_GCC_541\Debug\ssd1306.o
                0x00002728                gfx_height
 .text.gfx_setCursor
                0x00002734        0xc .\CortexM0\ARM_GCC_541\Debug\ssd1306.o
                0x00002734                gfx_setCursor
 .text.gfx_setTextSize
                0x00002740       0x10 .\CortexM0\ARM_GCC_541\Debug\ssd1306.o
                0x00002740                gfx_setTextSize
 .text.gfx_setTextColor
                0x00002750        0xc .\CortexM0\ARM_GCC_541\Debug\ssd1306.o
                0x00002750                gfx_setTextColor
 .text.gfx_drawPixel
                0x0000275c       0x50 .\CortexM0\ARM_GCC_541\Debug\ssd1306.o
                0x0000275c                gfx_drawPixel
 .text.gfx_drawLine
                0x000027ac       0xd8 .\CortexM0\ARM_GCC_541\Debug\ssd1306.o
                0x000027ac                gfx_drawLine
 .text.gfx_fillRect
                0x00002884       0x70 .\CortexM0\ARM_GCC_541\Debug\ssd1306.o
                0x00002884                gfx_fillRect
 .text.gfx_drawChar
                0x000028f4      0x114 .\CortexM0\ARM_GCC_541\Debug\ssd1306.o
                0x000028f4                gfx_drawChar
 .text.gfx_write
                0x00002a08       0x80 .\CortexM0\ARM_GCC_541\Debug\ssd1306.o
                0x00002a08                gfx_write
 .text.gfx_print
                0x00002a88       0x1c .\CortexM0\ARM_GCC_541\Debug\ssd1306.o
                0x00002a88                gfx_print
 .text.gfx_println
                0x00002aa4       0x10 .\CortexM0\ARM_GCC_541\Debug\ssd1306.o
                0x00002aa4                gfx_println
 .text.CYMEMZERO
                0x00002ab4        0xc .\CortexM0\ARM_GCC_541\Debug\cyfitter_cfg.o
 .text.SetAnalogRoutingPumps
                0x00002ac0       0x20 .\CortexM0\ARM_GCC_541\Debug\cyfitter_cfg.o
                0x00002ac0                SetAnalogRoutingPumps
 .text.AnalogSetDefault
                0x00002ae0       0x1c .\CortexM0\ARM_GCC_541\Debug\cyfitter_cfg.o
 .text.IntDefaultHandler
                0x00002afc       0x10 .\CortexM0\ARM_GCC_541\Debug\Cm0Start.o
                0x00002afc                IntDefaultHandler
 .text._sbrk    0x00002b0c       0x30 .\CortexM0\ARM_GCC_541\Debug\Cm0Start.o
                0x00002b0c                _sbrk
 .text.Start_c  0x00002b3c       0x48 .\CortexM0\ARM_GCC_541\Debug\Cm0Start.o
                0x00002b3c                Start_c
 .text.initialize_psoc
                0x00002b84       0x50 .\CortexM0\ARM_GCC_541\Debug\Cm0Start.o
                0x00002b84                initialize_psoc
 .text.I2C_ScbEnableIntr
                0x00002bd4        0xc .\CortexM0\ARM_GCC_541\Debug\CarVolt1.a(I2C.o)
 .text.I2C_Init
                0x00002be0        0x8 .\CortexM0\ARM_GCC_541\Debug\CarVolt1.a(I2C.o)
                0x00002be0                I2C_Init
 .text.I2C_Enable
                0x00002be8       0x18 .\CortexM0\ARM_GCC_541\Debug\CarVolt1.a(I2C.o)
                0x00002be8                I2C_Enable
 .text.I2C_Start
                0x00002c00       0x20 .\CortexM0\ARM_GCC_541\Debug\CarVolt1.a(I2C.o)
                0x00002c00                I2C_Start
 .text.I2C_I2CInit
                0x00002c20       0xc4 .\CortexM0\ARM_GCC_541\Debug\CarVolt1.a(I2C_I2C.o)
                0x00002c20                I2C_I2CInit
 .text.I2C_I2CFwBlockReset
                0x00002ce4       0x94 .\CortexM0\ARM_GCC_541\Debug\CarVolt1.a(I2C_I2C.o)
                0x00002ce4                I2C_I2CFwBlockReset
 .text.I2C_I2CMasterGetWriteBufSize
                0x00002d78        0xc .\CortexM0\ARM_GCC_541\Debug\CarVolt1.a(I2C_I2C_MASTER.o)
                0x00002d78                I2C_I2CMasterGetWriteBufSize
 .text.I2C_I2CMasterStatus
                0x00002d84       0x30 .\CortexM0\ARM_GCC_541\Debug\CarVolt1.a(I2C_I2C_MASTER.o)
                0x00002d84                I2C_I2CMasterStatus
 .text.I2C_I2CMasterClearStatus
                0x00002db4       0x20 .\CortexM0\ARM_GCC_541\Debug\CarVolt1.a(I2C_I2C_MASTER.o)
                0x00002db4                I2C_I2CMasterClearStatus
 .text.I2C_I2CReStartGeneration
                0x00002dd4       0xc4 .\CortexM0\ARM_GCC_541\Debug\CarVolt1.a(I2C_I2C_MASTER.o)
                0x00002dd4                I2C_I2CReStartGeneration
 .text.I2C_I2CMasterWriteBuf
                0x00002e98       0xf8 .\CortexM0\ARM_GCC_541\Debug\CarVolt1.a(I2C_I2C_MASTER.o)
                0x00002e98                I2C_I2CMasterWriteBuf
 .text.ADC_Init
                0x00002f90      0x198 .\CortexM0\ARM_GCC_541\Debug\CarVolt1.a(ADC.o)
                0x00002f90                ADC_Init
 .text.ADC_Enable
                0x00003128       0x24 .\CortexM0\ARM_GCC_541\Debug\CarVolt1.a(ADC.o)
                0x00003128                ADC_Enable
 .text.ADC_Start
                0x0000314c       0x20 .\CortexM0\ARM_GCC_541\Debug\CarVolt1.a(ADC.o)
                0x0000314c                ADC_Start
 .text.ADC_StartConvert
                0x0000316c       0x14 .\CortexM0\ARM_GCC_541\Debug\CarVolt1.a(ADC.o)
                0x0000316c                ADC_StartConvert
 .text.ADC_IsEndConversion
                0x00003180       0x28 .\CortexM0\ARM_GCC_541\Debug\CarVolt1.a(ADC.o)
                0x00003180                ADC_IsEndConversion
 .text.ADC_GetResult16
                0x000031a8       0x2c .\CortexM0\ARM_GCC_541\Debug\CarVolt1.a(ADC.o)
                0x000031a8                ADC_GetResult16
 .text.ADC_CountsTo_Volts
                0x000031d4       0x48 .\CortexM0\ARM_GCC_541\Debug\CarVolt1.a(ADC.o)
                0x000031d4                ADC_CountsTo_Volts
 .text.ADC_ISR  0x0000321c        0xc .\CortexM0\ARM_GCC_541\Debug\CarVolt1.a(ADC_INT.o)
                0x0000321c                ADC_ISR
 .text.I2C_sda_Read
                0x00003228       0x10 .\CortexM0\ARM_GCC_541\Debug\CarVolt1.a(I2C_sda.o)
                0x00003228                I2C_sda_Read
 .text.I2C_scl_Write
                0x00003238       0x18 .\CortexM0\ARM_GCC_541\Debug\CarVolt1.a(I2C_scl.o)
                0x00003238                I2C_scl_Write
 .text.I2C_scl_Read
                0x00003250       0x10 .\CortexM0\ARM_GCC_541\Debug\CarVolt1.a(I2C_scl.o)
                0x00003250                I2C_scl_Read
 .text.CyIntEnable
                0x00003260       0x14 .\CortexM0\ARM_GCC_541\Debug\CarVolt1.a(CyLib.o)
                0x00003260                CyIntEnable
 .text.CyIntDisable
                0x00003274       0x14 .\CortexM0\ARM_GCC_541\Debug\CarVolt1.a(CyLib.o)
                0x00003274                CyIntDisable
 .text.CyHalt   0x00003288        0x4 .\CortexM0\ARM_GCC_541\Debug\CarVolt1.a(CyLib.o)
                0x00003288                CyHalt
 .text.CyIntSetVector
                0x0000328c       0x24 .\CortexM0\ARM_GCC_541\Debug\CarVolt1.a(CyLib.o)
                0x0000328c                CyIntSetVector
 .text.CyIntSetPriority
                0x000032b0       0x4c .\CortexM0\ARM_GCC_541\Debug\CarVolt1.a(CyLib.o)
                0x000032b0                CyIntSetPriority
 .text.CyDelay  0x000032fc       0x30 .\CortexM0\ARM_GCC_541\Debug\CarVolt1.a(CyLib.o)
                0x000032fc                CyDelay
 .text.CyDelayUs
                0x0000332c       0x14 .\CortexM0\ARM_GCC_541\Debug\CarVolt1.a(CyLib.o)
                0x0000332c                CyDelayUs
 .text.CySysClkWriteImoFreq
                0x00003340      0x164 .\CortexM0\ARM_GCC_541\Debug\CarVolt1.a(CyLib.o)
                0x00003340                CySysClkWriteImoFreq
 .text.CySysWdtLocked
                0x000034a4       0x14 .\CortexM0\ARM_GCC_541\Debug\CarVolt1.a(CyLFClk.o)
 .text.CySysWdtLock
                0x000034b8       0x1c .\CortexM0\ARM_GCC_541\Debug\CarVolt1.a(CyLFClk.o)
                0x000034b8                CySysWdtLock
 .text.CySysWdtUnlock
                0x000034d4       0x30 .\CortexM0\ARM_GCC_541\Debug\CarVolt1.a(CyLFClk.o)
                0x000034d4                CySysWdtUnlock
 .text.CySysWdtClearInterrupt
                0x00003504       0x4c .\CortexM0\ARM_GCC_541\Debug\CarVolt1.a(CyLFClk.o)
                0x00003504                CySysWdtClearInterrupt
 .text.CySysWdtIsr
                0x00003550       0xa4 .\CortexM0\ARM_GCC_541\Debug\CarVolt1.a(CyLFClk.o)
                0x00003550                CySysWdtIsr
 .text.TX_Start
                0x000035f4        0x4 .\CortexM0\ARM_GCC_541\Debug\CarVolt1.a(TX.o)
                0x000035f4                TX_Start
 .text.TX_PutString
                0x000035f8       0x1c .\CortexM0\ARM_GCC_541\Debug\CarVolt1.a(TX.o)
                0x000035f8                TX_PutString
 .text.TX_PutCRLF
                0x00003614       0x10 .\CortexM0\ARM_GCC_541\Debug\CarVolt1.a(TX.o)
                0x00003614                TX_PutCRLF
 *fill*         0x00003624        0x4 
 .text          0x00003628       0x24 .\CortexM0\ARM_GCC_541\Debug\CarVolt1.a(CyBootAsmGnu.o)
                0x00003628                CyDelayCycles
                0x0000363c                CyEnterCriticalSection
                0x00003644                CyExitCriticalSection
 *fill*         0x0000364c       0x14 
 .text          0x00003660       0xd4 .\CortexM0\ARM_GCC_541\Debug\CarVolt1.a(TX_AsmGnu.o)
                0x00003660                TX_PutChar
 .text.I2C_I2C_ISR
                0x00003734      0x33c .\CortexM0\ARM_GCC_541\Debug\CarVolt1.a(I2C_I2C_INT.o)
                0x00003734                I2C_I2C_ISR
 .text          0x00003a70      0x114 c:/program files (x86)/cypress/psoc creator/4.4/psoc creator/import/gnu/arm/5.4.1/bin/../lib/gcc/arm-none-eabi/5.4.1/armv6-m\libgcc.a(_udivsi3.o)
                0x00003a70                __aeabi_uidiv
                0x00003a70                __udivsi3
                0x00003b7c                __aeabi_uidivmod
 .text          0x00003b84      0x1d4 c:/program files (x86)/cypress/psoc creator/4.4/psoc creator/import/gnu/arm/5.4.1/bin/../lib/gcc/arm-none-eabi/5.4.1/armv6-m\libgcc.a(_divsi3.o)
                0x00003b84                __divsi3
                0x00003b84                __aeabi_idiv
                0x00003d50                __aeabi_idivmod
 .text          0x00003d58        0x4 c:/program files (x86)/cypress/psoc creator/4.4/psoc creator/import/gnu/arm/5.4.1/bin/../lib/gcc/arm-none-eabi/5.4.1/armv6-m\libgcc.a(_dvmd_tls.o)
                0x00003d58                __aeabi_idiv0
                0x00003d58                __aeabi_ldiv0
 .text          0x00003d5c       0x74 c:/program files (x86)/cypress/psoc creator/4.4/psoc creator/import/gnu/arm/5.4.1/bin/../lib/gcc/arm-none-eabi/5.4.1/armv6-m\libgcc.a(_arm_cmpsf2.o)
                0x00003d5c                __aeabi_cfrcmple
                0x00003d64                __aeabi_cfcmpeq
                0x00003d64                __aeabi_cfcmple
                0x00003d74                __aeabi_fcmpeq
                0x00003d80                __aeabi_fcmplt
                0x00003d94                __aeabi_fcmple
                0x00003da8                __aeabi_fcmpgt
                0x00003dbc                __aeabi_fcmpge
 .text          0x00003dd0      0x2ec c:/program files (x86)/cypress/psoc creator/4.4/psoc creator/import/gnu/arm/5.4.1/bin/../lib/gcc/arm-none-eabi/5.4.1/armv6-m\libgcc.a(addsf3.o)
                0x00003dd0                __aeabi_fadd
 .text          0x000040bc      0x234 c:/program files (x86)/cypress/psoc creator/4.4/psoc creator/import/gnu/arm/5.4.1/bin/../lib/gcc/arm-none-eabi/5.4.1/armv6-m\libgcc.a(divsf3.o)
                0x000040bc                __aeabi_fdiv
 .text          0x000042f0       0x50 c:/program files (x86)/cypress/psoc creator/4.4/psoc creator/import/gnu/arm/5.4.1/bin/../lib/gcc/arm-none-eabi/5.4.1/armv6-m\libgcc.a(eqsf2.o)
                0x000042f0                __eqsf2
                0x000042f0                __nesf2
 .text          0x00004340       0x88 c:/program files (x86)/cypress/psoc creator/4.4/psoc creator/import/gnu/arm/5.4.1/bin/../lib/gcc/arm-none-eabi/5.4.1/armv6-m\libgcc.a(gesf2.o)
                0x00004340                __gesf2
                0x00004340                __gtsf2
 .text          0x000043c8       0x88 c:/program files (x86)/cypress/psoc creator/4.4/psoc creator/import/gnu/arm/5.4.1/bin/../lib/gcc/arm-none-eabi/5.4.1/armv6-m\libgcc.a(lesf2.o)
                0x000043c8                __ltsf2
                0x000043c8                __lesf2
 .text          0x00004450      0x228 c:/program files (x86)/cypress/psoc creator/4.4/psoc creator/import/gnu/arm/5.4.1/bin/../lib/gcc/arm-none-eabi/5.4.1/armv6-m\libgcc.a(mulsf3.o)
                0x00004450                __aeabi_fmul
 .text          0x00004678      0x30c c:/program files (x86)/cypress/psoc creator/4.4/psoc creator/import/gnu/arm/5.4.1/bin/../lib/gcc/arm-none-eabi/5.4.1/armv6-m\libgcc.a(subsf3.o)
                0x00004678                __aeabi_fsub
 .text          0x00004984       0x44 c:/program files (x86)/cypress/psoc creator/4.4/psoc creator/import/gnu/arm/5.4.1/bin/../lib/gcc/arm-none-eabi/5.4.1/armv6-m\libgcc.a(fixsfsi.o)
                0x00004984                __aeabi_f2iz
 .text          0x000049c8       0x90 c:/program files (x86)/cypress/psoc creator/4.4/psoc creator/import/gnu/arm/5.4.1/bin/../lib/gcc/arm-none-eabi/5.4.1/armv6-m\libgcc.a(floatsisf.o)
                0x000049c8                __aeabi_i2f
 .text          0x00004a58      0x4f4 c:/program files (x86)/cypress/psoc creator/4.4/psoc creator/import/gnu/arm/5.4.1/bin/../lib/gcc/arm-none-eabi/5.4.1/armv6-m\libgcc.a(muldf3.o)
                0x00004a58                __aeabi_dmul
 .text          0x00004f4c      0x6a8 c:/program files (x86)/cypress/psoc creator/4.4/psoc creator/import/gnu/arm/5.4.1/bin/../lib/gcc/arm-none-eabi/5.4.1/armv6-m\libgcc.a(subdf3.o)
                0x00004f4c                __aeabi_dsub
 .text          0x000055f4       0x6c c:/program files (x86)/cypress/psoc creator/4.4/psoc creator/import/gnu/arm/5.4.1/bin/../lib/gcc/arm-none-eabi/5.4.1/armv6-m\libgcc.a(fixdfsi.o)
                0x000055f4                __aeabi_d2iz
 .text          0x00005660       0x84 c:/program files (x86)/cypress/psoc creator/4.4/psoc creator/import/gnu/arm/5.4.1/bin/../lib/gcc/arm-none-eabi/5.4.1/armv6-m\libgcc.a(floatsidf.o)
                0x00005660                __aeabi_i2d
 .text          0x000056e4       0x70 c:/program files (x86)/cypress/psoc creator/4.4/psoc creator/import/gnu/arm/5.4.1/bin/../lib/gcc/arm-none-eabi/5.4.1/armv6-m\libgcc.a(floatunsidf.o)
                0x000056e4                __aeabi_ui2d
 .text          0x00005754       0xa8 c:/program files (x86)/cypress/psoc creator/4.4/psoc creator/import/gnu/arm/5.4.1/bin/../lib/gcc/arm-none-eabi/5.4.1/armv6-m\libgcc.a(extendsfdf2.o)
                0x00005754                __aeabi_f2d
 .text          0x000057fc       0x3c c:/program files (x86)/cypress/psoc creator/4.4/psoc creator/import/gnu/arm/5.4.1/bin/../lib/gcc/arm-none-eabi/5.4.1/armv6-m\libgcc.a(_clzsi2.o)
                0x000057fc                __clzsi2
 .text.__errno  0x00005838        0xc c:/program files (x86)/cypress/psoc creator/4.4/psoc creator/import/gnu/arm/5.4.1/bin/../lib/gcc/arm-none-eabi/5.4.1/../../../../arm-none-eabi/lib/armv6-m\libg_nano.a(lib_a-errno.o)
                0x00005838                __errno
 .text.__libc_init_array
                0x00005844       0x4c c:/program files (x86)/cypress/psoc creator/4.4/psoc creator/import/gnu/arm/5.4.1/bin/../lib/gcc/arm-none-eabi/5.4.1/../../../../arm-none-eabi/lib/armv6-m\libg_nano.a(lib_a-init.o)
                0x00005844                __libc_init_array
 .text.memcpy   0x00005890       0x12 c:/program files (x86)/cypress/psoc creator/4.4/psoc creator/import/gnu/arm/5.4.1/bin/../lib/gcc/arm-none-eabi/5.4.1/../../../../arm-none-eabi/lib/armv6-m\libg_nano.a(lib_a-memcpy-stub.o)
                0x00005890                memcpy
 .text.memset   0x000058a2       0x10 c:/program files (x86)/cypress/psoc creator/4.4/psoc creator/import/gnu/arm/5.4.1/bin/../lib/gcc/arm-none-eabi/5.4.1/../../../../arm-none-eabi/lib/armv6-m\libg_nano.a(lib_a-memset.o)
                0x000058a2                memset
 *fill*         0x000058b2        0x2 
 .text.sprintf  0x000058b4       0x44 c:/program files (x86)/cypress/psoc creator/4.4/psoc creator/import/gnu/arm/5.4.1/bin/../lib/gcc/arm-none-eabi/5.4.1/../../../../arm-none-eabi/lib/armv6-m\libg_nano.a(lib_a-sprintf.o)
                0x000058b4                siprintf
                0x000058b4                sprintf
 .text          0x000058f8        0xe c:/program files (x86)/cypress/psoc creator/4.4/psoc creator/import/gnu/arm/5.4.1/bin/../lib/gcc/arm-none-eabi/5.4.1/../../../../arm-none-eabi/lib/armv6-m\libg_nano.a(lib_a-strlen.o)
                0x000058f8                strlen
 *fill*         0x00005906        0x2 
 .text.__ssputs_r
                0x00005908       0xc4 c:/program files (x86)/cypress/psoc creator/4.4/psoc creator/import/gnu/arm/5.4.1/bin/../lib/gcc/arm-none-eabi/5.4.1/../../../../arm-none-eabi/lib/armv6-m\libg_nano.a(lib_a-nano-svfprintf.o)
                0x00005908                __ssputs_r
 .text._svfprintf_r
                0x000059cc      0x1fc c:/program files (x86)/cypress/psoc creator/4.4/psoc creator/import/gnu/arm/5.4.1/bin/../lib/gcc/arm-none-eabi/5.4.1/../../../../arm-none-eabi/lib/armv6-m\libg_nano.a(lib_a-nano-svfprintf.o)
                0x000059cc                _svfiprintf_r
                0x000059cc                _svfprintf_r
 .text._printf_common
                0x00005bc8       0xdc c:/program files (x86)/cypress/psoc creator/4.4/psoc creator/import/gnu/arm/5.4.1/bin/../lib/gcc/arm-none-eabi/5.4.1/../../../../arm-none-eabi/lib/armv6-m\libg_nano.a(lib_a-nano-vfprintf_i.o)
                0x00005bc8                _printf_common
 .text._printf_i
                0x00005ca4      0x244 c:/program files (x86)/cypress/psoc creator/4.4/psoc creator/import/gnu/arm/5.4.1/bin/../lib/gcc/arm-none-eabi/5.4.1/../../../../arm-none-eabi/lib/armv6-m\libg_nano.a(lib_a-nano-vfprintf_i.o)
                0x00005ca4                _printf_i
 .text.memchr   0x00005ee8       0x16 c:/program files (x86)/cypress/psoc creator/4.4/psoc creator/import/gnu/arm/5.4.1/bin/../lib/gcc/arm-none-eabi/5.4.1/../../../../arm-none-eabi/lib/armv6-m\libg_nano.a(lib_a-memchr-stub.o)
                0x00005ee8                memchr
 .text.memmove  0x00005efe       0x2a c:/program files (x86)/cypress/psoc creator/4.4/psoc creator/import/gnu/arm/5.4.1/bin/../lib/gcc/arm-none-eabi/5.4.1/../../../../arm-none-eabi/lib/armv6-m\libg_nano.a(lib_a-memmove.o)
                0x00005efe                memmove
 .text._free_r  0x00005f28       0x98 c:/program files (x86)/cypress/psoc creator/4.4/psoc creator/import/gnu/arm/5.4.1/bin/../lib/gcc/arm-none-eabi/5.4.1/../../../../arm-none-eabi/lib/armv6-m\libg_nano.a(lib_a-nano-freer.o)
                0x00005f28                _free_r
 .text._malloc_r
                0x00005fc0       0xc0 c:/program files (x86)/cypress/psoc creator/4.4/psoc creator/import/gnu/arm/5.4.1/bin/../lib/gcc/arm-none-eabi/5.4.1/../../../../arm-none-eabi/lib/armv6-m\libg_nano.a(lib_a-nano-mallocr.o)
                0x00005fc0                _malloc_r
 .text._realloc_r
                0x00006080       0x4c c:/program files (x86)/cypress/psoc creator/4.4/psoc creator/import/gnu/arm/5.4.1/bin/../lib/gcc/arm-none-eabi/5.4.1/../../../../arm-none-eabi/lib/armv6-m\libg_nano.a(lib_a-nano-reallocr.o)
                0x00006080                _realloc_r
 .text._sbrk_r  0x000060cc       0x24 c:/program files (x86)/cypress/psoc creator/4.4/psoc creator/import/gnu/arm/5.4.1/bin/../lib/gcc/arm-none-eabi/5.4.1/../../../../arm-none-eabi/lib/armv6-m\libg_nano.a(lib_a-sbrkr.o)
                0x000060cc                _sbrk_r
 .text.__malloc_lock
                0x000060f0        0x2 c:/program files (x86)/cypress/psoc creator/4.4/psoc creator/import/gnu/arm/5.4.1/bin/../lib/gcc/arm-none-eabi/5.4.1/../../../../arm-none-eabi/lib/armv6-m\libg_nano.a(lib_a-mlock.o)
                0x000060f0                __malloc_lock
 .text.__malloc_unlock
                0x000060f2        0x2 c:/program files (x86)/cypress/psoc creator/4.4/psoc creator/import/gnu/arm/5.4.1/bin/../lib/gcc/arm-none-eabi/5.4.1/../../../../arm-none-eabi/lib/armv6-m\libg_nano.a(lib_a-mlock.o)
                0x000060f2                __malloc_unlock
 .text._malloc_usable_size_r
                0x000060f4       0x16 c:/program files (x86)/cypress/psoc creator/4.4/psoc creator/import/gnu/arm/5.4.1/bin/../lib/gcc/arm-none-eabi/5.4.1/../../../../arm-none-eabi/lib/armv6-m\libg_nano.a(lib_a-nano-msizer.o)
                0x000060f4                _malloc_usable_size_r
 *(.plt)
 *(.gnu.warning)
 *(.glue_7t)
 .glue_7t       0x0000610a        0x0 linker stubs
 *(.glue_7)
 .glue_7        0x0000610a        0x0 linker stubs
 *(.vfp11_veneer)
 .vfp11_veneer  0x0000610a        0x0 linker stubs
 *(.bootloader)
 *(.ARM.extab* .gnu.linkonce.armextab.*)
 *(.gcc_except_table)

.v4_bx          0x0000610c        0x0
 .v4_bx         0x0000610c        0x0 linker stubs

.iplt           0x0000610c        0x0
 .iplt          0x0000610c        0x0 c:/program files (x86)/cypress/psoc creator/4.4/psoc creator/import/gnu/arm/5.4.1/bin/../lib/gcc/arm-none-eabi/5.4.1/armv6-m/crtbegin.o

.eh_frame_hdr
 *(.eh_frame_hdr)

.eh_frame       0x0000610c        0x4
 *(.eh_frame)
 .eh_frame      0x0000610c        0x0 c:/program files (x86)/cypress/psoc creator/4.4/psoc creator/import/gnu/arm/5.4.1/bin/../lib/gcc/arm-none-eabi/5.4.1/armv6-m/crtbegin.o
 .eh_frame      0x0000610c        0x4 c:/program files (x86)/cypress/psoc creator/4.4/psoc creator/import/gnu/arm/5.4.1/bin/../lib/gcc/arm-none-eabi/5.4.1/armv6-m/crtend.o
                [!provide]                PROVIDE (__exidx_start, .)

.ARM.exidx
 *(.ARM.exidx* .gnu.linkonce.armexidx.*)
                0x00006110                __exidx_end = .

.rodata         0x00006110      0x6f0
 *(.rodata .rodata.* .gnu.linkonce.r.*)
 .rodata.str1.4
                0x00006110       0x10 .\CortexM0\ARM_GCC_541\Debug\main.o
                                  0xe (size before relaxing)
 .rodata        0x00006120      0x51f .\CortexM0\ARM_GCC_541\Debug\ssd1306.o
 *fill*         0x0000663f        0x1 
 .rodata        0x00006640        0xc .\CortexM0\ARM_GCC_541\Debug\cyfitter_cfg.o
 .rodata        0x0000664c       0x14 .\CortexM0\ARM_GCC_541\Debug\CarVolt1.a(ADC.o)
 .rodata        0x00006660       0x2e .\CortexM0\ARM_GCC_541\Debug\CarVolt1.a(CyLib.o)
                0x00006660                cyImoFreqMhz2Reg
 *fill*         0x0000668e        0x2 
 .rodata        0x00006690       0x80 c:/program files (x86)/cypress/psoc creator/4.4/psoc creator/import/gnu/arm/5.4.1/bin/../lib/gcc/arm-none-eabi/5.4.1/armv6-m\libgcc.a(divsf3.o)
 .rodata        0x00006710       0x40 c:/program files (x86)/cypress/psoc creator/4.4/psoc creator/import/gnu/arm/5.4.1/bin/../lib/gcc/arm-none-eabi/5.4.1/armv6-m\libgcc.a(mulsf3.o)
 .rodata        0x00006750       0x40 c:/program files (x86)/cypress/psoc creator/4.4/psoc creator/import/gnu/arm/5.4.1/bin/../lib/gcc/arm-none-eabi/5.4.1/armv6-m\libgcc.a(muldf3.o)
 .rodata.str1.1
                0x00006790        0x2 c:/program files (x86)/cypress/psoc creator/4.4/psoc creator/import/gnu/arm/5.4.1/bin/../lib/gcc/arm-none-eabi/5.4.1/../../../../arm-none-eabi/lib/armv6-m\libg_nano.a(lib_a-impure.o)
 .rodata.str1.1
                0x00006792       0x11 c:/program files (x86)/cypress/psoc creator/4.4/psoc creator/import/gnu/arm/5.4.1/bin/../lib/gcc/arm-none-eabi/5.4.1/../../../../arm-none-eabi/lib/armv6-m\libg_nano.a(lib_a-nano-svfprintf.o)
 .rodata.str1.1
                0x000067a3       0x22 c:/program files (x86)/cypress/psoc creator/4.4/psoc creator/import/gnu/arm/5.4.1/bin/../lib/gcc/arm-none-eabi/5.4.1/../../../../arm-none-eabi/lib/armv6-m\libg_nano.a(lib_a-nano-vfprintf_i.o)
                0x000067c8                . = ALIGN (0x4)
 *fill*         0x000067c5        0x3 
 *(.init)
 .init          0x000067c8        0x4 c:/program files (x86)/cypress/psoc creator/4.4/psoc creator/import/gnu/arm/5.4.1/bin/../lib/gcc/arm-none-eabi/5.4.1/armv6-m/crti.o
                0x000067c8                _init
 .init          0x000067cc        0x8 c:/program files (x86)/cypress/psoc creator/4.4/psoc creator/import/gnu/arm/5.4.1/bin/../lib/gcc/arm-none-eabi/5.4.1/armv6-m/crtn.o
                0x000067d4                . = ALIGN (0x4)
                0x000067d4                __preinit_array_start = .
 *(.preinit_array)
                0x000067d4                __preinit_array_end = .
                0x000067d4                . = ALIGN (0x4)
                0x000067d4                __init_array_start = .
 *(SORT(.init_array.*))
 *(.init_array)
 .init_array    0x000067d4        0x4 c:/program files (x86)/cypress/psoc creator/4.4/psoc creator/import/gnu/arm/5.4.1/bin/../lib/gcc/arm-none-eabi/5.4.1/armv6-m/crtbegin.o
 .init_array    0x000067d8        0x4 .\CortexM0\ARM_GCC_541\Debug\Cm0Start.o
                0x000067dc                __init_array_end = .
                0x000067dc                . = ALIGN (0x4)
 *(.fini)
 .fini          0x000067dc        0x4 c:/program files (x86)/cypress/psoc creator/4.4/psoc creator/import/gnu/arm/5.4.1/bin/../lib/gcc/arm-none-eabi/5.4.1/armv6-m/crti.o
                0x000067dc                _fini
 .fini          0x000067e0        0x8 c:/program files (x86)/cypress/psoc creator/4.4/psoc creator/import/gnu/arm/5.4.1/bin/../lib/gcc/arm-none-eabi/5.4.1/armv6-m/crtn.o
                0x000067e8                . = ALIGN (0x4)
                0x000067e8                __fini_array_start = .
 *(.fini_array)
 .fini_array    0x000067e8        0x4 c:/program files (x86)/cypress/psoc creator/4.4/psoc creator/import/gnu/arm/5.4.1/bin/../lib/gcc/arm-none-eabi/5.4.1/armv6-m/crtbegin.o
 *(SORT(.fini_array.*))
                0x000067ec                __fini_array_end = .
                0x000067ec                . = ALIGN (0x4)
 *crtbegin.o(.ctors)
 *(EXCLUDE_FILE(*crtend.o) .ctors)
 *(SORT(.ctors.*))
 *crtend.o(.ctors)
                0x000067ec                . = ALIGN (0x4)
 *crtbegin.o(.dtors)
 *(EXCLUDE_FILE(*crtend.o) .dtors)
 *(SORT(.dtors.*))
 *crtend.o(.dtors)
                0x000067ec                . = ALIGN (0x4)
                0x000067ec                __cy_regions = .
                0x000067ec        0x4 LONG 0x6800 __cy_region_init_ram
                0x000067f0        0x4 LONG 0x200000c8 __cy_region_start_data
                0x000067f4        0x4 LONG 0x498 __cy_region_init_size_ram
                0x000067f8        0x4 LONG 0xa8 __cy_region_zero_size_ram
                0x000067fc                __cy_regions_end = .
                0x00006800                . = ALIGN (0x8)
 *fill*         0x000067fc        0x4 
                0x00006800                _etext = .

.ramvectors     0x20000000       0xc0
                0x20000000                __cy_region_start_ram = .
 *(.ramvectors)
 .ramvectors    0x20000000       0xc0 .\CortexM0\ARM_GCC_541\Debug\Cm0Start.o
                0x20000000                CyRamVectors

.btldr_run      0x200000c0        0x4
 *(.bootloaderruntype)
 .bootloaderruntype
                0x200000c0        0x4 .\CortexM0\ARM_GCC_541\Debug\Cm0Start.o
                0x200000c0                cyBtldrRunType

.noinit
 *(.noinit)

.data           0x200000c8      0x498 load address 0x00006800
                0x200000c8                __cy_region_start_data = .
 *(.jcr)
 .jcr           0x200000c8        0x0 c:/program files (x86)/cypress/psoc creator/4.4/psoc creator/import/gnu/arm/5.4.1/bin/../lib/gcc/arm-none-eabi/5.4.1/armv6-m/crtbegin.o
 .jcr           0x200000c8        0x4 c:/program files (x86)/cypress/psoc creator/4.4/psoc creator/import/gnu/arm/5.4.1/bin/../lib/gcc/arm-none-eabi/5.4.1/armv6-m/crtend.o
 *(.got.plt)
 *(.got)
 *(.shdata)
 *(.data .data.* .gnu.linkonce.d.*)
 .data          0x200000cc      0x401 .\CortexM0\ARM_GCC_541\Debug\ssd1306.o
 *fill*         0x200004cd        0x3 
 .data          0x200004d0        0x4 .\CortexM0\ARM_GCC_541\Debug\Cm0Start.o
 .data          0x200004d4       0x14 .\CortexM0\ARM_GCC_541\Debug\CarVolt1.a(CyLib.o)
                0x200004d4                CySysClkPumpConfig
                0x200004d8                cydelay32kMs
                0x200004dc                cydelayFreqKhz
                0x200004e0                cydelayFreqMhz
                0x200004e4                cydelayFreqHz
 .data          0x200004e8        0x4 .\CortexM0\ARM_GCC_541\Debug\CarVolt1.a(CyLFClk.o)
 .data          0x200004ec        0xc .\CortexM0\ARM_GCC_541\Debug\CarVolt1.a(TX.o)
                0x200004ec                TX_pinDrAdress
                0x200004f0                TX_pinPortNumber
                0x200004f4                TX_pinNumber
 .data.impure_data
                0x200004f8       0x60 c:/program files (x86)/cypress/psoc creator/4.4/psoc creator/import/gnu/arm/5.4.1/bin/../lib/gcc/arm-none-eabi/5.4.1/../../../../arm-none-eabi/lib/armv6-m\libg_nano.a(lib_a-impure.o)
 .data._impure_ptr
                0x20000558        0x4 c:/program files (x86)/cypress/psoc creator/4.4/psoc creator/import/gnu/arm/5.4.1/bin/../lib/gcc/arm-none-eabi/5.4.1/../../../../arm-none-eabi/lib/armv6-m\libg_nano.a(lib_a-impure.o)
                0x20000558                _impure_ptr
                0x20000560                . = ALIGN (0x8)
 *fill*         0x2000055c        0x4 
 *(.ram)
                0x20000560                _edata = .

.igot.plt       0x20000560        0x0 load address 0x00006c98
 .igot.plt      0x20000560        0x0 c:/program files (x86)/cypress/psoc creator/4.4/psoc creator/import/gnu/arm/5.4.1/bin/../lib/gcc/arm-none-eabi/5.4.1/armv6-m/crtbegin.o

.bss            0x20000560       0xa8 load address 0x00006c98
                0x20000560                PROVIDE (__bss_start__, .)
 *(.shbss)
 *(.bss .bss.* .gnu.linkonce.b.*)
 .bss           0x20000560       0x1c c:/program files (x86)/cypress/psoc creator/4.4/psoc creator/import/gnu/arm/5.4.1/bin/../lib/gcc/arm-none-eabi/5.4.1/armv6-m/crtbegin.o
 .bss           0x2000057c       0x10 .\CortexM0\ARM_GCC_541\Debug\ssd1306.o
 .bss           0x2000058c        0x8 .\CortexM0\ARM_GCC_541\Debug\CarVolt1.a(I2C.o)
                0x2000058c                I2C_initVar
                0x20000590                I2C_customIntrHandler
 .bss           0x20000594        0x1 .\CortexM0\ARM_GCC_541\Debug\CarVolt1.a(ADC.o)
                0x20000594                ADC_initVar
 *fill*         0x20000595        0x3 
 .bss           0x20000598       0x20 .\CortexM0\ARM_GCC_541\Debug\CarVolt1.a(CyLFClk.o)
 .bss.__malloc_sbrk_start
                0x200005b8        0x4 c:/program files (x86)/cypress/psoc creator/4.4/psoc creator/import/gnu/arm/5.4.1/bin/../lib/gcc/arm-none-eabi/5.4.1/../../../../arm-none-eabi/lib/armv6-m\libg_nano.a(lib_a-nano-mallocr.o)
                0x200005b8                __malloc_sbrk_start
 .bss.__malloc_free_list
                0x200005bc        0x4 c:/program files (x86)/cypress/psoc creator/4.4/psoc creator/import/gnu/arm/5.4.1/bin/../lib/gcc/arm-none-eabi/5.4.1/../../../../arm-none-eabi/lib/armv6-m\libg_nano.a(lib_a-nano-mallocr.o)
                0x200005bc                __malloc_free_list
 *(COMMON)
 COMMON         0x200005c0        0x7 .\CortexM0\ARM_GCC_541\Debug\ssd1306.o
                0x200005c0                WIDTH
                0x200005c2                rotation
                0x200005c4                HEIGHT
                0x200005c6                wrap
 COMMON         0x200005c7        0x1 .\CortexM0\ARM_GCC_541\Debug\CarVolt1.a(I2C_I2C.o)
                0x200005c7                I2C_state
 COMMON         0x200005c8       0x24 .\CortexM0\ARM_GCC_541\Debug\CarVolt1.a(I2C_I2C_MASTER.o)
                0x200005c8                I2C_mstrWrBufIndexTmp
                0x200005cc                I2C_mstrWrBufIndex
                0x200005d0                I2C_mstrWrBufSize
                0x200005d4                I2C_mstrStatus
                0x200005d8                I2C_mstrRdBufPtr
                0x200005dc                I2C_mstrControl
                0x200005e0                I2C_mstrRdBufSize
                0x200005e4                I2C_mstrRdBufIndex
                0x200005e8                I2C_mstrWrBufPtr
 COMMON         0x200005ec       0x18 .\CortexM0\ARM_GCC_541\Debug\CarVolt1.a(ADC.o)
                0x200005ec                ADC_countsPer10Volt
                0x200005fc                ADC_offset
 COMMON         0x20000604        0x4 c:/program files (x86)/cypress/psoc creator/4.4/psoc creator/import/gnu/arm/5.4.1/bin/../lib/gcc/arm-none-eabi/5.4.1/../../../../arm-none-eabi/lib/armv6-m\libg_nano.a(lib_a-reent.o)
                0x20000604                errno
                0x20000608                . = ALIGN (0x8)
 *(.ram.b)
                0x20000608                _end = .
                0x20000608                __end = .
                0x20000608                PROVIDE (end, .)
                0x20000608                PROVIDE (__bss_end__, .)
                0x00006800                __cy_region_init_ram = LOADADDR (.data)
                0x00000498                __cy_region_init_size_ram = (_edata - ADDR (.data))
                0x000000a8                __cy_region_zero_size_ram = (_end - _edata)

.heap           0x20000608       0x80 load address 0x00006c98
                0x20000608                . = _end
                0x20000688                . = (. + 0x80)
 *fill*         0x20000608       0x80 
                0x20000688                __cy_heap_limit = .

.stack          0x20000c00      0x400
                0x20000c00                __cy_stack_limit = .
                0x20001000                . = (. + 0x400)
 *fill*         0x20000c00      0x400 
                0x00000001                ASSERT ((__cy_stack_limit >= __cy_heap_limit), region RAM overflowed with stack)

.cy_checksum_exclude
                0x00007f80        0x0
 *(.cy_checksum_exclude)
                0x00000000                cy_checksum_exclude_size = (CY_APPL_LOADABLE == 0x1)?SIZEOF (.cy_checksum_exclude):0x0
                0x00000001                ASSERT ((cy_checksum_exclude_size <= CY_CHECKSUM_EXCLUDE_SIZE), CY_BOOT: Section .cy_checksum_exclude size exceedes specified limit.)
                0xf0000000                cyloadermeta_start = (cy_project_type_bootloader || cy_project_type_app_for_stack_and_copier)?(LENGTH (rom) - CY_METADATA_SIZE):0xf0000000

.cyloadermeta   0xf0000000       0x40
 *(.cyloadermeta)
 .cyloadermeta  0xf0000000       0x40 .\CortexM0\ARM_GCC_541\Debug\cybootloader.o
                0xf0000000                cy_meta_loader
                0x00007fc0                cyloadablemeta_start = cy_project_type_app_for_stack_and_copier?((LENGTH (rom) - CY_FLASH_ROW_SIZE) - CY_METADATA_SIZE):((LENGTH (rom) - (CY_FLASH_ROW_SIZE * (CY_APPL_NUM - 0x1))) - CY_METADATA_SIZE)

.cyloadablemeta
                0x00007fc0       0x40
 *(.cyloadablemeta)
 .cyloadablemeta
                0x00007fc0       0x40 .\CortexM0\ARM_GCC_541\Debug\cymetadata.o
                0x00007fc0                cy_meta_loadable

.cyflashprotect
                0x90400000       0x20
 *(.cyflashprotect)
 .cyflashprotect
                0x90400000       0x20 .\CortexM0\ARM_GCC_541\Debug\cybootloader.o
                0x90400000                cy_meta_flashprotect

.cymeta         0x90500000        0xc
 *(.cymeta)
 .cymeta        0x90500000        0xc .\CortexM0\ARM_GCC_541\Debug\cybootloader.o
                0x90500000                cy_metadata

.cychipprotect  0x90600000        0x1
 *(.cychipprotect)
 .cychipprotect
                0x90600000        0x1 .\CortexM0\ARM_GCC_541\Debug\cybootloader.o
                0x90600000                cy_meta_chipprotect

.rel.dyn        0x00008000        0x0 load address 0x90600004
 .rel.iplt      0x00008000        0x0 c:/program files (x86)/cypress/psoc creator/4.4/psoc creator/import/gnu/arm/5.4.1/bin/../lib/gcc/arm-none-eabi/5.4.1/armv6-m/crtbegin.o

.stab
 *(.stab)

.stabstr
 *(.stabstr)

.debug
 *(.debug)

.line
 *(.line)

.debug_srcinfo
 *(.debug_srcinfo)

.debug_sfnames
 *(.debug_sfnames)

.debug_aranges  0x00000000      0x7f8
 *(.debug_aranges)
 .debug_aranges
                0x00000000       0x38 .\CortexM0\ARM_GCC_541\Debug\main.o
 .debug_aranges
                0x00000038      0x118 .\CortexM0\ARM_GCC_541\Debug\ssd1306.o
 .debug_aranges
                0x00000150       0x40 .\CortexM0\ARM_GCC_541\Debug\cyfitter_cfg.o
 .debug_aranges
                0x00000190       0x18 .\CortexM0\ARM_GCC_541\Debug\cybootloader.o
 .debug_aranges
                0x000001a8       0x18 .\CortexM0\ARM_GCC_541\Debug\cymetadata.o
 .debug_aranges
                0x000001c0       0x48 .\CortexM0\ARM_GCC_541\Debug\Cm0Start.o
 .debug_aranges
                0x00000208       0x68 .\CortexM0\ARM_GCC_541\Debug\CarVolt1.a(I2C.o)
 .debug_aranges
                0x00000270       0x30 .\CortexM0\ARM_GCC_541\Debug\CarVolt1.a(I2C_I2C.o)
 .debug_aranges
                0x000002a0       0x98 .\CortexM0\ARM_GCC_541\Debug\CarVolt1.a(I2C_I2C_MASTER.o)
 .debug_aranges
                0x00000338       0xa8 .\CortexM0\ARM_GCC_541\Debug\CarVolt1.a(ADC.o)
 .debug_aranges
                0x000003e0       0x20 .\CortexM0\ARM_GCC_541\Debug\CarVolt1.a(ADC_INT.o)
 .debug_aranges
                0x00000400       0x48 .\CortexM0\ARM_GCC_541\Debug\CarVolt1.a(I2C_sda.o)
 .debug_aranges
                0x00000448       0x48 .\CortexM0\ARM_GCC_541\Debug\CarVolt1.a(I2C_scl.o)
 .debug_aranges
                0x00000490      0x180 .\CortexM0\ARM_GCC_541\Debug\CarVolt1.a(CyLib.o)
 .debug_aranges
                0x00000610      0x138 .\CortexM0\ARM_GCC_541\Debug\CarVolt1.a(CyLFClk.o)
 .debug_aranges
                0x00000748       0x50 .\CortexM0\ARM_GCC_541\Debug\CarVolt1.a(TX.o)
 .debug_aranges
                0x00000798       0x20 .\CortexM0\ARM_GCC_541\Debug\CarVolt1.a(CyBootAsmGnu.o)
 .debug_aranges
                0x000007b8       0x20 .\CortexM0\ARM_GCC_541\Debug\CarVolt1.a(TX_AsmGnu.o)
 .debug_aranges
                0x000007d8       0x20 .\CortexM0\ARM_GCC_541\Debug\CarVolt1.a(I2C_I2C_INT.o)

.debug_pubnames
 *(.debug_pubnames)

.debug_info     0x00000000     0x56c4
 *(.debug_info .gnu.linkonce.wi.*)
 .debug_info    0x00000000      0x629 .\CortexM0\ARM_GCC_541\Debug\main.o
 .debug_info    0x00000629     0x1399 .\CortexM0\ARM_GCC_541\Debug\ssd1306.o
 .debug_info    0x000019c2      0x2de .\CortexM0\ARM_GCC_541\Debug\cyfitter_cfg.o
 .debug_info    0x00001ca0      0x153 .\CortexM0\ARM_GCC_541\Debug\cybootloader.o
 .debug_info    0x00001df3       0xac .\CortexM0\ARM_GCC_541\Debug\cymetadata.o
 .debug_info    0x00001e9f      0x3b3 .\CortexM0\ARM_GCC_541\Debug\Cm0Start.o
 .debug_info    0x00002252      0x2aa .\CortexM0\ARM_GCC_541\Debug\CarVolt1.a(I2C.o)
 .debug_info    0x000024fc      0x195 .\CortexM0\ARM_GCC_541\Debug\CarVolt1.a(I2C_I2C.o)
 .debug_info    0x00002691      0x91d .\CortexM0\ARM_GCC_541\Debug\CarVolt1.a(I2C_I2C_MASTER.o)
 .debug_info    0x00002fae      0x5a5 .\CortexM0\ARM_GCC_541\Debug\CarVolt1.a(ADC.o)
 .debug_info    0x00003553       0xcb .\CortexM0\ARM_GCC_541\Debug\CarVolt1.a(ADC_INT.o)
 .debug_info    0x0000361e      0x19d .\CortexM0\ARM_GCC_541\Debug\CarVolt1.a(I2C_sda.o)
 .debug_info    0x000037bb      0x19b .\CortexM0\ARM_GCC_541\Debug\CarVolt1.a(I2C_scl.o)
 .debug_info    0x00003956      0xaed .\CortexM0\ARM_GCC_541\Debug\CarVolt1.a(CyLib.o)
 .debug_info    0x00004443      0xcfe .\CortexM0\ARM_GCC_541\Debug\CarVolt1.a(CyLFClk.o)
 .debug_info    0x00005141      0x2c4 .\CortexM0\ARM_GCC_541\Debug\CarVolt1.a(TX.o)
 .debug_info    0x00005405       0x8d .\CortexM0\ARM_GCC_541\Debug\CarVolt1.a(CyBootAsmGnu.o)
 .debug_info    0x00005492       0x8a .\CortexM0\ARM_GCC_541\Debug\CarVolt1.a(TX_AsmGnu.o)
 .debug_info    0x0000551c      0x1a8 .\CortexM0\ARM_GCC_541\Debug\CarVolt1.a(I2C_I2C_INT.o)

.debug_abbrev   0x00000000     0x1515
 *(.debug_abbrev)
 .debug_abbrev  0x00000000      0x15b .\CortexM0\ARM_GCC_541\Debug\main.o
 .debug_abbrev  0x0000015b      0x281 .\CortexM0\ARM_GCC_541\Debug\ssd1306.o
 .debug_abbrev  0x000003dc      0x188 .\CortexM0\ARM_GCC_541\Debug\cyfitter_cfg.o
 .debug_abbrev  0x00000564       0x77 .\CortexM0\ARM_GCC_541\Debug\cybootloader.o
 .debug_abbrev  0x000005db       0x5d .\CortexM0\ARM_GCC_541\Debug\cymetadata.o
 .debug_abbrev  0x00000638      0x1e8 .\CortexM0\ARM_GCC_541\Debug\Cm0Start.o
 .debug_abbrev  0x00000820      0x130 .\CortexM0\ARM_GCC_541\Debug\CarVolt1.a(I2C.o)
 .debug_abbrev  0x00000950       0xc7 .\CortexM0\ARM_GCC_541\Debug\CarVolt1.a(I2C_I2C.o)
 .debug_abbrev  0x00000a17      0x1b3 .\CortexM0\ARM_GCC_541\Debug\CarVolt1.a(I2C_I2C_MASTER.o)
 .debug_abbrev  0x00000bca      0x19e .\CortexM0\ARM_GCC_541\Debug\CarVolt1.a(ADC.o)
 .debug_abbrev  0x00000d68       0x65 .\CortexM0\ARM_GCC_541\Debug\CarVolt1.a(ADC_INT.o)
 .debug_abbrev  0x00000dcd       0xc8 .\CortexM0\ARM_GCC_541\Debug\CarVolt1.a(I2C_sda.o)
 .debug_abbrev  0x00000e95       0xc8 .\CortexM0\ARM_GCC_541\Debug\CarVolt1.a(I2C_scl.o)
 .debug_abbrev  0x00000f5d      0x1d3 .\CortexM0\ARM_GCC_541\Debug\CarVolt1.a(CyLib.o)
 .debug_abbrev  0x00001130      0x210 .\CortexM0\ARM_GCC_541\Debug\CarVolt1.a(CyLFClk.o)
 .debug_abbrev  0x00001340      0x109 .\CortexM0\ARM_GCC_541\Debug\CarVolt1.a(TX.o)
 .debug_abbrev  0x00001449       0x14 .\CortexM0\ARM_GCC_541\Debug\CarVolt1.a(CyBootAsmGnu.o)
 .debug_abbrev  0x0000145d       0x14 .\CortexM0\ARM_GCC_541\Debug\CarVolt1.a(TX_AsmGnu.o)
 .debug_abbrev  0x00001471       0xa4 .\CortexM0\ARM_GCC_541\Debug\CarVolt1.a(I2C_I2C_INT.o)

.debug_line     0x00000000     0x23cc
 *(.debug_line)
 .debug_line    0x00000000      0x288 .\CortexM0\ARM_GCC_541\Debug\main.o
 .debug_line    0x00000288      0x64d .\CortexM0\ARM_GCC_541\Debug\ssd1306.o
 .debug_line    0x000008d5      0x161 .\CortexM0\ARM_GCC_541\Debug\cyfitter_cfg.o
 .debug_line    0x00000a36       0x53 .\CortexM0\ARM_GCC_541\Debug\cybootloader.o
 .debug_line    0x00000a89      0x141 .\CortexM0\ARM_GCC_541\Debug\cymetadata.o
 .debug_line    0x00000bca      0x238 .\CortexM0\ARM_GCC_541\Debug\Cm0Start.o
 .debug_line    0x00000e02      0x143 .\CortexM0\ARM_GCC_541\Debug\CarVolt1.a(I2C.o)
 .debug_line    0x00000f45       0xc3 .\CortexM0\ARM_GCC_541\Debug\CarVolt1.a(I2C_I2C.o)
 .debug_line    0x00001008      0x339 .\CortexM0\ARM_GCC_541\Debug\CarVolt1.a(I2C_I2C_MASTER.o)
 .debug_line    0x00001341      0x29d .\CortexM0\ARM_GCC_541\Debug\CarVolt1.a(ADC.o)
 .debug_line    0x000015de       0x62 .\CortexM0\ARM_GCC_541\Debug\CarVolt1.a(ADC_INT.o)
 .debug_line    0x00001640       0xbf .\CortexM0\ARM_GCC_541\Debug\CarVolt1.a(I2C_sda.o)
 .debug_line    0x000016ff       0xbe .\CortexM0\ARM_GCC_541\Debug\CarVolt1.a(I2C_scl.o)
 .debug_line    0x000017bd      0x460 .\CortexM0\ARM_GCC_541\Debug\CarVolt1.a(CyLib.o)
 .debug_line    0x00001c1d      0x466 .\CortexM0\ARM_GCC_541\Debug\CarVolt1.a(CyLFClk.o)
 .debug_line    0x00002083       0xe6 .\CortexM0\ARM_GCC_541\Debug\CarVolt1.a(TX.o)
 .debug_line    0x00002169       0x69 .\CortexM0\ARM_GCC_541\Debug\CarVolt1.a(CyBootAsmGnu.o)
 .debug_line    0x000021d2       0x9b .\CortexM0\ARM_GCC_541\Debug\CarVolt1.a(TX_AsmGnu.o)
 .debug_line    0x0000226d      0x15f .\CortexM0\ARM_GCC_541\Debug\CarVolt1.a(I2C_I2C_INT.o)

.debug_frame    0x00000000     0x1b08
 *(.debug_frame)
 .debug_frame   0x00000000       0x90 .\CortexM0\ARM_GCC_541\Debug\main.o
 .debug_frame   0x00000090      0x3ac .\CortexM0\ARM_GCC_541\Debug\ssd1306.o
 .debug_frame   0x0000043c       0x94 .\CortexM0\ARM_GCC_541\Debug\cyfitter_cfg.o
 .debug_frame   0x000004d0       0xbc .\CortexM0\ARM_GCC_541\Debug\Cm0Start.o
 .debug_frame   0x0000058c       0xf8 .\CortexM0\ARM_GCC_541\Debug\CarVolt1.a(I2C.o)
 .debug_frame   0x00000684       0x58 .\CortexM0\ARM_GCC_541\Debug\CarVolt1.a(I2C_I2C.o)
 .debug_frame   0x000006dc      0x1e8 .\CortexM0\ARM_GCC_541\Debug\CarVolt1.a(I2C_I2C_MASTER.o)
 .debug_frame   0x000008c4      0x1b0 .\CortexM0\ARM_GCC_541\Debug\CarVolt1.a(ADC.o)
 .debug_frame   0x00000a74       0x20 .\CortexM0\ARM_GCC_541\Debug\CarVolt1.a(ADC_INT.o)
 .debug_frame   0x00000a94       0x70 .\CortexM0\ARM_GCC_541\Debug\CarVolt1.a(I2C_sda.o)
 .debug_frame   0x00000b04       0x70 .\CortexM0\ARM_GCC_541\Debug\CarVolt1.a(I2C_scl.o)
 .debug_frame   0x00000b74      0x3e0 .\CortexM0\ARM_GCC_541\Debug\CarVolt1.a(CyLib.o)
 .debug_frame   0x00000f54      0x3a8 .\CortexM0\ARM_GCC_541\Debug\CarVolt1.a(CyLFClk.o)
 .debug_frame   0x000012fc       0xc8 .\CortexM0\ARM_GCC_541\Debug\CarVolt1.a(TX.o)
 .debug_frame   0x000013c4       0x2c .\CortexM0\ARM_GCC_541\Debug\CarVolt1.a(I2C_I2C_INT.o)
 .debug_frame   0x000013f0       0x20 c:/program files (x86)/cypress/psoc creator/4.4/psoc creator/import/gnu/arm/5.4.1/bin/../lib/gcc/arm-none-eabi/5.4.1/armv6-m\libgcc.a(_udivsi3.o)
 .debug_frame   0x00001410       0x20 c:/program files (x86)/cypress/psoc creator/4.4/psoc creator/import/gnu/arm/5.4.1/bin/../lib/gcc/arm-none-eabi/5.4.1/armv6-m\libgcc.a(_divsi3.o)
 .debug_frame   0x00001430       0x34 c:/program files (x86)/cypress/psoc creator/4.4/psoc creator/import/gnu/arm/5.4.1/bin/../lib/gcc/arm-none-eabi/5.4.1/armv6-m\libgcc.a(_muldi3.o)
 .debug_frame   0x00001464       0x30 c:/program files (x86)/cypress/psoc creator/4.4/psoc creator/import/gnu/arm/5.4.1/bin/../lib/gcc/arm-none-eabi/5.4.1/armv6-m\libgcc.a(bpabi.o)
 .debug_frame   0x00001494       0x30 c:/program files (x86)/cypress/psoc creator/4.4/psoc creator/import/gnu/arm/5.4.1/bin/../lib/gcc/arm-none-eabi/5.4.1/armv6-m\libgcc.a(addsf3.o)
 .debug_frame   0x000014c4       0x3c c:/program files (x86)/cypress/psoc creator/4.4/psoc creator/import/gnu/arm/5.4.1/bin/../lib/gcc/arm-none-eabi/5.4.1/armv6-m\libgcc.a(divsf3.o)
 .debug_frame   0x00001500       0x2c c:/program files (x86)/cypress/psoc creator/4.4/psoc creator/import/gnu/arm/5.4.1/bin/../lib/gcc/arm-none-eabi/5.4.1/armv6-m\libgcc.a(eqsf2.o)
 .debug_frame   0x0000152c       0x30 c:/program files (x86)/cypress/psoc creator/4.4/psoc creator/import/gnu/arm/5.4.1/bin/../lib/gcc/arm-none-eabi/5.4.1/armv6-m\libgcc.a(gesf2.o)
 .debug_frame   0x0000155c       0x30 c:/program files (x86)/cypress/psoc creator/4.4/psoc creator/import/gnu/arm/5.4.1/bin/../lib/gcc/arm-none-eabi/5.4.1/armv6-m\libgcc.a(lesf2.o)
 .debug_frame   0x0000158c       0x38 c:/program files (x86)/cypress/psoc creator/4.4/psoc creator/import/gnu/arm/5.4.1/bin/../lib/gcc/arm-none-eabi/5.4.1/armv6-m\libgcc.a(mulsf3.o)
 .debug_frame   0x000015c4       0x30 c:/program files (x86)/cypress/psoc creator/4.4/psoc creator/import/gnu/arm/5.4.1/bin/../lib/gcc/arm-none-eabi/5.4.1/armv6-m\libgcc.a(subsf3.o)
 .debug_frame   0x000015f4       0x20 c:/program files (x86)/cypress/psoc creator/4.4/psoc creator/import/gnu/arm/5.4.1/bin/../lib/gcc/arm-none-eabi/5.4.1/armv6-m\libgcc.a(fixsfsi.o)
 .debug_frame   0x00001614       0x2c c:/program files (x86)/cypress/psoc creator/4.4/psoc creator/import/gnu/arm/5.4.1/bin/../lib/gcc/arm-none-eabi/5.4.1/armv6-m\libgcc.a(floatsisf.o)
 .debug_frame   0x00001640       0x3c c:/program files (x86)/cypress/psoc creator/4.4/psoc creator/import/gnu/arm/5.4.1/bin/../lib/gcc/arm-none-eabi/5.4.1/armv6-m\libgcc.a(muldf3.o)
 .debug_frame   0x0000167c       0x38 c:/program files (x86)/cypress/psoc creator/4.4/psoc creator/import/gnu/arm/5.4.1/bin/../lib/gcc/arm-none-eabi/5.4.1/armv6-m\libgcc.a(subdf3.o)
 .debug_frame   0x000016b4       0x2c c:/program files (x86)/cypress/psoc creator/4.4/psoc creator/import/gnu/arm/5.4.1/bin/../lib/gcc/arm-none-eabi/5.4.1/armv6-m\libgcc.a(fixdfsi.o)
 .debug_frame   0x000016e0       0x2c c:/program files (x86)/cypress/psoc creator/4.4/psoc creator/import/gnu/arm/5.4.1/bin/../lib/gcc/arm-none-eabi/5.4.1/armv6-m\libgcc.a(floatsidf.o)
 .debug_frame   0x0000170c       0x2c c:/program files (x86)/cypress/psoc creator/4.4/psoc creator/import/gnu/arm/5.4.1/bin/../lib/gcc/arm-none-eabi/5.4.1/armv6-m\libgcc.a(floatunsidf.o)
 .debug_frame   0x00001738       0x2c c:/program files (x86)/cypress/psoc creator/4.4/psoc creator/import/gnu/arm/5.4.1/bin/../lib/gcc/arm-none-eabi/5.4.1/armv6-m\libgcc.a(extendsfdf2.o)
 .debug_frame   0x00001764       0x3c c:/program files (x86)/cypress/psoc creator/4.4/psoc creator/import/gnu/arm/5.4.1/bin/../lib/gcc/arm-none-eabi/5.4.1/armv6-m\libgcc.a(_divdi3.o)
 .debug_frame   0x000017a0       0x20 c:/program files (x86)/cypress/psoc creator/4.4/psoc creator/import/gnu/arm/5.4.1/bin/../lib/gcc/arm-none-eabi/5.4.1/../../../../arm-none-eabi/lib/armv6-m\libg_nano.a(lib_a-errno.o)
 .debug_frame   0x000017c0       0x28 c:/program files (x86)/cypress/psoc creator/4.4/psoc creator/import/gnu/arm/5.4.1/bin/../lib/gcc/arm-none-eabi/5.4.1/../../../../arm-none-eabi/lib/armv6-m\libg_nano.a(lib_a-exit.o)
 .debug_frame   0x000017e8       0x2c c:/program files (x86)/cypress/psoc creator/4.4/psoc creator/import/gnu/arm/5.4.1/bin/../lib/gcc/arm-none-eabi/5.4.1/../../../../arm-none-eabi/lib/armv6-m\libg_nano.a(lib_a-init.o)
 .debug_frame   0x00001814       0x28 c:/program files (x86)/cypress/psoc creator/4.4/psoc creator/import/gnu/arm/5.4.1/bin/../lib/gcc/arm-none-eabi/5.4.1/../../../../arm-none-eabi/lib/armv6-m\libg_nano.a(lib_a-memcpy-stub.o)
 .debug_frame   0x0000183c       0x20 c:/program files (x86)/cypress/psoc creator/4.4/psoc creator/import/gnu/arm/5.4.1/bin/../lib/gcc/arm-none-eabi/5.4.1/../../../../arm-none-eabi/lib/armv6-m\libg_nano.a(lib_a-memset.o)
 .debug_frame   0x0000185c       0x50 c:/program files (x86)/cypress/psoc creator/4.4/psoc creator/import/gnu/arm/5.4.1/bin/../lib/gcc/arm-none-eabi/5.4.1/../../../../arm-none-eabi/lib/armv6-m\libg_nano.a(lib_a-sprintf.o)
 .debug_frame   0x000018ac       0x74 c:/program files (x86)/cypress/psoc creator/4.4/psoc creator/import/gnu/arm/5.4.1/bin/../lib/gcc/arm-none-eabi/5.4.1/../../../../arm-none-eabi/lib/armv6-m\libg_nano.a(lib_a-nano-svfprintf.o)
 .debug_frame   0x00001920       0x54 c:/program files (x86)/cypress/psoc creator/4.4/psoc creator/import/gnu/arm/5.4.1/bin/../lib/gcc/arm-none-eabi/5.4.1/../../../../arm-none-eabi/lib/armv6-m\libg_nano.a(lib_a-nano-vfprintf_i.o)
 .debug_frame   0x00001974       0x20 c:/program files (x86)/cypress/psoc creator/4.4/psoc creator/import/gnu/arm/5.4.1/bin/../lib/gcc/arm-none-eabi/5.4.1/../../../../arm-none-eabi/lib/armv6-m\libg_nano.a(lib_a-memchr-stub.o)
 .debug_frame   0x00001994       0x28 c:/program files (x86)/cypress/psoc creator/4.4/psoc creator/import/gnu/arm/5.4.1/bin/../lib/gcc/arm-none-eabi/5.4.1/../../../../arm-none-eabi/lib/armv6-m\libg_nano.a(lib_a-memmove.o)
 .debug_frame   0x000019bc       0x2c c:/program files (x86)/cypress/psoc creator/4.4/psoc creator/import/gnu/arm/5.4.1/bin/../lib/gcc/arm-none-eabi/5.4.1/../../../../arm-none-eabi/lib/armv6-m\libg_nano.a(lib_a-nano-freer.o)
 .debug_frame   0x000019e8       0x2c c:/program files (x86)/cypress/psoc creator/4.4/psoc creator/import/gnu/arm/5.4.1/bin/../lib/gcc/arm-none-eabi/5.4.1/../../../../arm-none-eabi/lib/armv6-m\libg_nano.a(lib_a-nano-mallocr.o)
 .debug_frame   0x00001a14       0x30 c:/program files (x86)/cypress/psoc creator/4.4/psoc creator/import/gnu/arm/5.4.1/bin/../lib/gcc/arm-none-eabi/5.4.1/../../../../arm-none-eabi/lib/armv6-m\libg_nano.a(lib_a-nano-reallocr.o)
 .debug_frame   0x00001a44       0x2c c:/program files (x86)/cypress/psoc creator/4.4/psoc creator/import/gnu/arm/5.4.1/bin/../lib/gcc/arm-none-eabi/5.4.1/../../../../arm-none-eabi/lib/armv6-m\libg_nano.a(lib_a-sbrkr.o)
 .debug_frame   0x00001a70       0x30 c:/program files (x86)/cypress/psoc creator/4.4/psoc creator/import/gnu/arm/5.4.1/bin/../lib/gcc/arm-none-eabi/5.4.1/../../../../arm-none-eabi/lib/armv6-m\libg_nano.a(lib_a-mlock.o)
 .debug_frame   0x00001aa0       0x20 c:/program files (x86)/cypress/psoc creator/4.4/psoc creator/import/gnu/arm/5.4.1/bin/../lib/gcc/arm-none-eabi/5.4.1/../../../../arm-none-eabi/lib/armv6-m\libg_nano.a(lib_a-nano-msizer.o)
 .debug_frame   0x00001ac0       0x48 c:/program files (x86)/cypress/psoc creator/4.4/psoc creator/import/gnu/arm/5.4.1/bin/../lib/gcc/arm-none-eabi/5.4.1/../../../../arm-none-eabi/lib/armv6-m\libg_nano.a(lib_a-reent.o)

.debug_str      0x00000000     0x1b8e
 *(.debug_str)
 .debug_str     0x00000000      0x2d2 .\CortexM0\ARM_GCC_541\Debug\main.o
                                0x32e (size before relaxing)
 .debug_str     0x000002d2      0x406 .\CortexM0\ARM_GCC_541\Debug\ssd1306.o
                                0x69f (size before relaxing)
 .debug_str     0x000006d8       0xdf .\CortexM0\ARM_GCC_541\Debug\cyfitter_cfg.o
                                0x27f (size before relaxing)
 .debug_str     0x000007b7       0x78 .\CortexM0\ARM_GCC_541\Debug\cybootloader.o
                                0x1ea (size before relaxing)
 .debug_str     0x0000082f       0x35 .\CortexM0\ARM_GCC_541\Debug\cymetadata.o
                                0x1a1 (size before relaxing)
 .debug_str     0x00000864      0x14a .\CortexM0\ARM_GCC_541\Debug\Cm0Start.o
                                0x30d (size before relaxing)
 .debug_str     0x000009ae      0x135 .\CortexM0\ARM_GCC_541\Debug\CarVolt1.a(I2C.o)
                                0x2d6 (size before relaxing)
 .debug_str     0x00000ae3       0x85 .\CortexM0\ARM_GCC_541\Debug\CarVolt1.a(I2C_I2C.o)
                                0x24b (size before relaxing)
 .debug_str     0x00000b68      0x284 .\CortexM0\ARM_GCC_541\Debug\CarVolt1.a(I2C_I2C_MASTER.o)
                                0x4e9 (size before relaxing)
 .debug_str     0x00000dec      0x18d .\CortexM0\ARM_GCC_541\Debug\CarVolt1.a(ADC.o)
                                0x3d5 (size before relaxing)
 .debug_str     0x00000f79       0x35 .\CortexM0\ARM_GCC_541\Debug\CarVolt1.a(ADC_INT.o)
                                0x1ba (size before relaxing)
 .debug_str     0x00000fae       0xb2 .\CortexM0\ARM_GCC_541\Debug\CarVolt1.a(I2C_sda.o)
                                0x241 (size before relaxing)
 .debug_str     0x00001060       0x7a .\CortexM0\ARM_GCC_541\Debug\CarVolt1.a(I2C_scl.o)
                                0x241 (size before relaxing)
 .debug_str     0x000010da      0x483 .\CortexM0\ARM_GCC_541\Debug\CarVolt1.a(CyLib.o)
                                0x6b3 (size before relaxing)
 .debug_str     0x0000155d      0x522 .\CortexM0\ARM_GCC_541\Debug\CarVolt1.a(CyLFClk.o)
                                0x73a (size before relaxing)
 .debug_str     0x00001a7f       0xc8 .\CortexM0\ARM_GCC_541\Debug\CarVolt1.a(TX.o)
                                0x27a (size before relaxing)
 .debug_str     0x00001b47       0x47 .\CortexM0\ARM_GCC_541\Debug\CarVolt1.a(I2C_I2C_INT.o)
                                0x2bb (size before relaxing)

.debug_loc      0x00000000     0x374b
 *(.debug_loc)
 .debug_loc     0x00000000      0x1e4 .\CortexM0\ARM_GCC_541\Debug\main.o
 .debug_loc     0x000001e4     0x10a2 .\CortexM0\ARM_GCC_541\Debug\ssd1306.o
 .debug_loc     0x00001286       0xc7 .\CortexM0\ARM_GCC_541\Debug\cyfitter_cfg.o
 .debug_loc     0x0000134d      0x14f .\CortexM0\ARM_GCC_541\Debug\Cm0Start.o
 .debug_loc     0x0000149c       0x7e .\CortexM0\ARM_GCC_541\Debug\CarVolt1.a(I2C.o)
 .debug_loc     0x0000151a      0xa90 .\CortexM0\ARM_GCC_541\Debug\CarVolt1.a(I2C_I2C_MASTER.o)
 .debug_loc     0x00001faa      0x4f7 .\CortexM0\ARM_GCC_541\Debug\CarVolt1.a(ADC.o)
 .debug_loc     0x000024a1       0xa2 .\CortexM0\ARM_GCC_541\Debug\CarVolt1.a(I2C_sda.o)
 .debug_loc     0x00002543       0x81 .\CortexM0\ARM_GCC_541\Debug\CarVolt1.a(I2C_scl.o)
 .debug_loc     0x000025c4      0x599 .\CortexM0\ARM_GCC_541\Debug\CarVolt1.a(CyLib.o)
 .debug_loc     0x00002b5d      0x9b5 .\CortexM0\ARM_GCC_541\Debug\CarVolt1.a(CyLFClk.o)
 .debug_loc     0x00003512      0x12d .\CortexM0\ARM_GCC_541\Debug\CarVolt1.a(TX.o)
 .debug_loc     0x0000363f      0x10c .\CortexM0\ARM_GCC_541\Debug\CarVolt1.a(I2C_I2C_INT.o)

.debug_macinfo
 *(.debug_macinfo)

.debug_ranges   0x00000000      0x698
 *(.debug_ranges)
 .debug_ranges  0x00000000       0x28 .\CortexM0\ARM_GCC_541\Debug\main.o
 .debug_ranges  0x00000028      0x108 .\CortexM0\ARM_GCC_541\Debug\ssd1306.o
 .debug_ranges  0x00000130       0x30 .\CortexM0\ARM_GCC_541\Debug\cyfitter_cfg.o
 .debug_ranges  0x00000160       0x38 .\CortexM0\ARM_GCC_541\Debug\Cm0Start.o
 .debug_ranges  0x00000198       0x58 .\CortexM0\ARM_GCC_541\Debug\CarVolt1.a(I2C.o)
 .debug_ranges  0x000001f0       0x20 .\CortexM0\ARM_GCC_541\Debug\CarVolt1.a(I2C_I2C.o)
 .debug_ranges  0x00000210       0x88 .\CortexM0\ARM_GCC_541\Debug\CarVolt1.a(I2C_I2C_MASTER.o)
 .debug_ranges  0x00000298       0x98 .\CortexM0\ARM_GCC_541\Debug\CarVolt1.a(ADC.o)
 .debug_ranges  0x00000330       0x10 .\CortexM0\ARM_GCC_541\Debug\CarVolt1.a(ADC_INT.o)
 .debug_ranges  0x00000340       0x38 .\CortexM0\ARM_GCC_541\Debug\CarVolt1.a(I2C_sda.o)
 .debug_ranges  0x00000378       0x38 .\CortexM0\ARM_GCC_541\Debug\CarVolt1.a(I2C_scl.o)
 .debug_ranges  0x000003b0      0x170 .\CortexM0\ARM_GCC_541\Debug\CarVolt1.a(CyLib.o)
 .debug_ranges  0x00000520      0x128 .\CortexM0\ARM_GCC_541\Debug\CarVolt1.a(CyLFClk.o)
 .debug_ranges  0x00000648       0x40 .\CortexM0\ARM_GCC_541\Debug\CarVolt1.a(TX.o)
 .debug_ranges  0x00000688       0x10 .\CortexM0\ARM_GCC_541\Debug\CarVolt1.a(I2C_I2C_INT.o)

.comment        0x00000000       0x6e
 .comment       0x00000000       0x6e .\CortexM0\ARM_GCC_541\Debug\main.o
                                 0x6f (size before relaxing)
 .comment       0x0000006e       0x6f .\CortexM0\ARM_GCC_541\Debug\ssd1306.o
 .comment       0x0000006e       0x6f .\CortexM0\ARM_GCC_541\Debug\cyfitter_cfg.o
 .comment       0x0000006e       0x6f .\CortexM0\ARM_GCC_541\Debug\cybootloader.o
 .comment       0x0000006e       0x6f .\CortexM0\ARM_GCC_541\Debug\cymetadata.o
 .comment       0x0000006e       0x6f .\CortexM0\ARM_GCC_541\Debug\Cm0Start.o
 .comment       0x0000006e       0x6f .\CortexM0\ARM_GCC_541\Debug\CarVolt1.a(I2C.o)
 .comment       0x0000006e       0x6f .\CortexM0\ARM_GCC_541\Debug\CarVolt1.a(I2C_I2C.o)
 .comment       0x0000006e       0x6f .\CortexM0\ARM_GCC_541\Debug\CarVolt1.a(I2C_I2C_MASTER.o)
 .comment       0x0000006e       0x6f .\CortexM0\ARM_GCC_541\Debug\CarVolt1.a(ADC.o)
 .comment       0x0000006e       0x6f .\CortexM0\ARM_GCC_541\Debug\CarVolt1.a(ADC_INT.o)
 .comment       0x0000006e       0x6f .\CortexM0\ARM_GCC_541\Debug\CarVolt1.a(I2C_sda.o)
 .comment       0x0000006e       0x6f .\CortexM0\ARM_GCC_541\Debug\CarVolt1.a(I2C_scl.o)
 .comment       0x0000006e       0x6f .\CortexM0\ARM_GCC_541\Debug\CarVolt1.a(CyLib.o)
 .comment       0x0000006e       0x6f .\CortexM0\ARM_GCC_541\Debug\CarVolt1.a(CyLFClk.o)
 .comment       0x0000006e       0x6f .\CortexM0\ARM_GCC_541\Debug\CarVolt1.a(TX.o)
 .comment       0x0000006e       0x6f .\CortexM0\ARM_GCC_541\Debug\CarVolt1.a(I2C_I2C_INT.o)

.debug_weaknames
 *(.debug_weaknames)

.debug_funcnames
 *(.debug_funcnames)

.debug_typenames
 *(.debug_typenames)

.debug_varnames
 *(.debug_varnames)

.note.gnu.arm.ident
 *(.note.gnu.arm.ident)

.ARM.attributes
                0x00000000       0x28
 *(.ARM.attributes)
 .ARM.attributes
                0x00000000       0x1e c:/program files (x86)/cypress/psoc creator/4.4/psoc creator/import/gnu/arm/5.4.1/bin/../lib/gcc/arm-none-eabi/5.4.1/armv6-m/crti.o
 .ARM.attributes
                0x0000001e       0x2c c:/program files (x86)/cypress/psoc creator/4.4/psoc creator/import/gnu/arm/5.4.1/bin/../lib/gcc/arm-none-eabi/5.4.1/armv6-m/crtbegin.o
 .ARM.attributes
                0x0000004a       0x1b c:/program files (x86)/cypress/psoc creator/4.4/psoc creator/import/gnu/arm/5.4.1/bin/../lib/gcc/arm-none-eabi/5.4.1/../../../../arm-none-eabi/lib/armv6-m/crt0.o
 .ARM.attributes
                0x00000065       0x31 .\CortexM0\ARM_GCC_541\Debug\main.o
 .ARM.attributes
                0x00000096       0x31 .\CortexM0\ARM_GCC_541\Debug\ssd1306.o
 .ARM.attributes
                0x000000c7       0x31 .\CortexM0\ARM_GCC_541\Debug\cyfitter_cfg.o
 .ARM.attributes
                0x000000f8       0x31 .\CortexM0\ARM_GCC_541\Debug\cybootloader.o
 .ARM.attributes
                0x00000129       0x31 .\CortexM0\ARM_GCC_541\Debug\cymetadata.o
 .ARM.attributes
                0x0000015a       0x31 .\CortexM0\ARM_GCC_541\Debug\Cm0Start.o
 .ARM.attributes
                0x0000018b       0x31 .\CortexM0\ARM_GCC_541\Debug\CarVolt1.a(I2C.o)
 .ARM.attributes
                0x000001bc       0x31 .\CortexM0\ARM_GCC_541\Debug\CarVolt1.a(I2C_I2C.o)
 .ARM.attributes
                0x000001ed       0x31 .\CortexM0\ARM_GCC_541\Debug\CarVolt1.a(I2C_I2C_MASTER.o)
 .ARM.attributes
                0x0000021e       0x31 .\CortexM0\ARM_GCC_541\Debug\CarVolt1.a(ADC.o)
 .ARM.attributes
                0x0000024f       0x31 .\CortexM0\ARM_GCC_541\Debug\CarVolt1.a(ADC_INT.o)
 .ARM.attributes
                0x00000280       0x31 .\CortexM0\ARM_GCC_541\Debug\CarVolt1.a(I2C_sda.o)
 .ARM.attributes
                0x000002b1       0x31 .\CortexM0\ARM_GCC_541\Debug\CarVolt1.a(I2C_scl.o)
 .ARM.attributes
                0x000002e2       0x31 .\CortexM0\ARM_GCC_541\Debug\CarVolt1.a(CyLib.o)
 .ARM.attributes
                0x00000313       0x31 .\CortexM0\ARM_GCC_541\Debug\CarVolt1.a(CyLFClk.o)
 .ARM.attributes
                0x00000344       0x31 .\CortexM0\ARM_GCC_541\Debug\CarVolt1.a(TX.o)
 .ARM.attributes
                0x00000375       0x21 .\CortexM0\ARM_GCC_541\Debug\CarVolt1.a(CyBootAsmGnu.o)
 .ARM.attributes
                0x00000396       0x21 .\CortexM0\ARM_GCC_541\Debug\CarVolt1.a(TX_AsmGnu.o)
 .ARM.attributes
                0x000003b7       0x31 .\CortexM0\ARM_GCC_541\Debug\CarVolt1.a(I2C_I2C_INT.o)
 .ARM.attributes
                0x000003e8       0x1e c:/program files (x86)/cypress/psoc creator/4.4/psoc creator/import/gnu/arm/5.4.1/bin/../lib/gcc/arm-none-eabi/5.4.1/armv6-m\libgcc.a(_udivsi3.o)
 .ARM.attributes
                0x00000406       0x1e c:/program files (x86)/cypress/psoc creator/4.4/psoc creator/import/gnu/arm/5.4.1/bin/../lib/gcc/arm-none-eabi/5.4.1/armv6-m\libgcc.a(_divsi3.o)
 .ARM.attributes
                0x00000424       0x1e c:/program files (x86)/cypress/psoc creator/4.4/psoc creator/import/gnu/arm/5.4.1/bin/../lib/gcc/arm-none-eabi/5.4.1/armv6-m\libgcc.a(_dvmd_tls.o)
 .ARM.attributes
                0x00000442       0x1e c:/program files (x86)/cypress/psoc creator/4.4/psoc creator/import/gnu/arm/5.4.1/bin/../lib/gcc/arm-none-eabi/5.4.1/armv6-m\libgcc.a(_arm_cmpsf2.o)
 .ARM.attributes
                0x00000460       0x1e c:/program files (x86)/cypress/psoc creator/4.4/psoc creator/import/gnu/arm/5.4.1/bin/../lib/gcc/arm-none-eabi/5.4.1/armv6-m\libgcc.a(_aeabi_ldivmod.o)
 .ARM.attributes
                0x0000047e       0x2c c:/program files (x86)/cypress/psoc creator/4.4/psoc creator/import/gnu/arm/5.4.1/bin/../lib/gcc/arm-none-eabi/5.4.1/armv6-m\libgcc.a(_muldi3.o)
 .ARM.attributes
                0x000004aa       0x2c c:/program files (x86)/cypress/psoc creator/4.4/psoc creator/import/gnu/arm/5.4.1/bin/../lib/gcc/arm-none-eabi/5.4.1/armv6-m\libgcc.a(bpabi.o)
 .ARM.attributes
                0x000004d6       0x2c c:/program files (x86)/cypress/psoc creator/4.4/psoc creator/import/gnu/arm/5.4.1/bin/../lib/gcc/arm-none-eabi/5.4.1/armv6-m\libgcc.a(addsf3.o)
 .ARM.attributes
                0x00000502       0x2c c:/program files (x86)/cypress/psoc creator/4.4/psoc creator/import/gnu/arm/5.4.1/bin/../lib/gcc/arm-none-eabi/5.4.1/armv6-m\libgcc.a(divsf3.o)
 .ARM.attributes
                0x0000052e       0x2c c:/program files (x86)/cypress/psoc creator/4.4/psoc creator/import/gnu/arm/5.4.1/bin/../lib/gcc/arm-none-eabi/5.4.1/armv6-m\libgcc.a(eqsf2.o)
 .ARM.attributes
                0x0000055a       0x2c c:/program files (x86)/cypress/psoc creator/4.4/psoc creator/import/gnu/arm/5.4.1/bin/../lib/gcc/arm-none-eabi/5.4.1/armv6-m\libgcc.a(gesf2.o)
 .ARM.attributes
                0x00000586       0x2c c:/program files (x86)/cypress/psoc creator/4.4/psoc creator/import/gnu/arm/5.4.1/bin/../lib/gcc/arm-none-eabi/5.4.1/armv6-m\libgcc.a(lesf2.o)
 .ARM.attributes
                0x000005b2       0x2c c:/program files (x86)/cypress/psoc creator/4.4/psoc creator/import/gnu/arm/5.4.1/bin/../lib/gcc/arm-none-eabi/5.4.1/armv6-m\libgcc.a(mulsf3.o)
 .ARM.attributes
                0x000005de       0x2c c:/program files (x86)/cypress/psoc creator/4.4/psoc creator/import/gnu/arm/5.4.1/bin/../lib/gcc/arm-none-eabi/5.4.1/armv6-m\libgcc.a(subsf3.o)
 .ARM.attributes
                0x0000060a       0x2c c:/program files (x86)/cypress/psoc creator/4.4/psoc creator/import/gnu/arm/5.4.1/bin/../lib/gcc/arm-none-eabi/5.4.1/armv6-m\libgcc.a(fixsfsi.o)
 .ARM.attributes
                0x00000636       0x2c c:/program files (x86)/cypress/psoc creator/4.4/psoc creator/import/gnu/arm/5.4.1/bin/../lib/gcc/arm-none-eabi/5.4.1/armv6-m\libgcc.a(floatsisf.o)
 .ARM.attributes
                0x00000662       0x2c c:/program files (x86)/cypress/psoc creator/4.4/psoc creator/import/gnu/arm/5.4.1/bin/../lib/gcc/arm-none-eabi/5.4.1/armv6-m\libgcc.a(muldf3.o)
 .ARM.attributes
                0x0000068e       0x2c c:/program files (x86)/cypress/psoc creator/4.4/psoc creator/import/gnu/arm/5.4.1/bin/../lib/gcc/arm-none-eabi/5.4.1/armv6-m\libgcc.a(subdf3.o)
 .ARM.attributes
                0x000006ba       0x2c c:/program files (x86)/cypress/psoc creator/4.4/psoc creator/import/gnu/arm/5.4.1/bin/../lib/gcc/arm-none-eabi/5.4.1/armv6-m\libgcc.a(fixdfsi.o)
 .ARM.attributes
                0x000006e6       0x2c c:/program files (x86)/cypress/psoc creator/4.4/psoc creator/import/gnu/arm/5.4.1/bin/../lib/gcc/arm-none-eabi/5.4.1/armv6-m\libgcc.a(floatsidf.o)
 .ARM.attributes
                0x00000712       0x2c c:/program files (x86)/cypress/psoc creator/4.4/psoc creator/import/gnu/arm/5.4.1/bin/../lib/gcc/arm-none-eabi/5.4.1/armv6-m\libgcc.a(floatunsidf.o)
 .ARM.attributes
                0x0000073e       0x2c c:/program files (x86)/cypress/psoc creator/4.4/psoc creator/import/gnu/arm/5.4.1/bin/../lib/gcc/arm-none-eabi/5.4.1/armv6-m\libgcc.a(extendsfdf2.o)
 .ARM.attributes
                0x0000076a       0x1e c:/program files (x86)/cypress/psoc creator/4.4/psoc creator/import/gnu/arm/5.4.1/bin/../lib/gcc/arm-none-eabi/5.4.1/armv6-m\libgcc.a(_clzsi2.o)
 .ARM.attributes
                0x00000788       0x2c c:/program files (x86)/cypress/psoc creator/4.4/psoc creator/import/gnu/arm/5.4.1/bin/../lib/gcc/arm-none-eabi/5.4.1/armv6-m\libgcc.a(_divdi3.o)
 .ARM.attributes
                0x000007b4       0x1e c:/program files (x86)/cypress/psoc creator/4.4/psoc creator/import/gnu/arm/5.4.1/bin/../lib/gcc/arm-none-eabi/5.4.1/armv6-m\libgcc.a(_clzdi2.o)
 .ARM.attributes
                0x000007d2       0x2c c:/program files (x86)/cypress/psoc creator/4.4/psoc creator/import/gnu/arm/5.4.1/bin/../lib/gcc/arm-none-eabi/5.4.1/../../../../arm-none-eabi/lib/armv6-m\libg_nano.a(lib_a-errno.o)
 .ARM.attributes
                0x000007fe       0x2c c:/program files (x86)/cypress/psoc creator/4.4/psoc creator/import/gnu/arm/5.4.1/bin/../lib/gcc/arm-none-eabi/5.4.1/../../../../arm-none-eabi/lib/armv6-m\libg_nano.a(lib_a-exit.o)
 .ARM.attributes
                0x0000082a       0x2c c:/program files (x86)/cypress/psoc creator/4.4/psoc creator/import/gnu/arm/5.4.1/bin/../lib/gcc/arm-none-eabi/5.4.1/../../../../arm-none-eabi/lib/armv6-m\libg_nano.a(lib_a-impure.o)
 .ARM.attributes
                0x00000856       0x2c c:/program files (x86)/cypress/psoc creator/4.4/psoc creator/import/gnu/arm/5.4.1/bin/../lib/gcc/arm-none-eabi/5.4.1/../../../../arm-none-eabi/lib/armv6-m\libg_nano.a(lib_a-init.o)
 .ARM.attributes
                0x00000882       0x2c c:/program files (x86)/cypress/psoc creator/4.4/psoc creator/import/gnu/arm/5.4.1/bin/../lib/gcc/arm-none-eabi/5.4.1/../../../../arm-none-eabi/lib/armv6-m\libg_nano.a(lib_a-memcpy-stub.o)
 .ARM.attributes
                0x000008ae       0x2c c:/program files (x86)/cypress/psoc creator/4.4/psoc creator/import/gnu/arm/5.4.1/bin/../lib/gcc/arm-none-eabi/5.4.1/../../../../arm-none-eabi/lib/armv6-m\libg_nano.a(lib_a-memset.o)
 .ARM.attributes
                0x000008da       0x2c c:/program files (x86)/cypress/psoc creator/4.4/psoc creator/import/gnu/arm/5.4.1/bin/../lib/gcc/arm-none-eabi/5.4.1/../../../../arm-none-eabi/lib/armv6-m\libg_nano.a(lib_a-sprintf.o)
 .ARM.attributes
                0x00000906       0x1c c:/program files (x86)/cypress/psoc creator/4.4/psoc creator/import/gnu/arm/5.4.1/bin/../lib/gcc/arm-none-eabi/5.4.1/../../../../arm-none-eabi/lib/armv6-m\libg_nano.a(lib_a-strlen.o)
 .ARM.attributes
                0x00000922       0x2c c:/program files (x86)/cypress/psoc creator/4.4/psoc creator/import/gnu/arm/5.4.1/bin/../lib/gcc/arm-none-eabi/5.4.1/../../../../arm-none-eabi/lib/armv6-m\libg_nano.a(lib_a-nano-svfprintf.o)
 .ARM.attributes
                0x0000094e       0x2c c:/program files (x86)/cypress/psoc creator/4.4/psoc creator/import/gnu/arm/5.4.1/bin/../lib/gcc/arm-none-eabi/5.4.1/../../../../arm-none-eabi/lib/armv6-m\libg_nano.a(lib_a-nano-vfprintf_i.o)
 .ARM.attributes
                0x0000097a       0x2c c:/program files (x86)/cypress/psoc creator/4.4/psoc creator/import/gnu/arm/5.4.1/bin/../lib/gcc/arm-none-eabi/5.4.1/../../../../arm-none-eabi/lib/armv6-m\libg_nano.a(lib_a-memchr-stub.o)
 .ARM.attributes
                0x000009a6       0x2c c:/program files (x86)/cypress/psoc creator/4.4/psoc creator/import/gnu/arm/5.4.1/bin/../lib/gcc/arm-none-eabi/5.4.1/../../../../arm-none-eabi/lib/armv6-m\libg_nano.a(lib_a-memmove.o)
 .ARM.attributes
                0x000009d2       0x2c c:/program files (x86)/cypress/psoc creator/4.4/psoc creator/import/gnu/arm/5.4.1/bin/../lib/gcc/arm-none-eabi/5.4.1/../../../../arm-none-eabi/lib/armv6-m\libg_nano.a(lib_a-nano-freer.o)
 .ARM.attributes
                0x000009fe       0x2c c:/program files (x86)/cypress/psoc creator/4.4/psoc creator/import/gnu/arm/5.4.1/bin/../lib/gcc/arm-none-eabi/5.4.1/../../../../arm-none-eabi/lib/armv6-m\libg_nano.a(lib_a-nano-mallocr.o)
 .ARM.attributes
                0x00000a2a       0x2c c:/program files (x86)/cypress/psoc creator/4.4/psoc creator/import/gnu/arm/5.4.1/bin/../lib/gcc/arm-none-eabi/5.4.1/../../../../arm-none-eabi/lib/armv6-m\libg_nano.a(lib_a-nano-reallocr.o)
 .ARM.attributes
                0x00000a56       0x2c c:/program files (x86)/cypress/psoc creator/4.4/psoc creator/import/gnu/arm/5.4.1/bin/../lib/gcc/arm-none-eabi/5.4.1/../../../../arm-none-eabi/lib/armv6-m\libg_nano.a(lib_a-sbrkr.o)
 .ARM.attributes
                0x00000a82       0x2c c:/program files (x86)/cypress/psoc creator/4.4/psoc creator/import/gnu/arm/5.4.1/bin/../lib/gcc/arm-none-eabi/5.4.1/../../../../arm-none-eabi/lib/armv6-m\libg_nano.a(lib_a-mlock.o)
 .ARM.attributes
                0x00000aae       0x2c c:/program files (x86)/cypress/psoc creator/4.4/psoc creator/import/gnu/arm/5.4.1/bin/../lib/gcc/arm-none-eabi/5.4.1/../../../../arm-none-eabi/lib/armv6-m\libg_nano.a(lib_a-nano-msizer.o)
 .ARM.attributes
                0x00000ada       0x2c c:/program files (x86)/cypress/psoc creator/4.4/psoc creator/import/gnu/arm/5.4.1/bin/../lib/gcc/arm-none-eabi/5.4.1/../../../../arm-none-eabi/lib/armv6-m\libg_nano.a(lib_a-reent.o)
 .ARM.attributes
                0x00000b06       0x2c c:/program files (x86)/cypress/psoc creator/4.4/psoc creator/import/gnu/arm/5.4.1/bin/../lib/gcc/arm-none-eabi/5.4.1/armv6-m/crtend.o
 .ARM.attributes
                0x00000b32       0x1e c:/program files (x86)/cypress/psoc creator/4.4/psoc creator/import/gnu/arm/5.4.1/bin/../lib/gcc/arm-none-eabi/5.4.1/armv6-m/crtn.o

/DISCARD/
 *(.note.GNU-stack)
OUTPUT(C:\Users\boise\Documents\PSoC Creator\VoltMeter\CarVolt1.cydsn\CortexM0\ARM_GCC_541\Debug\CarVolt1.elf elf32-littlearm)
