ARM GAS  C:\Users\boise\AppData\Local\Temp\ccaXnb0a.s 			page 1


   1              		.syntax unified
   2              		.cpu cortex-m0
   3              		.fpu softvfp
   4              		.eabi_attribute 20, 1
   5              		.eabi_attribute 21, 1
   6              		.eabi_attribute 23, 3
   7              		.eabi_attribute 24, 1
   8              		.eabi_attribute 25, 1
   9              		.eabi_attribute 26, 1
  10              		.eabi_attribute 30, 1
  11              		.eabi_attribute 34, 0
  12              		.eabi_attribute 18, 4
  13              		.thumb
  14              		.syntax unified
  15              		.file	"cyfitter_cfg.c"
  16              		.text
  17              	.Ltext0:
  18              		.cfi_sections	.debug_frame
  19              		.section	.text.CYMEMZERO,"ax",%progbits
  20              		.align	2
  21              		.code	16
  22              		.thumb_func
  23              		.type	CYMEMZERO, %function
  24              	CYMEMZERO:
  25              	.LFB0:
  26              		.file 1 "Generated_Source\\PSoC4\\cyfitter_cfg.c"
   1:Generated_Source\PSoC4/cyfitter_cfg.c **** 
   2:Generated_Source\PSoC4/cyfitter_cfg.c **** /*******************************************************************************
   3:Generated_Source\PSoC4/cyfitter_cfg.c **** * File Name: cyfitter_cfg.c
   4:Generated_Source\PSoC4/cyfitter_cfg.c **** * 
   5:Generated_Source\PSoC4/cyfitter_cfg.c **** * PSoC Creator  4.4
   6:Generated_Source\PSoC4/cyfitter_cfg.c **** *
   7:Generated_Source\PSoC4/cyfitter_cfg.c **** * Description:
   8:Generated_Source\PSoC4/cyfitter_cfg.c **** * This file contains device initialization code.
   9:Generated_Source\PSoC4/cyfitter_cfg.c **** * Except for the user defined sections in CyClockStartupError(), this file should not be modified.
  10:Generated_Source\PSoC4/cyfitter_cfg.c **** * This file is automatically generated by PSoC Creator.
  11:Generated_Source\PSoC4/cyfitter_cfg.c **** *
  12:Generated_Source\PSoC4/cyfitter_cfg.c **** ********************************************************************************
  13:Generated_Source\PSoC4/cyfitter_cfg.c **** * Copyright (c) 2007-2020 Cypress Semiconductor.  All rights reserved.
  14:Generated_Source\PSoC4/cyfitter_cfg.c **** * You may use this file only in accordance with the license, terms, conditions, 
  15:Generated_Source\PSoC4/cyfitter_cfg.c **** * disclaimers, and limitations in the end user license agreement accompanying 
  16:Generated_Source\PSoC4/cyfitter_cfg.c **** * the software package with which this file was provided.
  17:Generated_Source\PSoC4/cyfitter_cfg.c **** ********************************************************************************/
  18:Generated_Source\PSoC4/cyfitter_cfg.c **** 
  19:Generated_Source\PSoC4/cyfitter_cfg.c **** #include <string.h>
  20:Generated_Source\PSoC4/cyfitter_cfg.c **** #include "cytypes.h"
  21:Generated_Source\PSoC4/cyfitter_cfg.c **** #include "cydevice_trm.h"
  22:Generated_Source\PSoC4/cyfitter_cfg.c **** #include "cyfitter.h"
  23:Generated_Source\PSoC4/cyfitter_cfg.c **** #include "CyLib.h"
  24:Generated_Source\PSoC4/cyfitter_cfg.c **** #include "CyLFClk.h"
  25:Generated_Source\PSoC4/cyfitter_cfg.c **** #include "cyfitter_cfg.h"
  26:Generated_Source\PSoC4/cyfitter_cfg.c **** #include "cyapicallbacks.h"
  27:Generated_Source\PSoC4/cyfitter_cfg.c **** 
  28:Generated_Source\PSoC4/cyfitter_cfg.c **** 
  29:Generated_Source\PSoC4/cyfitter_cfg.c **** #if defined(__GNUC__) || defined(__ARMCC_VERSION)
  30:Generated_Source\PSoC4/cyfitter_cfg.c ****     #define CYPACKED 
  31:Generated_Source\PSoC4/cyfitter_cfg.c ****     #define CYPACKED_ATTR __attribute__ ((packed))
ARM GAS  C:\Users\boise\AppData\Local\Temp\ccaXnb0a.s 			page 2


  32:Generated_Source\PSoC4/cyfitter_cfg.c ****     #define CYALIGNED __attribute__ ((aligned))
  33:Generated_Source\PSoC4/cyfitter_cfg.c ****     #define CY_CFG_UNUSED __attribute__ ((unused))
  34:Generated_Source\PSoC4/cyfitter_cfg.c ****     #ifndef CY_CFG_SECTION
  35:Generated_Source\PSoC4/cyfitter_cfg.c ****         #define CY_CFG_SECTION __attribute__ ((section(".psocinit")))
  36:Generated_Source\PSoC4/cyfitter_cfg.c ****     #endif
  37:Generated_Source\PSoC4/cyfitter_cfg.c ****     
  38:Generated_Source\PSoC4/cyfitter_cfg.c ****     #if defined(__ARMCC_VERSION)
  39:Generated_Source\PSoC4/cyfitter_cfg.c ****         #define CY_CFG_MEMORY_BARRIER() __memory_changed()
  40:Generated_Source\PSoC4/cyfitter_cfg.c ****     #else
  41:Generated_Source\PSoC4/cyfitter_cfg.c ****         #define CY_CFG_MEMORY_BARRIER() __sync_synchronize()
  42:Generated_Source\PSoC4/cyfitter_cfg.c ****     #endif
  43:Generated_Source\PSoC4/cyfitter_cfg.c ****     
  44:Generated_Source\PSoC4/cyfitter_cfg.c **** #elif defined(__ICCARM__)
  45:Generated_Source\PSoC4/cyfitter_cfg.c ****     #include <intrinsics.h>
  46:Generated_Source\PSoC4/cyfitter_cfg.c **** 
  47:Generated_Source\PSoC4/cyfitter_cfg.c ****     #define CYPACKED __packed
  48:Generated_Source\PSoC4/cyfitter_cfg.c ****     #define CYPACKED_ATTR 
  49:Generated_Source\PSoC4/cyfitter_cfg.c ****     #define CYALIGNED _Pragma("data_alignment=4")
  50:Generated_Source\PSoC4/cyfitter_cfg.c ****     #define CY_CFG_UNUSED _Pragma("diag_suppress=Pe177")
  51:Generated_Source\PSoC4/cyfitter_cfg.c ****     #define CY_CFG_SECTION _Pragma("location=\".psocinit\"")
  52:Generated_Source\PSoC4/cyfitter_cfg.c ****     
  53:Generated_Source\PSoC4/cyfitter_cfg.c ****     #define CY_CFG_MEMORY_BARRIER() __DMB()
  54:Generated_Source\PSoC4/cyfitter_cfg.c ****     
  55:Generated_Source\PSoC4/cyfitter_cfg.c **** #else
  56:Generated_Source\PSoC4/cyfitter_cfg.c ****     #error Unsupported toolchain
  57:Generated_Source\PSoC4/cyfitter_cfg.c **** #endif
  58:Generated_Source\PSoC4/cyfitter_cfg.c **** 
  59:Generated_Source\PSoC4/cyfitter_cfg.c **** #ifndef CYCODE
  60:Generated_Source\PSoC4/cyfitter_cfg.c ****     #define CYCODE
  61:Generated_Source\PSoC4/cyfitter_cfg.c **** #endif
  62:Generated_Source\PSoC4/cyfitter_cfg.c **** #ifndef CYDATA
  63:Generated_Source\PSoC4/cyfitter_cfg.c ****     #define CYDATA
  64:Generated_Source\PSoC4/cyfitter_cfg.c **** #endif
  65:Generated_Source\PSoC4/cyfitter_cfg.c **** #ifndef CYFAR
  66:Generated_Source\PSoC4/cyfitter_cfg.c ****     #define CYFAR
  67:Generated_Source\PSoC4/cyfitter_cfg.c **** #endif
  68:Generated_Source\PSoC4/cyfitter_cfg.c **** #ifndef CYXDATA
  69:Generated_Source\PSoC4/cyfitter_cfg.c ****     #define CYXDATA
  70:Generated_Source\PSoC4/cyfitter_cfg.c **** #endif
  71:Generated_Source\PSoC4/cyfitter_cfg.c **** 
  72:Generated_Source\PSoC4/cyfitter_cfg.c **** 
  73:Generated_Source\PSoC4/cyfitter_cfg.c **** CY_CFG_UNUSED
  74:Generated_Source\PSoC4/cyfitter_cfg.c **** static void CYMEMZERO(void *s, size_t n);
  75:Generated_Source\PSoC4/cyfitter_cfg.c **** CY_CFG_UNUSED
  76:Generated_Source\PSoC4/cyfitter_cfg.c **** static void CYMEMZERO(void *s, size_t n)
  77:Generated_Source\PSoC4/cyfitter_cfg.c **** {
  27              		.loc 1 77 0
  28              		.cfi_startproc
  29              		@ args = 0, pretend = 0, frame = 0
  30              		@ frame_needed = 0, uses_anonymous_args = 0
  31              	.LVL0:
  32 0000 10B5     		push	{r4, lr}
  33              		.cfi_def_cfa_offset 8
  34              		.cfi_offset 4, -8
  35              		.cfi_offset 14, -4
  36 0002 0A00     		movs	r2, r1
  78:Generated_Source\PSoC4/cyfitter_cfg.c **** 	(void)memset(s, 0, n);
ARM GAS  C:\Users\boise\AppData\Local\Temp\ccaXnb0a.s 			page 3


  37              		.loc 1 78 0
  38 0004 0021     		movs	r1, #0
  39              	.LVL1:
  40 0006 FFF7FEFF 		bl	memset
  41              	.LVL2:
  79:Generated_Source\PSoC4/cyfitter_cfg.c **** }
  42              		.loc 1 79 0
  43              		@ sp needed
  44 000a 10BD     		pop	{r4, pc}
  45              		.cfi_endproc
  46              	.LFE0:
  47              		.size	CYMEMZERO, .-CYMEMZERO
  48              		.section	.psocinit,"ax",%progbits
  49              		.align	2
  50              		.code	16
  51              		.thumb_func
  52              		.type	ClockSetup, %function
  53              	ClockSetup:
  54              	.LFB3:
  80:Generated_Source\PSoC4/cyfitter_cfg.c **** CY_CFG_UNUSED
  81:Generated_Source\PSoC4/cyfitter_cfg.c **** static void CYCONFIGCPY(void *dest, const void *src, size_t n);
  82:Generated_Source\PSoC4/cyfitter_cfg.c **** CY_CFG_UNUSED
  83:Generated_Source\PSoC4/cyfitter_cfg.c **** static void CYCONFIGCPY(void *dest, const void *src, size_t n)
  84:Generated_Source\PSoC4/cyfitter_cfg.c **** {
  85:Generated_Source\PSoC4/cyfitter_cfg.c **** 	(void)memcpy(dest, src, n);
  86:Generated_Source\PSoC4/cyfitter_cfg.c **** }
  87:Generated_Source\PSoC4/cyfitter_cfg.c **** CY_CFG_UNUSED
  88:Generated_Source\PSoC4/cyfitter_cfg.c **** static void CYCONFIGCPYCODE(void *dest, const void *src, size_t n);
  89:Generated_Source\PSoC4/cyfitter_cfg.c **** CY_CFG_UNUSED
  90:Generated_Source\PSoC4/cyfitter_cfg.c **** static void CYCONFIGCPYCODE(void *dest, const void *src, size_t n)
  91:Generated_Source\PSoC4/cyfitter_cfg.c **** {
  92:Generated_Source\PSoC4/cyfitter_cfg.c **** 	(void)memcpy(dest, src, n);
  93:Generated_Source\PSoC4/cyfitter_cfg.c **** }
  94:Generated_Source\PSoC4/cyfitter_cfg.c **** 
  95:Generated_Source\PSoC4/cyfitter_cfg.c **** 
  96:Generated_Source\PSoC4/cyfitter_cfg.c **** 
  97:Generated_Source\PSoC4/cyfitter_cfg.c **** 
  98:Generated_Source\PSoC4/cyfitter_cfg.c **** /* Clock startup error codes                                                   */
  99:Generated_Source\PSoC4/cyfitter_cfg.c **** #define CYCLOCKSTART_NO_ERROR    0u
 100:Generated_Source\PSoC4/cyfitter_cfg.c **** #define CYCLOCKSTART_XTAL_ERROR  1u
 101:Generated_Source\PSoC4/cyfitter_cfg.c **** #define CYCLOCKSTART_32KHZ_ERROR 2u
 102:Generated_Source\PSoC4/cyfitter_cfg.c **** #define CYCLOCKSTART_PLL_ERROR   3u
 103:Generated_Source\PSoC4/cyfitter_cfg.c **** #define CYCLOCKSTART_FLL_ERROR   4u
 104:Generated_Source\PSoC4/cyfitter_cfg.c **** #define CYCLOCKSTART_WCO_ERROR   5u
 105:Generated_Source\PSoC4/cyfitter_cfg.c **** 
 106:Generated_Source\PSoC4/cyfitter_cfg.c **** 
 107:Generated_Source\PSoC4/cyfitter_cfg.c **** #ifdef CY_NEED_CYCLOCKSTARTUPERROR
 108:Generated_Source\PSoC4/cyfitter_cfg.c **** /*******************************************************************************
 109:Generated_Source\PSoC4/cyfitter_cfg.c **** * Function Name: CyClockStartupError
 110:Generated_Source\PSoC4/cyfitter_cfg.c **** ********************************************************************************
 111:Generated_Source\PSoC4/cyfitter_cfg.c **** * Summary:
 112:Generated_Source\PSoC4/cyfitter_cfg.c **** *  If an error is encountered during clock configuration (crystal startup error,
 113:Generated_Source\PSoC4/cyfitter_cfg.c **** *  PLL lock error, etc.), the system will end up here.  Unless reimplemented by
 114:Generated_Source\PSoC4/cyfitter_cfg.c **** *  the customer, this function will stop in an infinite loop.
 115:Generated_Source\PSoC4/cyfitter_cfg.c **** *
 116:Generated_Source\PSoC4/cyfitter_cfg.c **** * Parameters:
 117:Generated_Source\PSoC4/cyfitter_cfg.c **** *   void
ARM GAS  C:\Users\boise\AppData\Local\Temp\ccaXnb0a.s 			page 4


 118:Generated_Source\PSoC4/cyfitter_cfg.c **** *
 119:Generated_Source\PSoC4/cyfitter_cfg.c **** * Return:
 120:Generated_Source\PSoC4/cyfitter_cfg.c **** *   void
 121:Generated_Source\PSoC4/cyfitter_cfg.c **** *
 122:Generated_Source\PSoC4/cyfitter_cfg.c **** *******************************************************************************/
 123:Generated_Source\PSoC4/cyfitter_cfg.c **** CY_CFG_UNUSED
 124:Generated_Source\PSoC4/cyfitter_cfg.c **** static void CyClockStartupError(uint8 errorCode);
 125:Generated_Source\PSoC4/cyfitter_cfg.c **** CY_CFG_UNUSED
 126:Generated_Source\PSoC4/cyfitter_cfg.c **** static void CyClockStartupError(uint8 errorCode)
 127:Generated_Source\PSoC4/cyfitter_cfg.c **** {
 128:Generated_Source\PSoC4/cyfitter_cfg.c ****     /* To remove the compiler warning if errorCode not used.                */
 129:Generated_Source\PSoC4/cyfitter_cfg.c ****     errorCode = errorCode;
 130:Generated_Source\PSoC4/cyfitter_cfg.c **** 
 131:Generated_Source\PSoC4/cyfitter_cfg.c ****     /* If we have a clock startup error (bad MHz crystal, PLL lock, etc.),  */
 132:Generated_Source\PSoC4/cyfitter_cfg.c ****     /* we will end up here to allow the customer to implement something to  */
 133:Generated_Source\PSoC4/cyfitter_cfg.c ****     /* deal with the clock condition.                                       */
 134:Generated_Source\PSoC4/cyfitter_cfg.c **** 
 135:Generated_Source\PSoC4/cyfitter_cfg.c **** #ifdef CY_CFG_CLOCK_STARTUP_ERROR_CALLBACK
 136:Generated_Source\PSoC4/cyfitter_cfg.c ****     CY_CFG_Clock_Startup_ErrorCallback();
 137:Generated_Source\PSoC4/cyfitter_cfg.c **** #else
 138:Generated_Source\PSoC4/cyfitter_cfg.c ****     /*  If not using CY_CFG_CLOCK_STARTUP_ERROR_CALLBACK, place your clock startup code here. */
 139:Generated_Source\PSoC4/cyfitter_cfg.c ****     /* `#START CyClockStartupError` */
 140:Generated_Source\PSoC4/cyfitter_cfg.c **** 
 141:Generated_Source\PSoC4/cyfitter_cfg.c **** 
 142:Generated_Source\PSoC4/cyfitter_cfg.c **** 
 143:Generated_Source\PSoC4/cyfitter_cfg.c ****     /* `#END` */
 144:Generated_Source\PSoC4/cyfitter_cfg.c **** 
 145:Generated_Source\PSoC4/cyfitter_cfg.c ****     while(1) {}
 146:Generated_Source\PSoC4/cyfitter_cfg.c **** #endif /* CY_CFG_CLOCK_STARTUP_ERROR_CALLBACK */
 147:Generated_Source\PSoC4/cyfitter_cfg.c **** }
 148:Generated_Source\PSoC4/cyfitter_cfg.c **** #endif
 149:Generated_Source\PSoC4/cyfitter_cfg.c **** 
 150:Generated_Source\PSoC4/cyfitter_cfg.c **** 
 151:Generated_Source\PSoC4/cyfitter_cfg.c **** 
 152:Generated_Source\PSoC4/cyfitter_cfg.c **** /*******************************************************************************
 153:Generated_Source\PSoC4/cyfitter_cfg.c **** * Function Name: ClockSetup
 154:Generated_Source\PSoC4/cyfitter_cfg.c **** ********************************************************************************
 155:Generated_Source\PSoC4/cyfitter_cfg.c **** *
 156:Generated_Source\PSoC4/cyfitter_cfg.c **** * Summary:
 157:Generated_Source\PSoC4/cyfitter_cfg.c **** *   Performs the initialization of all of the clocks in the device based on the
 158:Generated_Source\PSoC4/cyfitter_cfg.c **** *   settings in the Clock tab of the DWR.  This includes enabling the requested
 159:Generated_Source\PSoC4/cyfitter_cfg.c **** *   clocks and setting the necessary dividers to produce the desired frequency. 
 160:Generated_Source\PSoC4/cyfitter_cfg.c **** *
 161:Generated_Source\PSoC4/cyfitter_cfg.c **** * Parameters:
 162:Generated_Source\PSoC4/cyfitter_cfg.c **** *   void
 163:Generated_Source\PSoC4/cyfitter_cfg.c **** *
 164:Generated_Source\PSoC4/cyfitter_cfg.c **** * Return:
 165:Generated_Source\PSoC4/cyfitter_cfg.c **** *   void
 166:Generated_Source\PSoC4/cyfitter_cfg.c **** *
 167:Generated_Source\PSoC4/cyfitter_cfg.c **** *******************************************************************************/
 168:Generated_Source\PSoC4/cyfitter_cfg.c **** static void ClockSetup(void);
 169:Generated_Source\PSoC4/cyfitter_cfg.c **** CY_CFG_SECTION
 170:Generated_Source\PSoC4/cyfitter_cfg.c **** static void ClockSetup(void)
 171:Generated_Source\PSoC4/cyfitter_cfg.c **** {
  55              		.loc 1 171 0
  56              		.cfi_startproc
  57              		@ args = 0, pretend = 0, frame = 0
ARM GAS  C:\Users\boise\AppData\Local\Temp\ccaXnb0a.s 			page 5


  58              		@ frame_needed = 0, uses_anonymous_args = 0
  59 0000 70B5     		push	{r4, r5, r6, lr}
  60              		.cfi_def_cfa_offset 16
  61              		.cfi_offset 4, -16
  62              		.cfi_offset 5, -12
  63              		.cfi_offset 6, -8
  64              		.cfi_offset 14, -4
 172:Generated_Source\PSoC4/cyfitter_cfg.c **** 	/* Enable HALF_EN before trimming for the flash accelerator. */
 173:Generated_Source\PSoC4/cyfitter_cfg.c **** 	CY_SET_REG32((void CYXDATA *)(CYREG_CLK_SELECT), (CY_GET_REG32((void *)CYREG_CLK_SELECT) | 0x00040
  65              		.loc 1 173 0
  66 0002 164C     		ldr	r4, .L3
  67 0004 2368     		ldr	r3, [r4]
  68 0006 8022     		movs	r2, #128
  69 0008 D202     		lsls	r2, r2, #11
  70 000a 1343     		orrs	r3, r2
  71 000c 2360     		str	r3, [r4]
 174:Generated_Source\PSoC4/cyfitter_cfg.c **** 
 175:Generated_Source\PSoC4/cyfitter_cfg.c **** 	/* Setup and trim IMO based on desired frequency. */
 176:Generated_Source\PSoC4/cyfitter_cfg.c **** 	CySysClkWriteImoFreq(24u);
  72              		.loc 1 176 0
  73 000e 1820     		movs	r0, #24
  74 0010 FFF7FEFF 		bl	CySysClkWriteImoFreq
  75              	.LVL3:
 177:Generated_Source\PSoC4/cyfitter_cfg.c **** 
 178:Generated_Source\PSoC4/cyfitter_cfg.c **** 	/* Disable HALF_EN since it is not required at this IMO frequency. */
 179:Generated_Source\PSoC4/cyfitter_cfg.c **** 	CY_SET_REG32((void CYXDATA *)(CYREG_CLK_SELECT), (CY_GET_REG32((void *)CYREG_CLK_SELECT) & 0xFFFBF
  76              		.loc 1 179 0
  77 0014 2268     		ldr	r2, [r4]
  78 0016 124B     		ldr	r3, .L3+4
  79 0018 1340     		ands	r3, r2
  80 001a 2360     		str	r3, [r4]
 180:Generated_Source\PSoC4/cyfitter_cfg.c **** 	/* CYDEV_CLK_ILO_CONFIG Starting address: CYDEV_CLK_ILO_CONFIG */
 181:Generated_Source\PSoC4/cyfitter_cfg.c **** 	CY_SET_REG32((void *)(CYREG_CLK_ILO_CONFIG), 0x80000006u);
  81              		.loc 1 181 0
  82 001c 114A     		ldr	r2, .L3+8
  83 001e 124B     		ldr	r3, .L3+12
  84 0020 1A60     		str	r2, [r3]
 182:Generated_Source\PSoC4/cyfitter_cfg.c **** 
 183:Generated_Source\PSoC4/cyfitter_cfg.c **** 
 184:Generated_Source\PSoC4/cyfitter_cfg.c **** 	/* CYDEV_CLK_SELECT00 Starting address: CYDEV_CLK_SELECT00 */
 185:Generated_Source\PSoC4/cyfitter_cfg.c **** 	CY_SET_REG32((void *)(CYREG_CLK_SELECT03), 0x00000010u);
  85              		.loc 1 185 0
  86 0022 1022     		movs	r2, #16
  87 0024 114B     		ldr	r3, .L3+16
  88 0026 1A60     		str	r2, [r3]
 186:Generated_Source\PSoC4/cyfitter_cfg.c **** 	CY_SET_REG32((void *)(CYREG_CLK_SELECT07), 0x00000020u);
  89              		.loc 1 186 0
  90 0028 1032     		adds	r2, r2, #16
  91 002a 114B     		ldr	r3, .L3+20
  92 002c 1A60     		str	r2, [r3]
 187:Generated_Source\PSoC4/cyfitter_cfg.c **** 
 188:Generated_Source\PSoC4/cyfitter_cfg.c **** 	/* CYDEV_CLK_IMO_CONFIG Starting address: CYDEV_CLK_IMO_CONFIG */
 189:Generated_Source\PSoC4/cyfitter_cfg.c **** 	CY_SET_REG32((void *)(CYREG_CLK_IMO_CONFIG), 0x82000000u);
  93              		.loc 1 189 0
  94 002e 8222     		movs	r2, #130
  95 0030 1206     		lsls	r2, r2, #24
  96 0032 104B     		ldr	r3, .L3+24
ARM GAS  C:\Users\boise\AppData\Local\Temp\ccaXnb0a.s 			page 6


  97 0034 1A60     		str	r2, [r3]
 190:Generated_Source\PSoC4/cyfitter_cfg.c **** 
 191:Generated_Source\PSoC4/cyfitter_cfg.c **** 	/* CYDEV_CLK_SELECT Starting address: CYDEV_CLK_SELECT */
 192:Generated_Source\PSoC4/cyfitter_cfg.c **** 	CY_SET_REG32((void *)(CYREG_CLK_SELECT), 0x00000000u);
  98              		.loc 1 192 0
  99 0036 0025     		movs	r5, #0
 100 0038 2560     		str	r5, [r4]
 193:Generated_Source\PSoC4/cyfitter_cfg.c **** 
 194:Generated_Source\PSoC4/cyfitter_cfg.c **** 	/* CYDEV_CLK_DIVIDER_A00 Starting address: CYDEV_CLK_DIVIDER_A00 */
 195:Generated_Source\PSoC4/cyfitter_cfg.c **** 	CY_SET_REG32((void *)(CYREG_CLK_DIVIDER_A00), 0x80000002u);
 101              		.loc 1 195 0
 102 003a 0F4A     		ldr	r2, .L3+28
 103 003c 0F4B     		ldr	r3, .L3+32
 104 003e 1A60     		str	r2, [r3]
 196:Generated_Source\PSoC4/cyfitter_cfg.c **** 
 197:Generated_Source\PSoC4/cyfitter_cfg.c **** 	/* CYDEV_CLK_DIVIDER_B00 Starting address: CYDEV_CLK_DIVIDER_B00 */
 198:Generated_Source\PSoC4/cyfitter_cfg.c **** 	CY_SET_REG32((void *)(CYREG_CLK_DIVIDER_B00), 0x80000016u);
 105              		.loc 1 198 0
 106 0040 0F4A     		ldr	r2, .L3+36
 107 0042 104B     		ldr	r3, .L3+40
 108 0044 1A60     		str	r2, [r3]
 199:Generated_Source\PSoC4/cyfitter_cfg.c **** 
 200:Generated_Source\PSoC4/cyfitter_cfg.c **** 	(void)CyIntSetVector(9u, &CySysWdtIsr);
 109              		.loc 1 200 0
 110 0046 1049     		ldr	r1, .L3+44
 111 0048 0920     		movs	r0, #9
 112 004a FFF7FEFF 		bl	CyIntSetVector
 113              	.LVL4:
 201:Generated_Source\PSoC4/cyfitter_cfg.c **** 	CyIntEnable(9u);
 114              		.loc 1 201 0
 115 004e 0920     		movs	r0, #9
 116 0050 FFF7FEFF 		bl	CyIntEnable
 117              	.LVL5:
 202:Generated_Source\PSoC4/cyfitter_cfg.c **** 	CY_SET_REG32((void *)(CYREG_WDT_CONFIG), 0x00000000u);
 118              		.loc 1 202 0
 119 0054 0D4B     		ldr	r3, .L3+48
 120 0056 1D60     		str	r5, [r3]
 203:Generated_Source\PSoC4/cyfitter_cfg.c **** }
 121              		.loc 1 203 0
 122              		@ sp needed
 123 0058 70BD     		pop	{r4, r5, r6, pc}
 124              	.L4:
 125 005a C046     		.align	2
 126              	.L3:
 127 005c 00010B40 		.word	1074462976
 128 0060 FFFFFBFF 		.word	-262145
 129 0064 06000080 		.word	-2147483642
 130 0068 04010B40 		.word	1074462980
 131 006c 0C020240 		.word	1073873420
 132 0070 1C020240 		.word	1073873436
 133 0074 08010B40 		.word	1074462984
 134 0078 02000080 		.word	-2147483646
 135 007c 00000240 		.word	1073872896
 136 0080 16000080 		.word	-2147483626
 137 0084 40000240 		.word	1073872960
 138 0088 00000000 		.word	CySysWdtIsr
 139 008c 0C020B40 		.word	1074463244
ARM GAS  C:\Users\boise\AppData\Local\Temp\ccaXnb0a.s 			page 7


 140              		.cfi_endproc
 141              	.LFE3:
 142              		.size	ClockSetup, .-ClockSetup
 143              		.section	.text.SetAnalogRoutingPumps,"ax",%progbits
 144              		.align	2
 145              		.global	SetAnalogRoutingPumps
 146              		.code	16
 147              		.thumb_func
 148              		.type	SetAnalogRoutingPumps, %function
 149              	SetAnalogRoutingPumps:
 150              	.LFB5:
 204:Generated_Source\PSoC4/cyfitter_cfg.c **** 
 205:Generated_Source\PSoC4/cyfitter_cfg.c **** 
 206:Generated_Source\PSoC4/cyfitter_cfg.c **** /* Analog API Functions */
 207:Generated_Source\PSoC4/cyfitter_cfg.c **** 
 208:Generated_Source\PSoC4/cyfitter_cfg.c **** 
 209:Generated_Source\PSoC4/cyfitter_cfg.c **** /*******************************************************************************
 210:Generated_Source\PSoC4/cyfitter_cfg.c **** * Function Name: AnalogSetDefault
 211:Generated_Source\PSoC4/cyfitter_cfg.c **** ********************************************************************************
 212:Generated_Source\PSoC4/cyfitter_cfg.c **** *
 213:Generated_Source\PSoC4/cyfitter_cfg.c **** * Summary:
 214:Generated_Source\PSoC4/cyfitter_cfg.c **** *  Sets up the analog portions of the chip to default values based on chip
 215:Generated_Source\PSoC4/cyfitter_cfg.c **** *  configuration options from the project.
 216:Generated_Source\PSoC4/cyfitter_cfg.c **** *
 217:Generated_Source\PSoC4/cyfitter_cfg.c **** * Parameters:
 218:Generated_Source\PSoC4/cyfitter_cfg.c **** *  void
 219:Generated_Source\PSoC4/cyfitter_cfg.c **** *
 220:Generated_Source\PSoC4/cyfitter_cfg.c **** * Return:
 221:Generated_Source\PSoC4/cyfitter_cfg.c **** *  void
 222:Generated_Source\PSoC4/cyfitter_cfg.c **** *
 223:Generated_Source\PSoC4/cyfitter_cfg.c **** *******************************************************************************/
 224:Generated_Source\PSoC4/cyfitter_cfg.c **** static void AnalogSetDefault(void);
 225:Generated_Source\PSoC4/cyfitter_cfg.c **** static void AnalogSetDefault(void)
 226:Generated_Source\PSoC4/cyfitter_cfg.c **** {
 227:Generated_Source\PSoC4/cyfitter_cfg.c **** 	CY_SET_XTND_REG32((void CYFAR *)CYREG_SAR_MUX_SWITCH0, 0x0000001Eu);
 228:Generated_Source\PSoC4/cyfitter_cfg.c **** 	CY_SET_XTND_REG32((void CYFAR *)CYREG_SAR_MUX_SWITCH_HW_CTRL, 0x0000001Eu);
 229:Generated_Source\PSoC4/cyfitter_cfg.c **** 	SetAnalogRoutingPumps(1);
 230:Generated_Source\PSoC4/cyfitter_cfg.c **** }
 231:Generated_Source\PSoC4/cyfitter_cfg.c **** 
 232:Generated_Source\PSoC4/cyfitter_cfg.c **** 
 233:Generated_Source\PSoC4/cyfitter_cfg.c **** /*******************************************************************************
 234:Generated_Source\PSoC4/cyfitter_cfg.c **** * Function Name: SetAnalogRoutingPumps
 235:Generated_Source\PSoC4/cyfitter_cfg.c **** ********************************************************************************
 236:Generated_Source\PSoC4/cyfitter_cfg.c **** *
 237:Generated_Source\PSoC4/cyfitter_cfg.c **** * Summary:
 238:Generated_Source\PSoC4/cyfitter_cfg.c **** * Enables or disables the analog pumps feeding analog routing switches.
 239:Generated_Source\PSoC4/cyfitter_cfg.c **** * Intended to be called at startup, based on the Vdda system configuration;
 240:Generated_Source\PSoC4/cyfitter_cfg.c **** * may be called during operation when the user informs us that the Vdda voltage crossed the pump th
 241:Generated_Source\PSoC4/cyfitter_cfg.c **** *
 242:Generated_Source\PSoC4/cyfitter_cfg.c **** * Parameters:
 243:Generated_Source\PSoC4/cyfitter_cfg.c **** *  enabled - 1 to enable the pumps, 0 to disable the pumps
 244:Generated_Source\PSoC4/cyfitter_cfg.c **** *
 245:Generated_Source\PSoC4/cyfitter_cfg.c **** * Return:
 246:Generated_Source\PSoC4/cyfitter_cfg.c **** *  void
 247:Generated_Source\PSoC4/cyfitter_cfg.c **** *
 248:Generated_Source\PSoC4/cyfitter_cfg.c **** *******************************************************************************/
 249:Generated_Source\PSoC4/cyfitter_cfg.c **** void SetAnalogRoutingPumps(uint8 enabled)
ARM GAS  C:\Users\boise\AppData\Local\Temp\ccaXnb0a.s 			page 8


 250:Generated_Source\PSoC4/cyfitter_cfg.c **** {
 151              		.loc 1 250 0
 152              		.cfi_startproc
 153              		@ args = 0, pretend = 0, frame = 0
 154              		@ frame_needed = 0, uses_anonymous_args = 0
 155              		@ link register save eliminated.
 156              	.LVL6:
 251:Generated_Source\PSoC4/cyfitter_cfg.c **** 	uint32 regValue = CY_GET_XTND_REG32((void *)(CYREG_SAR_PUMP_CTRL));
 157              		.loc 1 251 0
 158 0000 064B     		ldr	r3, .L8
 159 0002 1B68     		ldr	r3, [r3]
 160              	.LVL7:
 252:Generated_Source\PSoC4/cyfitter_cfg.c **** 	if (enabled != 0u)
 161              		.loc 1 252 0
 162 0004 0028     		cmp	r0, #0
 163 0006 03D0     		beq	.L6
 253:Generated_Source\PSoC4/cyfitter_cfg.c **** 	{
 254:Generated_Source\PSoC4/cyfitter_cfg.c **** 		regValue |= 0x80000000u;
 164              		.loc 1 254 0
 165 0008 8022     		movs	r2, #128
 166 000a 1206     		lsls	r2, r2, #24
 167 000c 1343     		orrs	r3, r2
 168              	.LVL8:
 169 000e 01E0     		b	.L7
 170              	.L6:
 255:Generated_Source\PSoC4/cyfitter_cfg.c **** 	}
 256:Generated_Source\PSoC4/cyfitter_cfg.c **** 	else
 257:Generated_Source\PSoC4/cyfitter_cfg.c **** 	{
 258:Generated_Source\PSoC4/cyfitter_cfg.c **** 		regValue &= ~0x80000000u;
 171              		.loc 1 258 0
 172 0010 5B00     		lsls	r3, r3, #1
 173              	.LVL9:
 174 0012 5B08     		lsrs	r3, r3, #1
 175              	.LVL10:
 176              	.L7:
 259:Generated_Source\PSoC4/cyfitter_cfg.c **** 	}
 260:Generated_Source\PSoC4/cyfitter_cfg.c **** 	CY_SET_XTND_REG32((void *)(CYREG_SAR_PUMP_CTRL), regValue);
 177              		.loc 1 260 0
 178 0014 014A     		ldr	r2, .L8
 179 0016 1360     		str	r3, [r2]
 261:Generated_Source\PSoC4/cyfitter_cfg.c **** }
 180              		.loc 1 261 0
 181              		@ sp needed
 182 0018 7047     		bx	lr
 183              	.L9:
 184 001a C046     		.align	2
 185              	.L8:
 186 001c 80031A40 		.word	1075446656
 187              		.cfi_endproc
 188              	.LFE5:
 189              		.size	SetAnalogRoutingPumps, .-SetAnalogRoutingPumps
 190              		.section	.text.AnalogSetDefault,"ax",%progbits
 191              		.align	2
 192              		.code	16
 193              		.thumb_func
 194              		.type	AnalogSetDefault, %function
 195              	AnalogSetDefault:
ARM GAS  C:\Users\boise\AppData\Local\Temp\ccaXnb0a.s 			page 9


 196              	.LFB4:
 226:Generated_Source\PSoC4/cyfitter_cfg.c **** 	CY_SET_XTND_REG32((void CYFAR *)CYREG_SAR_MUX_SWITCH0, 0x0000001Eu);
 197              		.loc 1 226 0
 198              		.cfi_startproc
 199              		@ args = 0, pretend = 0, frame = 0
 200              		@ frame_needed = 0, uses_anonymous_args = 0
 201 0000 10B5     		push	{r4, lr}
 202              		.cfi_def_cfa_offset 8
 203              		.cfi_offset 4, -8
 204              		.cfi_offset 14, -4
 227:Generated_Source\PSoC4/cyfitter_cfg.c **** 	CY_SET_XTND_REG32((void CYFAR *)CYREG_SAR_MUX_SWITCH_HW_CTRL, 0x0000001Eu);
 205              		.loc 1 227 0
 206 0002 1E23     		movs	r3, #30
 207 0004 034A     		ldr	r2, .L11
 208 0006 1360     		str	r3, [r2]
 228:Generated_Source\PSoC4/cyfitter_cfg.c **** 	SetAnalogRoutingPumps(1);
 209              		.loc 1 228 0
 210 0008 034A     		ldr	r2, .L11+4
 211 000a 1360     		str	r3, [r2]
 229:Generated_Source\PSoC4/cyfitter_cfg.c **** }
 212              		.loc 1 229 0
 213 000c 0120     		movs	r0, #1
 214 000e FFF7FEFF 		bl	SetAnalogRoutingPumps
 215              	.LVL11:
 230:Generated_Source\PSoC4/cyfitter_cfg.c **** 
 216              		.loc 1 230 0
 217              		@ sp needed
 218 0012 10BD     		pop	{r4, pc}
 219              	.L12:
 220              		.align	2
 221              	.L11:
 222 0014 00031A40 		.word	1075446528
 223 0018 40031A40 		.word	1075446592
 224              		.cfi_endproc
 225              	.LFE4:
 226              		.size	AnalogSetDefault, .-AnalogSetDefault
 227              		.section	.psocinit
 228              		.align	2
 229              		.global	cyfitter_cfg
 230              		.code	16
 231              		.thumb_func
 232              		.type	cyfitter_cfg, %function
 233              	cyfitter_cfg:
 234              	.LFB6:
 262:Generated_Source\PSoC4/cyfitter_cfg.c **** 
 263:Generated_Source\PSoC4/cyfitter_cfg.c **** 
 264:Generated_Source\PSoC4/cyfitter_cfg.c **** 
 265:Generated_Source\PSoC4/cyfitter_cfg.c **** 
 266:Generated_Source\PSoC4/cyfitter_cfg.c **** /*******************************************************************************
 267:Generated_Source\PSoC4/cyfitter_cfg.c **** * Function Name: cyfitter_cfg
 268:Generated_Source\PSoC4/cyfitter_cfg.c **** ********************************************************************************
 269:Generated_Source\PSoC4/cyfitter_cfg.c **** * Summary:
 270:Generated_Source\PSoC4/cyfitter_cfg.c **** *  This function is called by the start-up code for the selected device. It
 271:Generated_Source\PSoC4/cyfitter_cfg.c **** *  performs all of the necessary device configuration based on the design
 272:Generated_Source\PSoC4/cyfitter_cfg.c **** *  settings.  This includes settings from the Design Wide Resources (DWR) such
 273:Generated_Source\PSoC4/cyfitter_cfg.c **** *  as Clocks and Pins as well as any component configuration that is necessary.
 274:Generated_Source\PSoC4/cyfitter_cfg.c **** *
ARM GAS  C:\Users\boise\AppData\Local\Temp\ccaXnb0a.s 			page 10


 275:Generated_Source\PSoC4/cyfitter_cfg.c **** * Parameters:
 276:Generated_Source\PSoC4/cyfitter_cfg.c **** *   void
 277:Generated_Source\PSoC4/cyfitter_cfg.c **** *
 278:Generated_Source\PSoC4/cyfitter_cfg.c **** * Return:
 279:Generated_Source\PSoC4/cyfitter_cfg.c **** *   void
 280:Generated_Source\PSoC4/cyfitter_cfg.c **** *
 281:Generated_Source\PSoC4/cyfitter_cfg.c **** *******************************************************************************/
 282:Generated_Source\PSoC4/cyfitter_cfg.c **** CY_CFG_SECTION
 283:Generated_Source\PSoC4/cyfitter_cfg.c **** void cyfitter_cfg(void)
 284:Generated_Source\PSoC4/cyfitter_cfg.c **** {
 235              		.loc 1 284 0
 236              		.cfi_startproc
 237              		@ args = 0, pretend = 0, frame = 0
 238              		@ frame_needed = 0, uses_anonymous_args = 0
 239 0090 10B5     		push	{r4, lr}
 240              		.cfi_def_cfa_offset 8
 241              		.cfi_offset 4, -8
 242              		.cfi_offset 14, -4
 285:Generated_Source\PSoC4/cyfitter_cfg.c **** 	/* Disable interrupts by default. Let user enable if/when they want. */
 286:Generated_Source\PSoC4/cyfitter_cfg.c **** 	CyGlobalIntDisable;
 243              		.loc 1 286 0
 244              		.syntax divided
 245              	@ 286 "Generated_Source\PSoC4\cyfitter_cfg.c" 1
 246 0092 72B6     		CPSID   i
 247              	@ 0 "" 2
 248              	.LVL12:
 249              		.thumb
 250              		.syntax unified
 251              	.LBB2:
 287:Generated_Source\PSoC4/cyfitter_cfg.c **** 
 288:Generated_Source\PSoC4/cyfitter_cfg.c **** 	{
 289:Generated_Source\PSoC4/cyfitter_cfg.c **** 
 290:Generated_Source\PSoC4/cyfitter_cfg.c **** 		CYPACKED typedef struct {
 291:Generated_Source\PSoC4/cyfitter_cfg.c **** 			void CYFAR *address;
 292:Generated_Source\PSoC4/cyfitter_cfg.c **** 			uint16 size;
 293:Generated_Source\PSoC4/cyfitter_cfg.c **** 		} CYPACKED_ATTR cfg_memset_t;
 294:Generated_Source\PSoC4/cyfitter_cfg.c **** 
 295:Generated_Source\PSoC4/cyfitter_cfg.c **** 		static const cfg_memset_t CYCODE cfg_memset_list[] = {
 296:Generated_Source\PSoC4/cyfitter_cfg.c **** 			/* address, size */
 297:Generated_Source\PSoC4/cyfitter_cfg.c **** 			{(void CYFAR *)(CYDEV_UDB_P0_U0_BASE), 1024u},
 298:Generated_Source\PSoC4/cyfitter_cfg.c **** 			{(void CYFAR *)(CYDEV_UDB_DSI0_BASE), 1024u},
 299:Generated_Source\PSoC4/cyfitter_cfg.c **** 		};
 300:Generated_Source\PSoC4/cyfitter_cfg.c **** 
 301:Generated_Source\PSoC4/cyfitter_cfg.c **** 		uint8 CYDATA i;
 302:Generated_Source\PSoC4/cyfitter_cfg.c **** 
 303:Generated_Source\PSoC4/cyfitter_cfg.c **** 		/* Zero out critical memory blocks before beginning configuration */
 304:Generated_Source\PSoC4/cyfitter_cfg.c **** 		for (i = 0u; i < (sizeof(cfg_memset_list)/sizeof(cfg_memset_list[0])); i++)
 252              		.loc 1 304 0
 253 0094 0024     		movs	r4, #0
 254 0096 0FE0     		b	.L14
 255              	.LVL13:
 256              	.L15:
 257              	.LBB3:
 305:Generated_Source\PSoC4/cyfitter_cfg.c **** 		{
 306:Generated_Source\PSoC4/cyfitter_cfg.c **** 			const cfg_memset_t CYCODE * CYDATA ms = &cfg_memset_list[i];
 307:Generated_Source\PSoC4/cyfitter_cfg.c **** 			CYMEMZERO(ms->address, (size_t)(uint32)(ms->size));
 258              		.loc 1 307 0 discriminator 3
ARM GAS  C:\Users\boise\AppData\Local\Temp\ccaXnb0a.s 			page 11


 259 0098 1B48     		ldr	r0, .L16
 260 009a 6200     		lsls	r2, r4, #1
 261 009c 1319     		adds	r3, r2, r4
 262 009e 5900     		lsls	r1, r3, #1
 263 00a0 0B00     		movs	r3, r1
 264 00a2 4118     		adds	r1, r0, r1
 265 00a4 8988     		ldrh	r1, [r1, #4]
 266 00a6 1A5A     		ldrh	r2, [r3, r0]
 267 00a8 C318     		adds	r3, r0, r3
 268 00aa 5888     		ldrh	r0, [r3, #2]
 269 00ac 0004     		lsls	r0, r0, #16
 270 00ae 1043     		orrs	r0, r2
 271 00b0 FFF7FEFF 		bl	CYMEMZERO
 272              	.LVL14:
 273              	.LBE3:
 304:Generated_Source\PSoC4/cyfitter_cfg.c **** 		{
 274              		.loc 1 304 0 discriminator 3
 275 00b4 0134     		adds	r4, r4, #1
 276              	.LVL15:
 277 00b6 E4B2     		uxtb	r4, r4
 278              	.LVL16:
 279              	.L14:
 304:Generated_Source\PSoC4/cyfitter_cfg.c **** 		{
 280              		.loc 1 304 0 is_stmt 0 discriminator 1
 281 00b8 012C     		cmp	r4, #1
 282 00ba EDD9     		bls	.L15
 308:Generated_Source\PSoC4/cyfitter_cfg.c **** 		}
 309:Generated_Source\PSoC4/cyfitter_cfg.c **** 
 310:Generated_Source\PSoC4/cyfitter_cfg.c **** 		/* HSIOM Starting address: CYDEV_HSIOM_BASE */
 311:Generated_Source\PSoC4/cyfitter_cfg.c **** 		CY_SET_REG32((void *)(CYREG_HSIOM_PORT_SEL3), 0x0000EEEEu);
 283              		.loc 1 311 0 is_stmt 1
 284 00bc 134A     		ldr	r2, .L16+4
 285 00be 144B     		ldr	r3, .L16+8
 286 00c0 1A60     		str	r2, [r3]
 312:Generated_Source\PSoC4/cyfitter_cfg.c **** 
 313:Generated_Source\PSoC4/cyfitter_cfg.c **** 		/* UDB_PA_2 Starting address: CYDEV_UDB_PA2_BASE */
 314:Generated_Source\PSoC4/cyfitter_cfg.c **** 		CY_SET_REG32((void *)(CYDEV_UDB_PA2_BASE), 0x00990000u);
 287              		.loc 1 314 0
 288 00c2 9923     		movs	r3, #153
 289 00c4 1B04     		lsls	r3, r3, #16
 290 00c6 134A     		ldr	r2, .L16+12
 291 00c8 1360     		str	r3, [r2]
 315:Generated_Source\PSoC4/cyfitter_cfg.c **** 
 316:Generated_Source\PSoC4/cyfitter_cfg.c **** 		/* UDB_PA_3 Starting address: CYDEV_UDB_PA3_BASE */
 317:Generated_Source\PSoC4/cyfitter_cfg.c **** 		CY_SET_REG32((void *)(CYDEV_UDB_PA3_BASE), 0x00990000u);
 292              		.loc 1 317 0
 293 00ca 134A     		ldr	r2, .L16+16
 294 00cc 1360     		str	r3, [r2]
 318:Generated_Source\PSoC4/cyfitter_cfg.c **** 
 319:Generated_Source\PSoC4/cyfitter_cfg.c **** 		/* Enable digital routing */
 320:Generated_Source\PSoC4/cyfitter_cfg.c **** 		CY_SET_XTND_REG8((void *)CYREG_UDB_UDBIF_BANK_CTL, (uint8)(CY_GET_XTND_REG8((void *)CYREG_UDB_UDB
 295              		.loc 1 320 0
 296 00ce 134A     		ldr	r2, .L16+20
 297 00d0 1178     		ldrb	r1, [r2]
 298 00d2 0623     		movs	r3, #6
 299 00d4 0B43     		orrs	r3, r1
 300 00d6 DBB2     		uxtb	r3, r3
ARM GAS  C:\Users\boise\AppData\Local\Temp\ccaXnb0a.s 			page 12


 301 00d8 1370     		strb	r3, [r2]
 302              	.LBE2:
 321:Generated_Source\PSoC4/cyfitter_cfg.c **** 	}
 322:Generated_Source\PSoC4/cyfitter_cfg.c **** 
 323:Generated_Source\PSoC4/cyfitter_cfg.c **** 	/* Perform second pass device configuration. These items must be configured in specific order afte
 324:Generated_Source\PSoC4/cyfitter_cfg.c **** 	/* IOPINS0_2 Starting address: CYDEV_PRT2_BASE */
 325:Generated_Source\PSoC4/cyfitter_cfg.c **** 	CY_SET_REG32((void *)(CYDEV_PRT2_BASE), 0x0000001Eu);
 303              		.loc 1 325 0
 304 00da 1E23     		movs	r3, #30
 305 00dc 104A     		ldr	r2, .L16+24
 306 00de 1360     		str	r3, [r2]
 326:Generated_Source\PSoC4/cyfitter_cfg.c **** 	CY_SET_REG32((void *)(CYREG_PRT2_PC2), 0x0000001Eu);
 307              		.loc 1 326 0
 308 00e0 104A     		ldr	r2, .L16+28
 309 00e2 1360     		str	r3, [r2]
 327:Generated_Source\PSoC4/cyfitter_cfg.c **** 
 328:Generated_Source\PSoC4/cyfitter_cfg.c **** 	/* IOPINS0_3 Starting address: CYDEV_PRT3_BASE */
 329:Generated_Source\PSoC4/cyfitter_cfg.c **** 	CY_SET_REG32((void *)(CYDEV_PRT3_BASE), 0x00000003u);
 310              		.loc 1 329 0
 311 00e4 0322     		movs	r2, #3
 312 00e6 104B     		ldr	r3, .L16+32
 313 00e8 1A60     		str	r2, [r3]
 330:Generated_Source\PSoC4/cyfitter_cfg.c **** 	CY_SET_REG32((void *)(CYREG_PRT3_PC), 0x00000DA4u);
 314              		.loc 1 330 0
 315 00ea 104A     		ldr	r2, .L16+36
 316 00ec 104B     		ldr	r3, .L16+40
 317 00ee 1A60     		str	r2, [r3]
 331:Generated_Source\PSoC4/cyfitter_cfg.c **** 
 332:Generated_Source\PSoC4/cyfitter_cfg.c **** 	/* IOPINS0_4 Starting address: CYDEV_PRT4_BASE */
 333:Generated_Source\PSoC4/cyfitter_cfg.c **** 	CY_SET_REG32((void *)(CYDEV_PRT4_BASE), 0x00000002u);
 318              		.loc 1 333 0
 319 00f0 0222     		movs	r2, #2
 320 00f2 104B     		ldr	r3, .L16+44
 321 00f4 1A60     		str	r2, [r3]
 334:Generated_Source\PSoC4/cyfitter_cfg.c **** 	CY_SET_REG32((void *)(CYREG_PRT4_PC), 0x00000030u);
 322              		.loc 1 334 0
 323 00f6 2E32     		adds	r2, r2, #46
 324 00f8 0F4B     		ldr	r3, .L16+48
 325 00fa 1A60     		str	r2, [r3]
 335:Generated_Source\PSoC4/cyfitter_cfg.c **** 
 336:Generated_Source\PSoC4/cyfitter_cfg.c **** 
 337:Generated_Source\PSoC4/cyfitter_cfg.c **** 	/* Setup clocks based on selections from Clock DWR */
 338:Generated_Source\PSoC4/cyfitter_cfg.c **** 	ClockSetup();
 326              		.loc 1 338 0
 327 00fc FFF780FF 		bl	ClockSetup
 328              	.LVL17:
 339:Generated_Source\PSoC4/cyfitter_cfg.c **** 
 340:Generated_Source\PSoC4/cyfitter_cfg.c **** 	/* Perform basic analog initialization to defaults */
 341:Generated_Source\PSoC4/cyfitter_cfg.c **** 	AnalogSetDefault();
 329              		.loc 1 341 0
 330 0100 FFF7FEFF 		bl	AnalogSetDefault
 331              	.LVL18:
 342:Generated_Source\PSoC4/cyfitter_cfg.c **** 
 343:Generated_Source\PSoC4/cyfitter_cfg.c **** }
 332              		.loc 1 343 0
 333              		@ sp needed
 334              	.LVL19:
ARM GAS  C:\Users\boise\AppData\Local\Temp\ccaXnb0a.s 			page 13


 335 0104 10BD     		pop	{r4, pc}
 336              	.L17:
 337 0106 C046     		.align	2
 338              	.L16:
 339 0108 00000000 		.word	.LANCHOR0
 340 010c EEEE0000 		.word	61166
 341 0110 0C000140 		.word	1073807372
 342 0114 20500F40 		.word	1074745376
 343 0118 30500F40 		.word	1074745392
 344 011c 00700F40 		.word	1074753536
 345 0120 00020440 		.word	1074004480
 346 0124 18020440 		.word	1074004504
 347 0128 00030440 		.word	1074004736
 348 012c A40D0000 		.word	3492
 349 0130 08030440 		.word	1074004744
 350 0134 00040440 		.word	1074004992
 351 0138 08040440 		.word	1074005000
 352              		.cfi_endproc
 353              	.LFE6:
 354              		.size	cyfitter_cfg, .-cyfitter_cfg
 355              		.section	.rodata
 356              		.align	2
 357              		.set	.LANCHOR0,. + 0
 358              		.type	cfg_memset_list.4853, %object
 359              		.size	cfg_memset_list.4853, 12
 360              	cfg_memset_list.4853:
 361 0000 00300F40 		.word	1074737152
 362 0004 0004     		.short	1024
 363 0006 00400F40 		.4byte	1074741248
 364 000a 0004     		.short	1024
 365              		.text
 366              	.Letext0:
 367              		.file 2 "c:\\program files (x86)\\cypress\\psoc creator\\4.4\\psoc creator\\import\\gnu\\arm\\5.4.
 368              		.file 3 "Generated_Source\\PSoC4\\cytypes.h"
 369              		.file 4 "Generated_Source\\PSoC4\\CyLib.h"
 370              		.section	.debug_info,"",%progbits
 371              	.Ldebug_info0:
 372 0000 DA020000 		.4byte	0x2da
 373 0004 0400     		.2byte	0x4
 374 0006 00000000 		.4byte	.Ldebug_abbrev0
 375 000a 04       		.byte	0x4
 376 000b 01       		.uleb128 0x1
 377 000c 51010000 		.4byte	.LASF34
 378 0010 0C       		.byte	0xc
 379 0011 50020000 		.4byte	.LASF35
 380 0015 12010000 		.4byte	.LASF36
 381 0019 00000000 		.4byte	.Ldebug_ranges0+0
 382 001d 00000000 		.4byte	0
 383 0021 00000000 		.4byte	.Ldebug_line0
 384 0025 02       		.uleb128 0x2
 385 0026 04       		.byte	0x4
 386 0027 05       		.byte	0x5
 387 0028 696E7400 		.ascii	"int\000"
 388 002c 03       		.uleb128 0x3
 389 002d 06000000 		.4byte	.LASF12
 390 0031 02       		.byte	0x2
 391 0032 D8       		.byte	0xd8
ARM GAS  C:\Users\boise\AppData\Local\Temp\ccaXnb0a.s 			page 14


 392 0033 37000000 		.4byte	0x37
 393 0037 04       		.uleb128 0x4
 394 0038 04       		.byte	0x4
 395 0039 07       		.byte	0x7
 396 003a D9000000 		.4byte	.LASF0
 397 003e 04       		.uleb128 0x4
 398 003f 08       		.byte	0x8
 399 0040 05       		.byte	0x5
 400 0041 F5010000 		.4byte	.LASF1
 401 0045 04       		.uleb128 0x4
 402 0046 08       		.byte	0x8
 403 0047 04       		.byte	0x4
 404 0048 38020000 		.4byte	.LASF2
 405 004c 04       		.uleb128 0x4
 406 004d 01       		.byte	0x1
 407 004e 06       		.byte	0x6
 408 004f 44020000 		.4byte	.LASF3
 409 0053 04       		.uleb128 0x4
 410 0054 01       		.byte	0x1
 411 0055 08       		.byte	0x8
 412 0056 A3000000 		.4byte	.LASF4
 413 005a 04       		.uleb128 0x4
 414 005b 02       		.byte	0x2
 415 005c 05       		.byte	0x5
 416 005d 10020000 		.4byte	.LASF5
 417 0061 04       		.uleb128 0x4
 418 0062 02       		.byte	0x2
 419 0063 07       		.byte	0x7
 420 0064 48000000 		.4byte	.LASF6
 421 0068 04       		.uleb128 0x4
 422 0069 04       		.byte	0x4
 423 006a 05       		.byte	0x5
 424 006b 2F020000 		.4byte	.LASF7
 425 006f 04       		.uleb128 0x4
 426 0070 04       		.byte	0x4
 427 0071 07       		.byte	0x7
 428 0072 6B000000 		.4byte	.LASF8
 429 0076 04       		.uleb128 0x4
 430 0077 08       		.byte	0x8
 431 0078 07       		.byte	0x7
 432 0079 FB000000 		.4byte	.LASF9
 433 007d 04       		.uleb128 0x4
 434 007e 04       		.byte	0x4
 435 007f 07       		.byte	0x7
 436 0080 EC010000 		.4byte	.LASF10
 437 0084 05       		.uleb128 0x5
 438 0085 04       		.byte	0x4
 439 0086 04       		.uleb128 0x4
 440 0087 01       		.byte	0x1
 441 0088 08       		.byte	0x8
 442 0089 03020000 		.4byte	.LASF11
 443 008d 06       		.uleb128 0x6
 444 008e 7D000000 		.4byte	.LASF13
 445 0092 03       		.byte	0x3
 446 0093 FC01     		.2byte	0x1fc
 447 0095 53000000 		.4byte	0x53
 448 0099 06       		.uleb128 0x6
ARM GAS  C:\Users\boise\AppData\Local\Temp\ccaXnb0a.s 			page 15


 449 009a CB000000 		.4byte	.LASF14
 450 009e 03       		.byte	0x3
 451 009f FD01     		.2byte	0x1fd
 452 00a1 61000000 		.4byte	0x61
 453 00a5 06       		.uleb128 0x6
 454 00a6 D2000000 		.4byte	.LASF15
 455 00aa 03       		.byte	0x3
 456 00ab FE01     		.2byte	0x1fe
 457 00ad 6F000000 		.4byte	0x6f
 458 00b1 04       		.uleb128 0x4
 459 00b2 04       		.byte	0x4
 460 00b3 04       		.byte	0x4
 461 00b4 5B000000 		.4byte	.LASF16
 462 00b8 04       		.uleb128 0x4
 463 00b9 08       		.byte	0x8
 464 00ba 04       		.byte	0x4
 465 00bb B8000000 		.4byte	.LASF17
 466 00bf 06       		.uleb128 0x6
 467 00c0 66000000 		.4byte	.LASF18
 468 00c4 03       		.byte	0x3
 469 00c5 A602     		.2byte	0x2a6
 470 00c7 CB000000 		.4byte	0xcb
 471 00cb 07       		.uleb128 0x7
 472 00cc 8D000000 		.4byte	0x8d
 473 00d0 06       		.uleb128 0x6
 474 00d1 00000000 		.4byte	.LASF19
 475 00d5 03       		.byte	0x3
 476 00d6 A802     		.2byte	0x2a8
 477 00d8 DC000000 		.4byte	0xdc
 478 00dc 07       		.uleb128 0x7
 479 00dd A5000000 		.4byte	0xa5
 480 00e1 08       		.uleb128 0x8
 481 00e2 83000000 		.4byte	.LASF20
 482 00e6 01       		.byte	0x1
 483 00e7 4C       		.byte	0x4c
 484 00e8 00000000 		.4byte	.LFB0
 485 00ec 0C000000 		.4byte	.LFE0-.LFB0
 486 00f0 01       		.uleb128 0x1
 487 00f1 9C       		.byte	0x9c
 488 00f2 2E010000 		.4byte	0x12e
 489 00f6 09       		.uleb128 0x9
 490 00f7 7300     		.ascii	"s\000"
 491 00f9 01       		.byte	0x1
 492 00fa 4C       		.byte	0x4c
 493 00fb 84000000 		.4byte	0x84
 494 00ff 00000000 		.4byte	.LLST0
 495 0103 09       		.uleb128 0x9
 496 0104 6E00     		.ascii	"n\000"
 497 0106 01       		.byte	0x1
 498 0107 4C       		.byte	0x4c
 499 0108 2C000000 		.4byte	0x2c
 500 010c 21000000 		.4byte	.LLST1
 501 0110 0A       		.uleb128 0xa
 502 0111 0A000000 		.4byte	.LVL2
 503 0115 B3020000 		.4byte	0x2b3
 504 0119 0B       		.uleb128 0xb
 505 011a 01       		.uleb128 0x1
ARM GAS  C:\Users\boise\AppData\Local\Temp\ccaXnb0a.s 			page 16


 506 011b 50       		.byte	0x50
 507 011c 03       		.uleb128 0x3
 508 011d F3       		.byte	0xf3
 509 011e 01       		.uleb128 0x1
 510 011f 50       		.byte	0x50
 511 0120 0B       		.uleb128 0xb
 512 0121 01       		.uleb128 0x1
 513 0122 51       		.byte	0x51
 514 0123 01       		.uleb128 0x1
 515 0124 30       		.byte	0x30
 516 0125 0B       		.uleb128 0xb
 517 0126 01       		.uleb128 0x1
 518 0127 52       		.byte	0x52
 519 0128 03       		.uleb128 0x3
 520 0129 F3       		.byte	0xf3
 521 012a 01       		.uleb128 0x1
 522 012b 51       		.byte	0x51
 523 012c 00       		.byte	0
 524 012d 00       		.byte	0
 525 012e 08       		.uleb128 0x8
 526 012f 3D000000 		.4byte	.LASF21
 527 0133 01       		.byte	0x1
 528 0134 AA       		.byte	0xaa
 529 0135 00000000 		.4byte	.LFB3
 530 0139 90000000 		.4byte	.LFE3-.LFB3
 531 013d 01       		.uleb128 0x1
 532 013e 9C       		.byte	0x9c
 533 013f 79010000 		.4byte	0x179
 534 0143 0C       		.uleb128 0xc
 535 0144 14000000 		.4byte	.LVL3
 536 0148 BC020000 		.4byte	0x2bc
 537 014c 56010000 		.4byte	0x156
 538 0150 0B       		.uleb128 0xb
 539 0151 01       		.uleb128 0x1
 540 0152 50       		.byte	0x50
 541 0153 01       		.uleb128 0x1
 542 0154 48       		.byte	0x48
 543 0155 00       		.byte	0
 544 0156 0C       		.uleb128 0xc
 545 0157 4E000000 		.4byte	.LVL4
 546 015b C7020000 		.4byte	0x2c7
 547 015f 69010000 		.4byte	0x169
 548 0163 0B       		.uleb128 0xb
 549 0164 01       		.uleb128 0x1
 550 0165 50       		.byte	0x50
 551 0166 01       		.uleb128 0x1
 552 0167 39       		.byte	0x39
 553 0168 00       		.byte	0
 554 0169 0A       		.uleb128 0xa
 555 016a 54000000 		.4byte	.LVL5
 556 016e D2020000 		.4byte	0x2d2
 557 0172 0B       		.uleb128 0xb
 558 0173 01       		.uleb128 0x1
 559 0174 50       		.byte	0x50
 560 0175 01       		.uleb128 0x1
 561 0176 39       		.byte	0x39
 562 0177 00       		.byte	0
ARM GAS  C:\Users\boise\AppData\Local\Temp\ccaXnb0a.s 			page 17


 563 0178 00       		.byte	0
 564 0179 0D       		.uleb128 0xd
 565 017a 8D000000 		.4byte	.LASF24
 566 017e 01       		.byte	0x1
 567 017f F9       		.byte	0xf9
 568 0180 00000000 		.4byte	.LFB5
 569 0184 20000000 		.4byte	.LFE5-.LFB5
 570 0188 01       		.uleb128 0x1
 571 0189 9C       		.byte	0x9c
 572 018a AB010000 		.4byte	0x1ab
 573 018e 0E       		.uleb128 0xe
 574 018f 08020000 		.4byte	.LASF22
 575 0193 01       		.byte	0x1
 576 0194 F9       		.byte	0xf9
 577 0195 8D000000 		.4byte	0x8d
 578 0199 01       		.uleb128 0x1
 579 019a 50       		.byte	0x50
 580 019b 0F       		.uleb128 0xf
 581 019c 76020000 		.4byte	.LASF29
 582 01a0 01       		.byte	0x1
 583 01a1 FB       		.byte	0xfb
 584 01a2 A5000000 		.4byte	0xa5
 585 01a6 4D000000 		.4byte	.LLST2
 586 01aa 00       		.byte	0
 587 01ab 08       		.uleb128 0x8
 588 01ac 0D000000 		.4byte	.LASF23
 589 01b0 01       		.byte	0x1
 590 01b1 E1       		.byte	0xe1
 591 01b2 00000000 		.4byte	.LFB4
 592 01b6 1C000000 		.4byte	.LFE4-.LFB4
 593 01ba 01       		.uleb128 0x1
 594 01bb 9C       		.byte	0x9c
 595 01bc D0010000 		.4byte	0x1d0
 596 01c0 0A       		.uleb128 0xa
 597 01c1 12000000 		.4byte	.LVL11
 598 01c5 79010000 		.4byte	0x179
 599 01c9 0B       		.uleb128 0xb
 600 01ca 01       		.uleb128 0x1
 601 01cb 50       		.byte	0x50
 602 01cc 01       		.uleb128 0x1
 603 01cd 31       		.byte	0x31
 604 01ce 00       		.byte	0
 605 01cf 00       		.byte	0
 606 01d0 10       		.uleb128 0x10
 607 01d1 E6000000 		.4byte	.LASF25
 608 01d5 01       		.byte	0x1
 609 01d6 1B01     		.2byte	0x11b
 610 01d8 90000000 		.4byte	.LFB6
 611 01dc AC000000 		.4byte	.LFE6-.LFB6
 612 01e0 01       		.uleb128 0x1
 613 01e1 9C       		.byte	0x9c
 614 01e2 B3020000 		.4byte	0x2b3
 615 01e6 11       		.uleb128 0x11
 616 01e7 94000000 		.4byte	.LBB2
 617 01eb 46000000 		.4byte	.LBE2-.LBB2
 618 01ef A0020000 		.4byte	0x2a0
 619 01f3 12       		.uleb128 0x12
ARM GAS  C:\Users\boise\AppData\Local\Temp\ccaXnb0a.s 			page 18


 620 01f4 06       		.byte	0x6
 621 01f5 01       		.byte	0x1
 622 01f6 2201     		.2byte	0x122
 623 01f8 17020000 		.4byte	0x217
 624 01fc 13       		.uleb128 0x13
 625 01fd F3000000 		.4byte	.LASF26
 626 0201 01       		.byte	0x1
 627 0202 2301     		.2byte	0x123
 628 0204 84000000 		.4byte	0x84
 629 0208 00       		.byte	0
 630 0209 13       		.uleb128 0x13
 631 020a 61000000 		.4byte	.LASF27
 632 020e 01       		.byte	0x1
 633 020f 2401     		.2byte	0x124
 634 0211 99000000 		.4byte	0x99
 635 0215 04       		.byte	0x4
 636 0216 00       		.byte	0
 637 0217 06       		.uleb128 0x6
 638 0218 DF010000 		.4byte	.LASF28
 639 021c 01       		.byte	0x1
 640 021d 2501     		.2byte	0x125
 641 021f F3010000 		.4byte	0x1f3
 642 0223 14       		.uleb128 0x14
 643 0224 33020000 		.4byte	0x233
 644 0228 33020000 		.4byte	0x233
 645 022c 15       		.uleb128 0x15
 646 022d 7D000000 		.4byte	0x7d
 647 0231 01       		.byte	0x1
 648 0232 00       		.byte	0
 649 0233 16       		.uleb128 0x16
 650 0234 17020000 		.4byte	0x217
 651 0238 17       		.uleb128 0x17
 652 0239 2D000000 		.4byte	.LASF30
 653 023d 01       		.byte	0x1
 654 023e 2701     		.2byte	0x127
 655 0240 4A020000 		.4byte	0x24a
 656 0244 05       		.uleb128 0x5
 657 0245 03       		.byte	0x3
 658 0246 00000000 		.4byte	cfg_memset_list.4853
 659 024a 16       		.uleb128 0x16
 660 024b 23020000 		.4byte	0x223
 661 024f 18       		.uleb128 0x18
 662 0250 6900     		.ascii	"i\000"
 663 0252 01       		.byte	0x1
 664 0253 2D01     		.2byte	0x12d
 665 0255 8D000000 		.4byte	0x8d
 666 0259 6B000000 		.4byte	.LLST3
 667 025d 19       		.uleb128 0x19
 668 025e 98000000 		.4byte	.LBB3
 669 0262 1C000000 		.4byte	.LBE3-.LBB3
 670 0266 18       		.uleb128 0x18
 671 0267 6D7300   		.ascii	"ms\000"
 672 026a 01       		.byte	0x1
 673 026b 3201     		.2byte	0x132
 674 026d 75020000 		.4byte	0x275
 675 0271 95000000 		.4byte	.LLST4
 676 0275 1A       		.uleb128 0x1a
ARM GAS  C:\Users\boise\AppData\Local\Temp\ccaXnb0a.s 			page 19


 677 0276 04       		.byte	0x4
 678 0277 33020000 		.4byte	0x233
 679 027b 0A       		.uleb128 0xa
 680 027c B4000000 		.4byte	.LVL14
 681 0280 E1000000 		.4byte	0xe1
 682 0284 0B       		.uleb128 0xb
 683 0285 01       		.uleb128 0x1
 684 0286 51       		.byte	0x51
 685 0287 15       		.uleb128 0x15
 686 0288 74       		.byte	0x74
 687 0289 00       		.sleb128 0
 688 028a 31       		.byte	0x31
 689 028b 24       		.byte	0x24
 690 028c 74       		.byte	0x74
 691 028d 00       		.sleb128 0
 692 028e 22       		.byte	0x22
 693 028f 31       		.byte	0x31
 694 0290 24       		.byte	0x24
 695 0291 03       		.byte	0x3
 696 0292 04000000 		.4byte	.LANCHOR0+4
 697 0296 22       		.byte	0x22
 698 0297 94       		.byte	0x94
 699 0298 02       		.byte	0x2
 700 0299 0A       		.byte	0xa
 701 029a FFFF     		.2byte	0xffff
 702 029c 1A       		.byte	0x1a
 703 029d 00       		.byte	0
 704 029e 00       		.byte	0
 705 029f 00       		.byte	0
 706 02a0 1B       		.uleb128 0x1b
 707 02a1 00010000 		.4byte	.LVL17
 708 02a5 2E010000 		.4byte	0x12e
 709 02a9 1B       		.uleb128 0x1b
 710 02aa 04010000 		.4byte	.LVL18
 711 02ae AB010000 		.4byte	0x1ab
 712 02b2 00       		.byte	0
 713 02b3 1C       		.uleb128 0x1c
 714 02b4 B1000000 		.4byte	.LASF37
 715 02b8 B1000000 		.4byte	.LASF37
 716 02bc 1D       		.uleb128 0x1d
 717 02bd 1A020000 		.4byte	.LASF31
 718 02c1 1A020000 		.4byte	.LASF31
 719 02c5 04       		.byte	0x4
 720 02c6 6C       		.byte	0x6c
 721 02c7 1D       		.uleb128 0x1d
 722 02c8 1E000000 		.4byte	.LASF32
 723 02cc 1E000000 		.4byte	.LASF32
 724 02d0 04       		.byte	0x4
 725 02d1 D0       		.byte	0xd0
 726 02d2 1D       		.uleb128 0x1d
 727 02d3 BF000000 		.4byte	.LASF33
 728 02d7 BF000000 		.4byte	.LASF33
 729 02db 04       		.byte	0x4
 730 02dc D6       		.byte	0xd6
 731 02dd 00       		.byte	0
 732              		.section	.debug_abbrev,"",%progbits
 733              	.Ldebug_abbrev0:
ARM GAS  C:\Users\boise\AppData\Local\Temp\ccaXnb0a.s 			page 20


 734 0000 01       		.uleb128 0x1
 735 0001 11       		.uleb128 0x11
 736 0002 01       		.byte	0x1
 737 0003 25       		.uleb128 0x25
 738 0004 0E       		.uleb128 0xe
 739 0005 13       		.uleb128 0x13
 740 0006 0B       		.uleb128 0xb
 741 0007 03       		.uleb128 0x3
 742 0008 0E       		.uleb128 0xe
 743 0009 1B       		.uleb128 0x1b
 744 000a 0E       		.uleb128 0xe
 745 000b 55       		.uleb128 0x55
 746 000c 17       		.uleb128 0x17
 747 000d 11       		.uleb128 0x11
 748 000e 01       		.uleb128 0x1
 749 000f 10       		.uleb128 0x10
 750 0010 17       		.uleb128 0x17
 751 0011 00       		.byte	0
 752 0012 00       		.byte	0
 753 0013 02       		.uleb128 0x2
 754 0014 24       		.uleb128 0x24
 755 0015 00       		.byte	0
 756 0016 0B       		.uleb128 0xb
 757 0017 0B       		.uleb128 0xb
 758 0018 3E       		.uleb128 0x3e
 759 0019 0B       		.uleb128 0xb
 760 001a 03       		.uleb128 0x3
 761 001b 08       		.uleb128 0x8
 762 001c 00       		.byte	0
 763 001d 00       		.byte	0
 764 001e 03       		.uleb128 0x3
 765 001f 16       		.uleb128 0x16
 766 0020 00       		.byte	0
 767 0021 03       		.uleb128 0x3
 768 0022 0E       		.uleb128 0xe
 769 0023 3A       		.uleb128 0x3a
 770 0024 0B       		.uleb128 0xb
 771 0025 3B       		.uleb128 0x3b
 772 0026 0B       		.uleb128 0xb
 773 0027 49       		.uleb128 0x49
 774 0028 13       		.uleb128 0x13
 775 0029 00       		.byte	0
 776 002a 00       		.byte	0
 777 002b 04       		.uleb128 0x4
 778 002c 24       		.uleb128 0x24
 779 002d 00       		.byte	0
 780 002e 0B       		.uleb128 0xb
 781 002f 0B       		.uleb128 0xb
 782 0030 3E       		.uleb128 0x3e
 783 0031 0B       		.uleb128 0xb
 784 0032 03       		.uleb128 0x3
 785 0033 0E       		.uleb128 0xe
 786 0034 00       		.byte	0
 787 0035 00       		.byte	0
 788 0036 05       		.uleb128 0x5
 789 0037 0F       		.uleb128 0xf
 790 0038 00       		.byte	0
ARM GAS  C:\Users\boise\AppData\Local\Temp\ccaXnb0a.s 			page 21


 791 0039 0B       		.uleb128 0xb
 792 003a 0B       		.uleb128 0xb
 793 003b 00       		.byte	0
 794 003c 00       		.byte	0
 795 003d 06       		.uleb128 0x6
 796 003e 16       		.uleb128 0x16
 797 003f 00       		.byte	0
 798 0040 03       		.uleb128 0x3
 799 0041 0E       		.uleb128 0xe
 800 0042 3A       		.uleb128 0x3a
 801 0043 0B       		.uleb128 0xb
 802 0044 3B       		.uleb128 0x3b
 803 0045 05       		.uleb128 0x5
 804 0046 49       		.uleb128 0x49
 805 0047 13       		.uleb128 0x13
 806 0048 00       		.byte	0
 807 0049 00       		.byte	0
 808 004a 07       		.uleb128 0x7
 809 004b 35       		.uleb128 0x35
 810 004c 00       		.byte	0
 811 004d 49       		.uleb128 0x49
 812 004e 13       		.uleb128 0x13
 813 004f 00       		.byte	0
 814 0050 00       		.byte	0
 815 0051 08       		.uleb128 0x8
 816 0052 2E       		.uleb128 0x2e
 817 0053 01       		.byte	0x1
 818 0054 03       		.uleb128 0x3
 819 0055 0E       		.uleb128 0xe
 820 0056 3A       		.uleb128 0x3a
 821 0057 0B       		.uleb128 0xb
 822 0058 3B       		.uleb128 0x3b
 823 0059 0B       		.uleb128 0xb
 824 005a 27       		.uleb128 0x27
 825 005b 19       		.uleb128 0x19
 826 005c 11       		.uleb128 0x11
 827 005d 01       		.uleb128 0x1
 828 005e 12       		.uleb128 0x12
 829 005f 06       		.uleb128 0x6
 830 0060 40       		.uleb128 0x40
 831 0061 18       		.uleb128 0x18
 832 0062 9742     		.uleb128 0x2117
 833 0064 19       		.uleb128 0x19
 834 0065 01       		.uleb128 0x1
 835 0066 13       		.uleb128 0x13
 836 0067 00       		.byte	0
 837 0068 00       		.byte	0
 838 0069 09       		.uleb128 0x9
 839 006a 05       		.uleb128 0x5
 840 006b 00       		.byte	0
 841 006c 03       		.uleb128 0x3
 842 006d 08       		.uleb128 0x8
 843 006e 3A       		.uleb128 0x3a
 844 006f 0B       		.uleb128 0xb
 845 0070 3B       		.uleb128 0x3b
 846 0071 0B       		.uleb128 0xb
 847 0072 49       		.uleb128 0x49
ARM GAS  C:\Users\boise\AppData\Local\Temp\ccaXnb0a.s 			page 22


 848 0073 13       		.uleb128 0x13
 849 0074 02       		.uleb128 0x2
 850 0075 17       		.uleb128 0x17
 851 0076 00       		.byte	0
 852 0077 00       		.byte	0
 853 0078 0A       		.uleb128 0xa
 854 0079 898201   		.uleb128 0x4109
 855 007c 01       		.byte	0x1
 856 007d 11       		.uleb128 0x11
 857 007e 01       		.uleb128 0x1
 858 007f 31       		.uleb128 0x31
 859 0080 13       		.uleb128 0x13
 860 0081 00       		.byte	0
 861 0082 00       		.byte	0
 862 0083 0B       		.uleb128 0xb
 863 0084 8A8201   		.uleb128 0x410a
 864 0087 00       		.byte	0
 865 0088 02       		.uleb128 0x2
 866 0089 18       		.uleb128 0x18
 867 008a 9142     		.uleb128 0x2111
 868 008c 18       		.uleb128 0x18
 869 008d 00       		.byte	0
 870 008e 00       		.byte	0
 871 008f 0C       		.uleb128 0xc
 872 0090 898201   		.uleb128 0x4109
 873 0093 01       		.byte	0x1
 874 0094 11       		.uleb128 0x11
 875 0095 01       		.uleb128 0x1
 876 0096 31       		.uleb128 0x31
 877 0097 13       		.uleb128 0x13
 878 0098 01       		.uleb128 0x1
 879 0099 13       		.uleb128 0x13
 880 009a 00       		.byte	0
 881 009b 00       		.byte	0
 882 009c 0D       		.uleb128 0xd
 883 009d 2E       		.uleb128 0x2e
 884 009e 01       		.byte	0x1
 885 009f 3F       		.uleb128 0x3f
 886 00a0 19       		.uleb128 0x19
 887 00a1 03       		.uleb128 0x3
 888 00a2 0E       		.uleb128 0xe
 889 00a3 3A       		.uleb128 0x3a
 890 00a4 0B       		.uleb128 0xb
 891 00a5 3B       		.uleb128 0x3b
 892 00a6 0B       		.uleb128 0xb
 893 00a7 27       		.uleb128 0x27
 894 00a8 19       		.uleb128 0x19
 895 00a9 11       		.uleb128 0x11
 896 00aa 01       		.uleb128 0x1
 897 00ab 12       		.uleb128 0x12
 898 00ac 06       		.uleb128 0x6
 899 00ad 40       		.uleb128 0x40
 900 00ae 18       		.uleb128 0x18
 901 00af 9742     		.uleb128 0x2117
 902 00b1 19       		.uleb128 0x19
 903 00b2 01       		.uleb128 0x1
 904 00b3 13       		.uleb128 0x13
ARM GAS  C:\Users\boise\AppData\Local\Temp\ccaXnb0a.s 			page 23


 905 00b4 00       		.byte	0
 906 00b5 00       		.byte	0
 907 00b6 0E       		.uleb128 0xe
 908 00b7 05       		.uleb128 0x5
 909 00b8 00       		.byte	0
 910 00b9 03       		.uleb128 0x3
 911 00ba 0E       		.uleb128 0xe
 912 00bb 3A       		.uleb128 0x3a
 913 00bc 0B       		.uleb128 0xb
 914 00bd 3B       		.uleb128 0x3b
 915 00be 0B       		.uleb128 0xb
 916 00bf 49       		.uleb128 0x49
 917 00c0 13       		.uleb128 0x13
 918 00c1 02       		.uleb128 0x2
 919 00c2 18       		.uleb128 0x18
 920 00c3 00       		.byte	0
 921 00c4 00       		.byte	0
 922 00c5 0F       		.uleb128 0xf
 923 00c6 34       		.uleb128 0x34
 924 00c7 00       		.byte	0
 925 00c8 03       		.uleb128 0x3
 926 00c9 0E       		.uleb128 0xe
 927 00ca 3A       		.uleb128 0x3a
 928 00cb 0B       		.uleb128 0xb
 929 00cc 3B       		.uleb128 0x3b
 930 00cd 0B       		.uleb128 0xb
 931 00ce 49       		.uleb128 0x49
 932 00cf 13       		.uleb128 0x13
 933 00d0 02       		.uleb128 0x2
 934 00d1 17       		.uleb128 0x17
 935 00d2 00       		.byte	0
 936 00d3 00       		.byte	0
 937 00d4 10       		.uleb128 0x10
 938 00d5 2E       		.uleb128 0x2e
 939 00d6 01       		.byte	0x1
 940 00d7 3F       		.uleb128 0x3f
 941 00d8 19       		.uleb128 0x19
 942 00d9 03       		.uleb128 0x3
 943 00da 0E       		.uleb128 0xe
 944 00db 3A       		.uleb128 0x3a
 945 00dc 0B       		.uleb128 0xb
 946 00dd 3B       		.uleb128 0x3b
 947 00de 05       		.uleb128 0x5
 948 00df 27       		.uleb128 0x27
 949 00e0 19       		.uleb128 0x19
 950 00e1 11       		.uleb128 0x11
 951 00e2 01       		.uleb128 0x1
 952 00e3 12       		.uleb128 0x12
 953 00e4 06       		.uleb128 0x6
 954 00e5 40       		.uleb128 0x40
 955 00e6 18       		.uleb128 0x18
 956 00e7 9742     		.uleb128 0x2117
 957 00e9 19       		.uleb128 0x19
 958 00ea 01       		.uleb128 0x1
 959 00eb 13       		.uleb128 0x13
 960 00ec 00       		.byte	0
 961 00ed 00       		.byte	0
ARM GAS  C:\Users\boise\AppData\Local\Temp\ccaXnb0a.s 			page 24


 962 00ee 11       		.uleb128 0x11
 963 00ef 0B       		.uleb128 0xb
 964 00f0 01       		.byte	0x1
 965 00f1 11       		.uleb128 0x11
 966 00f2 01       		.uleb128 0x1
 967 00f3 12       		.uleb128 0x12
 968 00f4 06       		.uleb128 0x6
 969 00f5 01       		.uleb128 0x1
 970 00f6 13       		.uleb128 0x13
 971 00f7 00       		.byte	0
 972 00f8 00       		.byte	0
 973 00f9 12       		.uleb128 0x12
 974 00fa 13       		.uleb128 0x13
 975 00fb 01       		.byte	0x1
 976 00fc 0B       		.uleb128 0xb
 977 00fd 0B       		.uleb128 0xb
 978 00fe 3A       		.uleb128 0x3a
 979 00ff 0B       		.uleb128 0xb
 980 0100 3B       		.uleb128 0x3b
 981 0101 05       		.uleb128 0x5
 982 0102 01       		.uleb128 0x1
 983 0103 13       		.uleb128 0x13
 984 0104 00       		.byte	0
 985 0105 00       		.byte	0
 986 0106 13       		.uleb128 0x13
 987 0107 0D       		.uleb128 0xd
 988 0108 00       		.byte	0
 989 0109 03       		.uleb128 0x3
 990 010a 0E       		.uleb128 0xe
 991 010b 3A       		.uleb128 0x3a
 992 010c 0B       		.uleb128 0xb
 993 010d 3B       		.uleb128 0x3b
 994 010e 05       		.uleb128 0x5
 995 010f 49       		.uleb128 0x49
 996 0110 13       		.uleb128 0x13
 997 0111 38       		.uleb128 0x38
 998 0112 0B       		.uleb128 0xb
 999 0113 00       		.byte	0
 1000 0114 00       		.byte	0
 1001 0115 14       		.uleb128 0x14
 1002 0116 01       		.uleb128 0x1
 1003 0117 01       		.byte	0x1
 1004 0118 49       		.uleb128 0x49
 1005 0119 13       		.uleb128 0x13
 1006 011a 01       		.uleb128 0x1
 1007 011b 13       		.uleb128 0x13
 1008 011c 00       		.byte	0
 1009 011d 00       		.byte	0
 1010 011e 15       		.uleb128 0x15
 1011 011f 21       		.uleb128 0x21
 1012 0120 00       		.byte	0
 1013 0121 49       		.uleb128 0x49
 1014 0122 13       		.uleb128 0x13
 1015 0123 2F       		.uleb128 0x2f
 1016 0124 0B       		.uleb128 0xb
 1017 0125 00       		.byte	0
 1018 0126 00       		.byte	0
ARM GAS  C:\Users\boise\AppData\Local\Temp\ccaXnb0a.s 			page 25


 1019 0127 16       		.uleb128 0x16
 1020 0128 26       		.uleb128 0x26
 1021 0129 00       		.byte	0
 1022 012a 49       		.uleb128 0x49
 1023 012b 13       		.uleb128 0x13
 1024 012c 00       		.byte	0
 1025 012d 00       		.byte	0
 1026 012e 17       		.uleb128 0x17
 1027 012f 34       		.uleb128 0x34
 1028 0130 00       		.byte	0
 1029 0131 03       		.uleb128 0x3
 1030 0132 0E       		.uleb128 0xe
 1031 0133 3A       		.uleb128 0x3a
 1032 0134 0B       		.uleb128 0xb
 1033 0135 3B       		.uleb128 0x3b
 1034 0136 05       		.uleb128 0x5
 1035 0137 49       		.uleb128 0x49
 1036 0138 13       		.uleb128 0x13
 1037 0139 02       		.uleb128 0x2
 1038 013a 18       		.uleb128 0x18
 1039 013b 00       		.byte	0
 1040 013c 00       		.byte	0
 1041 013d 18       		.uleb128 0x18
 1042 013e 34       		.uleb128 0x34
 1043 013f 00       		.byte	0
 1044 0140 03       		.uleb128 0x3
 1045 0141 08       		.uleb128 0x8
 1046 0142 3A       		.uleb128 0x3a
 1047 0143 0B       		.uleb128 0xb
 1048 0144 3B       		.uleb128 0x3b
 1049 0145 05       		.uleb128 0x5
 1050 0146 49       		.uleb128 0x49
 1051 0147 13       		.uleb128 0x13
 1052 0148 02       		.uleb128 0x2
 1053 0149 17       		.uleb128 0x17
 1054 014a 00       		.byte	0
 1055 014b 00       		.byte	0
 1056 014c 19       		.uleb128 0x19
 1057 014d 0B       		.uleb128 0xb
 1058 014e 01       		.byte	0x1
 1059 014f 11       		.uleb128 0x11
 1060 0150 01       		.uleb128 0x1
 1061 0151 12       		.uleb128 0x12
 1062 0152 06       		.uleb128 0x6
 1063 0153 00       		.byte	0
 1064 0154 00       		.byte	0
 1065 0155 1A       		.uleb128 0x1a
 1066 0156 0F       		.uleb128 0xf
 1067 0157 00       		.byte	0
 1068 0158 0B       		.uleb128 0xb
 1069 0159 0B       		.uleb128 0xb
 1070 015a 49       		.uleb128 0x49
 1071 015b 13       		.uleb128 0x13
 1072 015c 00       		.byte	0
 1073 015d 00       		.byte	0
 1074 015e 1B       		.uleb128 0x1b
 1075 015f 898201   		.uleb128 0x4109
ARM GAS  C:\Users\boise\AppData\Local\Temp\ccaXnb0a.s 			page 26


 1076 0162 00       		.byte	0
 1077 0163 11       		.uleb128 0x11
 1078 0164 01       		.uleb128 0x1
 1079 0165 31       		.uleb128 0x31
 1080 0166 13       		.uleb128 0x13
 1081 0167 00       		.byte	0
 1082 0168 00       		.byte	0
 1083 0169 1C       		.uleb128 0x1c
 1084 016a 2E       		.uleb128 0x2e
 1085 016b 00       		.byte	0
 1086 016c 3F       		.uleb128 0x3f
 1087 016d 19       		.uleb128 0x19
 1088 016e 3C       		.uleb128 0x3c
 1089 016f 19       		.uleb128 0x19
 1090 0170 6E       		.uleb128 0x6e
 1091 0171 0E       		.uleb128 0xe
 1092 0172 03       		.uleb128 0x3
 1093 0173 0E       		.uleb128 0xe
 1094 0174 00       		.byte	0
 1095 0175 00       		.byte	0
 1096 0176 1D       		.uleb128 0x1d
 1097 0177 2E       		.uleb128 0x2e
 1098 0178 00       		.byte	0
 1099 0179 3F       		.uleb128 0x3f
 1100 017a 19       		.uleb128 0x19
 1101 017b 3C       		.uleb128 0x3c
 1102 017c 19       		.uleb128 0x19
 1103 017d 6E       		.uleb128 0x6e
 1104 017e 0E       		.uleb128 0xe
 1105 017f 03       		.uleb128 0x3
 1106 0180 0E       		.uleb128 0xe
 1107 0181 3A       		.uleb128 0x3a
 1108 0182 0B       		.uleb128 0xb
 1109 0183 3B       		.uleb128 0x3b
 1110 0184 0B       		.uleb128 0xb
 1111 0185 00       		.byte	0
 1112 0186 00       		.byte	0
 1113 0187 00       		.byte	0
 1114              		.section	.debug_loc,"",%progbits
 1115              	.Ldebug_loc0:
 1116              	.LLST0:
 1117 0000 00000000 		.4byte	.LVL0
 1118 0004 09000000 		.4byte	.LVL2-1
 1119 0008 0100     		.2byte	0x1
 1120 000a 50       		.byte	0x50
 1121 000b 09000000 		.4byte	.LVL2-1
 1122 000f 0C000000 		.4byte	.LFE0
 1123 0013 0400     		.2byte	0x4
 1124 0015 F3       		.byte	0xf3
 1125 0016 01       		.uleb128 0x1
 1126 0017 50       		.byte	0x50
 1127 0018 9F       		.byte	0x9f
 1128 0019 00000000 		.4byte	0
 1129 001d 00000000 		.4byte	0
 1130              	.LLST1:
 1131 0021 00000000 		.4byte	.LVL0
 1132 0025 06000000 		.4byte	.LVL1
ARM GAS  C:\Users\boise\AppData\Local\Temp\ccaXnb0a.s 			page 27


 1133 0029 0100     		.2byte	0x1
 1134 002b 51       		.byte	0x51
 1135 002c 06000000 		.4byte	.LVL1
 1136 0030 09000000 		.4byte	.LVL2-1
 1137 0034 0100     		.2byte	0x1
 1138 0036 52       		.byte	0x52
 1139 0037 09000000 		.4byte	.LVL2-1
 1140 003b 0C000000 		.4byte	.LFE0
 1141 003f 0400     		.2byte	0x4
 1142 0041 F3       		.byte	0xf3
 1143 0042 01       		.uleb128 0x1
 1144 0043 51       		.byte	0x51
 1145 0044 9F       		.byte	0x9f
 1146 0045 00000000 		.4byte	0
 1147 0049 00000000 		.4byte	0
 1148              	.LLST2:
 1149 004d 04000000 		.4byte	.LVL7
 1150 0051 12000000 		.4byte	.LVL9
 1151 0055 0100     		.2byte	0x1
 1152 0057 53       		.byte	0x53
 1153 0058 14000000 		.4byte	.LVL10
 1154 005c 20000000 		.4byte	.LFE5
 1155 0060 0100     		.2byte	0x1
 1156 0062 53       		.byte	0x53
 1157 0063 00000000 		.4byte	0
 1158 0067 00000000 		.4byte	0
 1159              	.LLST3:
 1160 006b 94000000 		.4byte	.LVL12
 1161 006f 98000000 		.4byte	.LVL13
 1162 0073 0200     		.2byte	0x2
 1163 0075 30       		.byte	0x30
 1164 0076 9F       		.byte	0x9f
 1165 0077 98000000 		.4byte	.LVL13
 1166 007b B6000000 		.4byte	.LVL15
 1167 007f 0100     		.2byte	0x1
 1168 0081 54       		.byte	0x54
 1169 0082 B8000000 		.4byte	.LVL16
 1170 0086 04010000 		.4byte	.LVL19
 1171 008a 0100     		.2byte	0x1
 1172 008c 54       		.byte	0x54
 1173 008d 00000000 		.4byte	0
 1174 0091 00000000 		.4byte	0
 1175              	.LLST4:
 1176 0095 98000000 		.4byte	.LVL13
 1177 0099 B6000000 		.4byte	.LVL15
 1178 009d 0B00     		.2byte	0xb
 1179 009f 74       		.byte	0x74
 1180 00a0 00       		.sleb128 0
 1181 00a1 36       		.byte	0x36
 1182 00a2 1E       		.byte	0x1e
 1183 00a3 03       		.byte	0x3
 1184 00a4 00000000 		.4byte	cfg_memset_list.4853
 1185 00a8 22       		.byte	0x22
 1186 00a9 9F       		.byte	0x9f
 1187 00aa B6000000 		.4byte	.LVL15
 1188 00ae B8000000 		.4byte	.LVL16
 1189 00b2 0B00     		.2byte	0xb
ARM GAS  C:\Users\boise\AppData\Local\Temp\ccaXnb0a.s 			page 28


 1190 00b4 74       		.byte	0x74
 1191 00b5 7F       		.sleb128 -1
 1192 00b6 36       		.byte	0x36
 1193 00b7 1E       		.byte	0x1e
 1194 00b8 03       		.byte	0x3
 1195 00b9 00000000 		.4byte	cfg_memset_list.4853
 1196 00bd 22       		.byte	0x22
 1197 00be 9F       		.byte	0x9f
 1198 00bf 00000000 		.4byte	0
 1199 00c3 00000000 		.4byte	0
 1200              		.section	.debug_aranges,"",%progbits
 1201 0000 3C000000 		.4byte	0x3c
 1202 0004 0200     		.2byte	0x2
 1203 0006 00000000 		.4byte	.Ldebug_info0
 1204 000a 04       		.byte	0x4
 1205 000b 00       		.byte	0
 1206 000c 0000     		.2byte	0
 1207 000e 0000     		.2byte	0
 1208 0010 00000000 		.4byte	.LFB0
 1209 0014 0C000000 		.4byte	.LFE0-.LFB0
 1210 0018 00000000 		.4byte	.LFB3
 1211 001c 90000000 		.4byte	.LFE3-.LFB3
 1212 0020 00000000 		.4byte	.LFB5
 1213 0024 20000000 		.4byte	.LFE5-.LFB5
 1214 0028 00000000 		.4byte	.LFB4
 1215 002c 1C000000 		.4byte	.LFE4-.LFB4
 1216 0030 90000000 		.4byte	.LFB6
 1217 0034 AC000000 		.4byte	.LFE6-.LFB6
 1218 0038 00000000 		.4byte	0
 1219 003c 00000000 		.4byte	0
 1220              		.section	.debug_ranges,"",%progbits
 1221              	.Ldebug_ranges0:
 1222 0000 00000000 		.4byte	.LFB0
 1223 0004 0C000000 		.4byte	.LFE0
 1224 0008 00000000 		.4byte	.LFB3
 1225 000c 90000000 		.4byte	.LFE3
 1226 0010 00000000 		.4byte	.LFB5
 1227 0014 20000000 		.4byte	.LFE5
 1228 0018 00000000 		.4byte	.LFB4
 1229 001c 1C000000 		.4byte	.LFE4
 1230 0020 90000000 		.4byte	.LFB6
 1231 0024 3C010000 		.4byte	.LFE6
 1232 0028 00000000 		.4byte	0
 1233 002c 00000000 		.4byte	0
 1234              		.section	.debug_line,"",%progbits
 1235              	.Ldebug_line0:
 1236 0000 5D010000 		.section	.debug_str,"MS",%progbits,1
 1236      0200D600 
 1236      00000201 
 1236      FB0E0D00 
 1236      01010101 
 1237              	.LASF19:
 1238 0000 72656733 		.ascii	"reg32\000"
 1238      3200
 1239              	.LASF12:
 1240 0006 73697A65 		.ascii	"size_t\000"
 1240      5F7400
ARM GAS  C:\Users\boise\AppData\Local\Temp\ccaXnb0a.s 			page 29


 1241              	.LASF23:
 1242 000d 416E616C 		.ascii	"AnalogSetDefault\000"
 1242      6F675365 
 1242      74446566 
 1242      61756C74 
 1242      00
 1243              	.LASF32:
 1244 001e 4379496E 		.ascii	"CyIntSetVector\000"
 1244      74536574 
 1244      56656374 
 1244      6F7200
 1245              	.LASF30:
 1246 002d 6366675F 		.ascii	"cfg_memset_list\000"
 1246      6D656D73 
 1246      65745F6C 
 1246      69737400 
 1247              	.LASF21:
 1248 003d 436C6F63 		.ascii	"ClockSetup\000"
 1248      6B536574 
 1248      757000
 1249              	.LASF6:
 1250 0048 73686F72 		.ascii	"short unsigned int\000"
 1250      7420756E 
 1250      7369676E 
 1250      65642069 
 1250      6E7400
 1251              	.LASF16:
 1252 005b 666C6F61 		.ascii	"float\000"
 1252      7400
 1253              	.LASF27:
 1254 0061 73697A65 		.ascii	"size\000"
 1254      00
 1255              	.LASF18:
 1256 0066 72656738 		.ascii	"reg8\000"
 1256      00
 1257              	.LASF8:
 1258 006b 6C6F6E67 		.ascii	"long unsigned int\000"
 1258      20756E73 
 1258      69676E65 
 1258      6420696E 
 1258      7400
 1259              	.LASF13:
 1260 007d 75696E74 		.ascii	"uint8\000"
 1260      3800
 1261              	.LASF20:
 1262 0083 43594D45 		.ascii	"CYMEMZERO\000"
 1262      4D5A4552 
 1262      4F00
 1263              	.LASF24:
 1264 008d 53657441 		.ascii	"SetAnalogRoutingPumps\000"
 1264      6E616C6F 
 1264      67526F75 
 1264      74696E67 
 1264      50756D70 
 1265              	.LASF4:
 1266 00a3 756E7369 		.ascii	"unsigned char\000"
 1266      676E6564 
ARM GAS  C:\Users\boise\AppData\Local\Temp\ccaXnb0a.s 			page 30


 1266      20636861 
 1266      7200
 1267              	.LASF37:
 1268 00b1 6D656D73 		.ascii	"memset\000"
 1268      657400
 1269              	.LASF17:
 1270 00b8 646F7562 		.ascii	"double\000"
 1270      6C6500
 1271              	.LASF33:
 1272 00bf 4379496E 		.ascii	"CyIntEnable\000"
 1272      74456E61 
 1272      626C6500 
 1273              	.LASF14:
 1274 00cb 75696E74 		.ascii	"uint16\000"
 1274      313600
 1275              	.LASF15:
 1276 00d2 75696E74 		.ascii	"uint32\000"
 1276      333200
 1277              	.LASF0:
 1278 00d9 756E7369 		.ascii	"unsigned int\000"
 1278      676E6564 
 1278      20696E74 
 1278      00
 1279              	.LASF25:
 1280 00e6 63796669 		.ascii	"cyfitter_cfg\000"
 1280      74746572 
 1280      5F636667 
 1280      00
 1281              	.LASF26:
 1282 00f3 61646472 		.ascii	"address\000"
 1282      65737300 
 1283              	.LASF9:
 1284 00fb 6C6F6E67 		.ascii	"long long unsigned int\000"
 1284      206C6F6E 
 1284      6720756E 
 1284      7369676E 
 1284      65642069 
 1285              	.LASF36:
 1286 0112 433A5C55 		.ascii	"C:\\Users\\boise\\Documents\\PSoC Creator\\VoltMete"
 1286      73657273 
 1286      5C626F69 
 1286      73655C44 
 1286      6F63756D 
 1287 0140 725C4361 		.ascii	"r\\CarVolt1.cydsn\000"
 1287      72566F6C 
 1287      74312E63 
 1287      7964736E 
 1287      00
 1288              	.LASF34:
 1289 0151 474E5520 		.ascii	"GNU C11 5.4.1 20160609 (release) [ARM/embedded-5-br"
 1289      43313120 
 1289      352E342E 
 1289      31203230 
 1289      31363036 
 1290 0184 616E6368 		.ascii	"anch revision 237715] -mcpu=cortex-m0 -mthumb -g -O"
 1290      20726576 
 1290      6973696F 
ARM GAS  C:\Users\boise\AppData\Local\Temp\ccaXnb0a.s 			page 31


 1290      6E203233 
 1290      37373135 
 1291 01b7 67202D66 		.ascii	"g -ffunction-sections -ffat-lto-objects\000"
 1291      66756E63 
 1291      74696F6E 
 1291      2D736563 
 1291      74696F6E 
 1292              	.LASF28:
 1293 01df 6366675F 		.ascii	"cfg_memset_t\000"
 1293      6D656D73 
 1293      65745F74 
 1293      00
 1294              	.LASF10:
 1295 01ec 73697A65 		.ascii	"sizetype\000"
 1295      74797065 
 1295      00
 1296              	.LASF1:
 1297 01f5 6C6F6E67 		.ascii	"long long int\000"
 1297      206C6F6E 
 1297      6720696E 
 1297      7400
 1298              	.LASF11:
 1299 0203 63686172 		.ascii	"char\000"
 1299      00
 1300              	.LASF22:
 1301 0208 656E6162 		.ascii	"enabled\000"
 1301      6C656400 
 1302              	.LASF5:
 1303 0210 73686F72 		.ascii	"short int\000"
 1303      7420696E 
 1303      7400
 1304              	.LASF31:
 1305 021a 43795379 		.ascii	"CySysClkWriteImoFreq\000"
 1305      73436C6B 
 1305      57726974 
 1305      65496D6F 
 1305      46726571 
 1306              	.LASF7:
 1307 022f 6C6F6E67 		.ascii	"long int\000"
 1307      20696E74 
 1307      00
 1308              	.LASF2:
 1309 0238 6C6F6E67 		.ascii	"long double\000"
 1309      20646F75 
 1309      626C6500 
 1310              	.LASF3:
 1311 0244 7369676E 		.ascii	"signed char\000"
 1311      65642063 
 1311      68617200 
 1312              	.LASF35:
 1313 0250 47656E65 		.ascii	"Generated_Source\\PSoC4\\cyfitter_cfg.c\000"
 1313      72617465 
 1313      645F536F 
 1313      75726365 
 1313      5C50536F 
 1314              	.LASF29:
 1315 0276 72656756 		.ascii	"regValue\000"
ARM GAS  C:\Users\boise\AppData\Local\Temp\ccaXnb0a.s 			page 32


 1315      616C7565 
 1315      00
 1316              		.ident	"GCC: (GNU Tools for ARM Embedded Processors) 5.4.1 20160609 (release) [ARM/embedded-5-bran
